2026-05-06 11:56:38,560 [INFO] Activator:176 - 


2026-05-06 11:56:38,564 [INFO] Activator:177 - !SESSION log4j initialized
2026-05-06 11:56:43,957 [INFO] LogOutputStream:77 - [STDOUT_REDIRECT] 
2026-05-06 11:56:44,774 [INFO] ApplicationProperties:184 - Using Application install path: /opt/st/stm32cubeide_1.18.1/plugins/com.st.stm32cube.common.mx_6.14.1.202504091515
2026-05-06 11:56:44,791 [INFO] DbMcusXml:78 - Set database path to: /opt/st/stm32cubeide_1.18.1/plugins/com.st.stm32cube.common.mx_6.14.1.202504091515//db//mcu/
2026-05-06 11:56:44,792 [INFO] ApiDb:274 - Set plugin database path to: /opt/st/stm32cubeide_1.18.1/plugins/com.st.stm32cube.common.mx_6.14.1.202504091515//db//plugins/boardmanager/
2026-05-06 11:56:44,792 [WARN] ApiDb:259 - Overriding images path with different value:  => /opt/st/stm32cubeide_1.18.1/plugins/com.st.stm32cube.common.mx_6.14.1.202504091515//db//plugins/mcufinder/images/
2026-05-06 11:56:44,800 [INFO] ApiDb:250 - Set database path to: /home/vatcraft/.stmcufinder/plugins/mcufinder//mcu/
2026-05-06 11:56:44,801 [INFO] DbMcusAds:125 - Set database path to: /home/vatcraft/.stmcufinder/plugins/mcufinder//mcu/
2026-05-06 11:56:44,803 [INFO] CrossReferenceDbSqlite:203 - Set database path to: /home/vatcraft/.stmcufinder/plugins/mcufinder//mcu/cs/
2026-05-06 11:56:44,931 [INFO] RulesReader:64 - Compatibility file has been processed (302 Rules)
2026-05-06 11:56:45,005 [INFO] DbMcusXml:78 - Set database path to: /opt/st/stm32cubeide_1.18.1/plugins/com.st.stm32cube.common.mx_6.14.1.202504091515//db//mcu/
2026-05-06 11:56:45,005 [INFO] ApiDb:274 - Set plugin database path to: /opt/st/stm32cubeide_1.18.1/plugins/com.st.stm32cube.common.mx_6.14.1.202504091515//db//plugins/boardmanager/
2026-05-06 11:56:45,006 [INFO] ApiDb:261 - Set plugin images path to: /opt/st/stm32cubeide_1.18.1/plugins/com.st.stm32cube.common.mx_6.14.1.202504091515//db//plugins/mcufinder/images/
2026-05-06 11:56:45,006 [WARN] DbFile:41 - Overriding database path with different value: /home/vatcraft/.stmcufinder/plugins/mcufinder/ => /home/vatcraft/.stmcufinder/plugins/mcufinder
2026-05-06 11:56:45,006 [INFO] ApiDb:250 - Set database path to: /home/vatcraft/.stmcufinder/plugins/mcufinder//mcu/
2026-05-06 11:56:45,006 [WARN] DbFile:41 - Overriding database path with different value: /home/vatcraft/.stmcufinder/plugins/mcufinder/ => /home/vatcraft/.stmcufinder/plugins/mcufinder
2026-05-06 11:56:45,006 [INFO] DbMcusAds:125 - Set database path to: /home/vatcraft/.stmcufinder/plugins/mcufinder//mcu/
2026-05-06 11:56:45,006 [WARN] DbFile:41 - Overriding database path with different value: /home/vatcraft/.stmcufinder/plugins/mcufinder/ => /home/vatcraft/.stmcufinder/plugins/mcufinder
2026-05-06 11:56:45,006 [WARN] DbFile:41 - Overriding database path with different value: /home/vatcraft/.stmcufinder/plugins/mcufinder/ => /home/vatcraft/.stmcufinder/plugins/mcufinder
2026-05-06 11:56:45,006 [INFO] CrossReferenceDbSqlite:203 - Set database path to: /home/vatcraft/.stmcufinder/plugins/mcufinder//mcu/cs/
2026-05-06 11:56:45,081 [INFO] MainPanel:272 - HeapMemory: 268435456
2026-05-06 11:56:45,225 [INFO] DbMcusXml:78 - Set database path to: /opt/st/stm32cubeide_1.18.1/plugins/com.st.stm32cube.common.mx_6.14.1.202504091515//db//mcu/
2026-05-06 11:56:45,225 [INFO] ApiDb:274 - Set plugin database path to: /opt/st/stm32cubeide_1.18.1/plugins/com.st.stm32cube.common.mx_6.14.1.202504091515//db//plugins/boardmanager/
2026-05-06 11:56:45,225 [INFO] ApiDb:261 - Set plugin images path to: /opt/st/stm32cubeide_1.18.1/plugins/com.st.stm32cube.common.mx_6.14.1.202504091515//db//plugins/mcufinder/images/
2026-05-06 11:56:45,225 [WARN] DbFile:41 - Overriding database path with different value: /home/vatcraft/.stmcufinder/plugins/mcufinder/ => /home/vatcraft/.stmcufinder/plugins/mcufinder
2026-05-06 11:56:45,225 [INFO] ApiDb:250 - Set database path to: /home/vatcraft/.stmcufinder/plugins/mcufinder//mcu/
2026-05-06 11:56:45,225 [WARN] DbFile:41 - Overriding database path with different value: /home/vatcraft/.stmcufinder/plugins/mcufinder/ => /home/vatcraft/.stmcufinder/plugins/mcufinder
2026-05-06 11:56:45,226 [INFO] DbMcusAds:125 - Set database path to: /home/vatcraft/.stmcufinder/plugins/mcufinder//mcu/
2026-05-06 11:56:45,226 [WARN] DbFile:41 - Overriding database path with different value: /home/vatcraft/.stmcufinder/plugins/mcufinder/ => /home/vatcraft/.stmcufinder/plugins/mcufinder
2026-05-06 11:56:45,226 [WARN] DbFile:41 - Overriding database path with different value: /home/vatcraft/.stmcufinder/plugins/mcufinder/ => /home/vatcraft/.stmcufinder/plugins/mcufinder
2026-05-06 11:56:45,226 [INFO] CrossReferenceDbSqlite:203 - Set database path to: /home/vatcraft/.stmcufinder/plugins/mcufinder//mcu/cs/
2026-05-06 11:56:45,243 [INFO] ApplicationProperties:184 - Using Application install path: /opt/st/stm32cubeide_1.18.1/plugins/com.st.stm32cube.common.mx_6.14.1.202504091515
2026-05-06 11:56:45,245 [INFO] PluginManage:196 - Search for loadable plugins [exclusion list=, ]
2026-05-06 11:56:45,246 [INFO] PluginManage:310 - Check plugin analytics
2026-05-06 11:56:45,422 [INFO] AnalyticsPlugin:253 - Accepted Software Licenses: 
2026-05-06 11:56:45,422 [INFO] AnalyticsPlugin:255 - Accepted CMSIS Pack Licenses: 
2026-05-06 11:56:45,423 [INFO] AnalyticsPlugin:257 - Accepted Firmware Licenses: FW.F4.1.28.0,FW.L4.1.18.0
2026-05-06 11:56:45,426 [INFO] PluginManage:359 - Loaded plugin analytics (category:tool,tabindex:-1)
2026-05-06 11:56:45,427 [INFO] PluginManage:310 - Check plugin cadmodel
2026-05-06 11:56:45,432 [INFO] CADModel:105 - Init CAD model plugin
2026-05-06 11:56:45,432 [INFO] PluginManage:359 - Loaded plugin cadmodel (category:power,tabindex:5)
2026-05-06 11:56:45,432 [INFO] PluginManage:310 - Check plugin clock
2026-05-06 11:56:45,443 [INFO] PluginManage:359 - Loaded plugin clock (category:base,tabindex:2)
2026-05-06 11:56:45,443 [INFO] PluginManage:310 - Check plugin ddr
2026-05-06 11:56:45,446 [INFO] PluginManage:359 - Loaded plugin ddr (category:tool,tabindex:6)
2026-05-06 11:56:45,446 [INFO] PluginManage:310 - Check plugin filemanager
2026-05-06 11:56:45,607 [INFO] PluginManage:359 - Loaded plugin filemanager (category:base,tabindex:10)
2026-05-06 11:56:45,607 [INFO] PluginManage:310 - Check plugin ipmanager
2026-05-06 11:56:45,613 [INFO] PluginManage:359 - Loaded plugin ipmanager (category:base,tabindex:5)
2026-05-06 11:56:45,613 [INFO] PluginManage:310 - Check plugin lpbam
2026-05-06 11:56:45,624 [INFO] PluginManage:359 - Loaded plugin lpbam (category:base,tabindex:0)
2026-05-06 11:56:45,624 [INFO] PluginManage:310 - Check plugin memorymap
2026-05-06 11:56:45,639 [INFO] PluginManage:359 - Loaded plugin memorymap (category:base,tabindex:4)
2026-05-06 11:56:45,640 [INFO] PluginManage:310 - Check plugin pinoutandconfiguration
2026-05-06 11:56:45,650 [INFO] PluginManage:359 - Loaded plugin pinoutandconfiguration (category:base,tabindex:1)
2026-05-06 11:56:45,651 [INFO] PluginManage:310 - Check plugin pinoutconfig
2026-05-06 11:56:45,741 [WARN] SupportedApi:132 - Cannot load RTOS API schema: s4s-elt-must-match.1: The content of 'definitions' must match (annotation?, (simpleType | complexType)?, (unique | key | keyref)*)). A problem was found starting at: attribute.
2026-05-06 11:56:45,889 [INFO] PluginManage:359 - Loaded plugin pinoutconfig (category:base,tabindex:0)
2026-05-06 11:56:45,889 [INFO] PluginManage:310 - Check plugin power
2026-05-06 11:56:45,900 [INFO] PluginManage:359 - Loaded plugin power (category:power,tabindex:4)
2026-05-06 11:56:45,900 [INFO] PluginManage:310 - Check plugin projectmanager
2026-05-06 11:56:45,919 [INFO] PluginManage:359 - Loaded plugin projectmanager (category:projectmanager,tabindex:4)
2026-05-06 11:56:45,919 [INFO] PluginManage:310 - Check plugin rif
2026-05-06 11:56:45,927 [INFO] PluginManage:359 - Loaded plugin rif (category:base,tabindex:3)
2026-05-06 11:56:45,928 [INFO] PluginManage:310 - Check plugin thirdparty
2026-05-06 11:56:46,090 [WARN] IntegrityCheckThread:84 - waiting for thirdparty lock release [integrity check]
2026-05-06 11:56:46,091 [INFO] IntegrityCheckThread:86 - entering critical section [integrity check]
2026-05-06 11:56:46,091 [INFO] PluginManage:359 - Loaded plugin thirdparty (category:base,tabindex:-1)
2026-05-06 11:56:46,091 [INFO] ThirdPartyUpdaterWithRetryManager:70 - Updater plugin not ready yet. [1/15]
2026-05-06 11:56:46,091 [INFO] PluginManage:310 - Check plugin tools
2026-05-06 11:56:46,094 [INFO] PluginManage:359 - Loaded plugin tools (category:base,tabindex:7)
2026-05-06 11:56:46,094 [INFO] PluginManage:310 - Check plugin tutovideos
2026-05-06 11:56:46,345 [INFO] PluginManage:359 - Loaded plugin tutovideos (category:base,tabindex:-1)
2026-05-06 11:56:46,346 [INFO] PluginManage:310 - Check plugin updater
2026-05-06 11:56:46,378 [INFO] PluginManage:359 - Loaded plugin updater (category:base,tabindex:12)
2026-05-06 11:56:46,378 [INFO] PluginManage:310 - Check plugin userauth
2026-05-06 11:56:46,385 [INFO] UserAuth:118 - Init User Auth plugin
2026-05-06 11:56:46,386 [INFO] PluginManage:359 - Loaded plugin userauth (category:base,tabindex:14)
2026-05-06 11:56:46,387 [INFO] PluginManage:283 - PluginManage : Loaded plugins [18]
2026-05-06 11:56:46,769 [INFO] PinOutPanel:1589 - setPackage(No Configuration,No Configuration)
2026-05-06 11:56:46,881 [INFO] CADModel:165 - CPN selected for project level
2026-05-06 11:56:46,881 [INFO] CADModel:114 - Register for checkConnection events
2026-05-06 11:56:46,899 [INFO] IPUIPlugin:80 - create IPUIPlugin
2026-05-06 11:56:46,899 [INFO] PluginManager:220 - loadIPPluginJar : add openamp
2026-05-06 11:56:46,905 [INFO] IPUIPlugin:80 - create IPUIPlugin
2026-05-06 11:56:46,906 [INFO] PluginManager:220 - loadIPPluginJar : add pdm2pcm
2026-05-06 11:56:46,910 [INFO] IPUIPlugin:80 - create IPUIPlugin
2026-05-06 11:56:46,911 [INFO] PluginManager:220 - loadIPPluginJar : add touchsensing
2026-05-06 11:56:46,919 [INFO] IPUIPlugin:80 - create IPUIPlugin
2026-05-06 11:56:46,922 [INFO] PluginManager:220 - loadIPPluginJar : add plateformsettings
2026-05-06 11:56:46,927 [INFO] IPUIPlugin:80 - create IPUIPlugin
2026-05-06 11:56:46,927 [INFO] PluginManager:220 - loadIPPluginJar : add resmgrutility
2026-05-06 11:56:46,934 [INFO] IPUIPlugin:80 - create IPUIPlugin
2026-05-06 11:56:46,934 [INFO] PluginManager:220 - loadIPPluginJar : add gic
2026-05-06 11:56:46,937 [INFO] IPUIPlugin:80 - create IPUIPlugin
2026-05-06 11:56:46,937 [INFO] PluginManager:220 - loadIPPluginJar : add genericplugin
2026-05-06 11:56:46,940 [INFO] IPUIPlugin:80 - create IPUIPlugin
2026-05-06 11:56:46,940 [INFO] PluginManager:220 - loadIPPluginJar : add tracer_emb
2026-05-06 11:56:46,944 [INFO] IPUIPlugin:80 - create IPUIPlugin
2026-05-06 11:56:46,945 [INFO] PluginManager:220 - loadIPPluginJar : add extmemmanager
2026-05-06 11:56:46,949 [INFO] IPUIPlugin:80 - create IPUIPlugin
2026-05-06 11:56:46,949 [INFO] PluginManager:220 - loadIPPluginJar : add spi
2026-05-06 11:56:46,958 [INFO] IPUIPlugin:80 - create IPUIPlugin
2026-05-06 11:56:46,959 [INFO] PluginManager:220 - loadIPPluginJar : add linkedlist
2026-05-06 11:56:46,961 [INFO] IPUIPlugin:80 - create IPUIPlugin
2026-05-06 11:56:46,961 [INFO] PluginManager:220 - loadIPPluginJar : add ucpd
2026-05-06 11:56:46,965 [INFO] IPUIPlugin:80 - create IPUIPlugin
2026-05-06 11:56:46,965 [INFO] PluginManager:220 - loadIPPluginJar : add i3c
2026-05-06 11:56:46,968 [INFO] IPUIPlugin:80 - create IPUIPlugin
2026-05-06 11:56:46,968 [INFO] PluginManager:220 - loadIPPluginJar : add hash
2026-05-06 11:56:46,973 [INFO] IPUIPlugin:80 - create IPUIPlugin
2026-05-06 11:56:46,973 [INFO] PluginManager:220 - loadIPPluginJar : add nvic
2026-05-06 11:56:46,977 [INFO] IPUIPlugin:80 - create IPUIPlugin
2026-05-06 11:56:46,977 [INFO] PluginManager:220 - loadIPPluginJar : add usbx
2026-05-06 11:56:46,980 [INFO] IPUIPlugin:80 - create IPUIPlugin
2026-05-06 11:56:46,981 [INFO] PluginManager:220 - loadIPPluginJar : add cryp
2026-05-06 11:56:46,983 [INFO] IPUIPlugin:80 - create IPUIPlugin
2026-05-06 11:56:46,983 [INFO] PluginManager:220 - loadIPPluginJar : add quadspi
2026-05-06 11:56:46,985 [INFO] IPUIPlugin:80 - create IPUIPlugin
2026-05-06 11:56:46,986 [INFO] PluginManager:220 - loadIPPluginJar : add ts
2026-05-06 11:56:46,989 [INFO] IPUIPlugin:80 - create IPUIPlugin
2026-05-06 11:56:46,989 [INFO] PluginManager:220 - loadIPPluginJar : add i2c
2026-05-06 11:56:46,993 [INFO] IPUIPlugin:80 - create IPUIPlugin
2026-05-06 11:56:46,993 [INFO] PluginManager:220 - loadIPPluginJar : add ipddr
2026-05-06 11:56:46,996 [INFO] IPUIPlugin:80 - create IPUIPlugin
2026-05-06 11:56:46,997 [INFO] PluginManager:220 - loadIPPluginJar : add aes
2026-05-06 11:56:47,000 [INFO] IPUIPlugin:80 - create IPUIPlugin
2026-05-06 11:56:47,001 [INFO] PluginManager:220 - loadIPPluginJar : add sai
2026-05-06 11:56:47,004 [INFO] IPUIPlugin:80 - create IPUIPlugin
2026-05-06 11:56:47,004 [INFO] PluginManager:220 - loadIPPluginJar : add dma3
2026-05-06 11:56:47,007 [INFO] IPUIPlugin:80 - create IPUIPlugin
2026-05-06 11:56:47,007 [INFO] PluginManager:220 - loadIPPluginJar : add lorawan
2026-05-06 11:56:47,010 [INFO] IPUIPlugin:80 - create IPUIPlugin
2026-05-06 11:56:47,010 [INFO] PluginManager:220 - loadIPPluginJar : add dfsdm
2026-05-06 11:56:47,014 [INFO] IPUIPlugin:80 - create IPUIPlugin
2026-05-06 11:56:47,014 [INFO] PluginManager:220 - loadIPPluginJar : add gtzc
2026-05-06 11:56:47,017 [INFO] IPUIPlugin:80 - create IPUIPlugin
2026-05-06 11:56:47,017 [INFO] PluginManager:220 - loadIPPluginJar : add can
2026-05-06 11:56:47,024 [INFO] IPUIPlugin:80 - create IPUIPlugin
2026-05-06 11:56:47,025 [INFO] PluginManager:220 - loadIPPluginJar : add freertos
2026-05-06 11:56:47,028 [INFO] IPUIPlugin:80 - create IPUIPlugin
2026-05-06 11:56:47,028 [INFO] PluginManager:220 - loadIPPluginJar : add usart
2026-05-06 11:56:47,033 [INFO] IPUIPlugin:80 - create IPUIPlugin
2026-05-06 11:56:47,033 [INFO] PluginManager:220 - loadIPPluginJar : add fmc
2026-05-06 11:56:47,040 [INFO] IPUIPlugin:80 - create IPUIPlugin
2026-05-06 11:56:47,040 [INFO] PluginManager:220 - loadIPPluginJar : add gpio
2026-05-06 11:56:47,043 [INFO] IPUIPlugin:80 - create IPUIPlugin
2026-05-06 11:56:47,043 [INFO] PluginManager:220 - loadIPPluginJar : add i2s
2026-05-06 11:56:47,050 [INFO] IPUIPlugin:80 - create IPUIPlugin
2026-05-06 11:56:47,050 [INFO] PluginManager:220 - loadIPPluginJar : add mdma
2026-05-06 11:56:47,052 [INFO] IPUIPlugin:80 - create IPUIPlugin
2026-05-06 11:56:47,052 [INFO] PluginManager:220 - loadIPPluginJar : add ltdc
2026-05-06 11:56:47,055 [INFO] IPUIPlugin:80 - create IPUIPlugin
2026-05-06 11:56:47,056 [INFO] PluginManager:220 - loadIPPluginJar : add opamp
2026-05-06 11:56:47,063 [INFO] IPUIPlugin:80 - create IPUIPlugin
2026-05-06 11:56:47,063 [INFO] PluginManager:220 - loadIPPluginJar : add adc
2026-05-06 11:56:47,066 [INFO] IPUIPlugin:80 - create IPUIPlugin
2026-05-06 11:56:47,066 [INFO] PluginManager:220 - loadIPPluginJar : add ddr_ctrl_phy
2026-05-06 11:56:47,074 [INFO] IPUIPlugin:80 - create IPUIPlugin
2026-05-06 11:56:47,074 [INFO] PluginManager:220 - loadIPPluginJar : add stm32_wpan
2026-05-06 11:56:47,080 [INFO] IPUIPlugin:80 - create IPUIPlugin
2026-05-06 11:56:47,081 [INFO] PluginManager:220 - loadIPPluginJar : add dma
2026-05-06 11:56:47,082 [INFO] IPUIPlugin:80 - create IPUIPlugin
2026-05-06 11:56:47,082 [INFO] PluginManager:220 - loadIPPluginJar : add tsc
2026-05-06 11:56:47,084 [INFO] IPUIPlugin:80 - create IPUIPlugin
2026-05-06 11:56:47,084 [INFO] PluginManager:220 - loadIPPluginJar : add comp
2026-05-06 11:56:47,085 [INFO] IPUIPlugin:80 - create IPUIPlugin
2026-05-06 11:56:47,086 [INFO] PluginManager:220 - loadIPPluginJar : add fatfs
2026-05-06 11:56:47,088 [INFO] IPUIPlugin:80 - create IPUIPlugin
2026-05-06 11:56:47,088 [INFO] PluginManager:220 - loadIPPluginJar : add tim
2026-05-06 11:56:47,091 [INFO] IPUIPlugin:80 - create IPUIPlugin
2026-05-06 11:56:47,091 [INFO] PluginManager:220 - loadIPPluginJar : add gfxmmu
2026-05-06 11:56:47,092 [INFO] IPUIPlugin:80 - create IPUIPlugin
2026-05-06 11:56:47,093 [INFO] PluginManager:220 - loadIPPluginJar : add radio
2026-05-06 11:56:47,200 [FATAL] Updater:351 - Updater called before beeing initialized
2026-05-06 11:56:47,232 [INFO] RulesReader:64 - Compatibility file has been processed (302 Rules)
2026-05-06 11:56:47,247 [INFO] RulesReader:64 - Compatibility file has been processed (302 Rules)
2026-05-06 11:56:47,256 [INFO] CADModel:165 - CPN selected for project level
2026-05-06 11:56:47,257 [INFO] CADModel:114 - Register for checkConnection events
2026-05-06 11:56:47,257 [FATAL] Updater:351 - Updater called before beeing initialized
2026-05-06 11:56:47,257 [ERROR] CADModel:125 - Updater not yet initialized, retry later 
2026-05-06 11:56:47,426 [FATAL] Updater:351 - Updater called before beeing initialized
2026-05-06 11:56:47,428 [INFO] CADModel:165 - CPN selected for project level
2026-05-06 11:56:47,428 [INFO] CADModel:114 - Register for checkConnection events
2026-05-06 11:56:47,428 [FATAL] Updater:351 - Updater called before beeing initialized
2026-05-06 11:56:47,428 [ERROR] CADModel:125 - Updater not yet initialized, retry later 
2026-05-06 11:56:47,434 [FATAL] Updater:351 - Updater called before beeing initialized
2026-05-06 11:56:47,579 [FATAL] Updater:351 - Updater called before beeing initialized
2026-05-06 11:56:47,583 [INFO] DbMcusAds:53 - JSON generation date=Mon Apr 27 15:14:29 ICT 2026 (1777277669683)
2026-05-06 11:56:47,583 [FATAL] Updater:351 - Updater called before beeing initialized
2026-05-06 11:56:47,634 [WARN] DetailPanel:346 - Failed to get advertising image, set to default
2026-05-06 11:56:47,878 [FATAL] Updater:351 - Updater called before beeing initialized
2026-05-06 11:56:47,880 [FATAL] Updater:351 - Updater called before beeing initialized
2026-05-06 11:56:47,880 [FATAL] Updater:351 - Updater called before beeing initialized
2026-05-06 11:56:47,880 [WARN] DetailPanel:346 - Failed to get advertising image, set to default
2026-05-06 11:56:47,881 [FATAL] Updater:351 - Updater called before beeing initialized
2026-05-06 11:56:47,929 [ERROR] Updater:1198 - MainUpdater not yet initialized. External WinMGr cannot be set.
2026-05-06 11:56:47,931 [INFO] Updater:1134 - Updater Version found : 6.14.1
2026-05-06 11:56:47,955 [INFO] ApplicationProperties:184 - Using Application install path: /opt/st/stm32cubeide_1.18.1/plugins/com.st.stm32cube.common.mx_6.14.1.202504091515
2026-05-06 11:56:48,338 [INFO] MainUpdater:2872 - connection check result : 10
2026-05-06 11:56:48,340 [INFO] MainUpdater:289 - Updater Check For Update Now.
2026-05-06 11:56:48,340 [INFO] MicroXplorer:498 - Change Database Version : DB.6.0.141
2026-05-06 11:56:48,364 [INFO] McuFinderGlobals:63 - Set McuFinder mode to 2 (CubeIDE integrated)
2026-05-06 11:56:48,368 [INFO] UserAuth:484 - Internet connection configuration mode: 1
2026-05-06 11:56:48,437 [INFO] JxBrowserEngine:152 - Initiate JxBrowser Engine with user profile folder
2026-05-06 11:56:48,642 [INFO] CheckServerUpdateThread:120 - End of CheckServer Thread
2026-05-06 11:56:49,448 [WARN] PackLoader:240 - Cannot read IP mode file for STMicroelectronics.X-CUBE-AZRTOS-H7.3.5.0
2026-05-06 11:56:49,472 [WARN] PackLoader:240 - Cannot read IP mode file for STMicroelectronics.FP-ATR-ASTRA1.2.0.2
2026-05-06 11:56:49,482 [WARN] PackLoader:240 - Cannot read IP mode file for STMicroelectronics.X-CUBE-SMBUS.2.1.0
2026-05-06 11:56:49,545 [WARN] PackLoader:240 - Cannot read IP mode file for STMicroelectronics.X-CUBE-AZRTOS-F7.1.1.0
2026-05-06 11:56:49,565 [ERROR] Engine:466 - /home/vatcraft/.stm32cubemx/thirdparties/pdsc/STMicroelectronics.FP-SNS-MOTENV1.5.1.0.pdsc: PDSC version is not supported
2026-05-06 11:56:49,575 [ERROR] Engine:466 - /home/vatcraft/.stm32cubemx/thirdparties/pdsc/WES.I-CUBE-Cesium.1.4.0.pdsc: PDSC version is not supported
2026-05-06 11:56:49,595 [WARN] PackLoader:240 - Cannot read IP mode file for STMicroelectronics.X-CUBE-DISPLAY.3.0.0
2026-05-06 11:56:49,621 [WARN] PackLoader:240 - Cannot read IP mode file for STMicroelectronics.X-CUBE-GNSS1.7.1.1
2026-05-06 11:56:49,631 [ERROR] Engine:466 - /home/vatcraft/.stm32cubemx/thirdparties/pdsc/STMicroelectronics.FP-SNS-MOTENVWB1.1.5.0.pdsc: PDSC version is not supported
2026-05-06 11:56:49,642 [WARN] PackLoader:240 - Cannot read IP mode file for STMicroelectronics.X-CUBE-NFC10.1.0.0
2026-05-06 11:56:49,655 [WARN] PackLoader:240 - Cannot read IP mode file for STMicroelectronics.X-CUBE-ST60.1.1.0
2026-05-06 11:56:49,668 [WARN] PackLoader:240 - Cannot read IP mode file for emotas.I-CUBE-CANOPEN.1.3.0
2026-05-06 11:56:49,679 [WARN] PackLoader:240 - Cannot read IP mode file for STMicroelectronics.X-CUBE-GNSS1.7.1.0
2026-05-06 11:56:49,692 [ERROR] Engine:466 - /home/vatcraft/.stm32cubemx/thirdparties/pdsc/STMicroelectronics.FP-SNS-STBOX1.2.1.0.pdsc: PDSC version is not supported
2026-05-06 11:56:49,698 [WARN] PackLoader:240 - Cannot read IP mode file for STMicroelectronics.FP-SNS-SMARTAG2.1.2.0
2026-05-06 11:56:49,705 [WARN] PackLoader:240 - Cannot read IP mode file for STMicroelectronics.FP-SNS-FLIGHT1.5.1.0
2026-05-06 11:56:49,729 [INFO] LogOutputStream:77 - [STDOUT_REDIRECT] 1 : Invalid condition id : UX_CORESTACK_Condition cause : null
2026-05-06 11:56:49,729 [INFO] LogOutputStream:77 - [STDOUT_REDIRECT] 1 : Invalid condition id : UX_CORESTACK_Condition cause : null
2026-05-06 11:56:49,732 [INFO] LogOutputStream:77 - [STDOUT_REDIRECT] 1 : Invalid condition id : UX_CORESTACK_Condition cause : null
2026-05-06 11:56:49,732 [INFO] LogOutputStream:77 - [STDOUT_REDIRECT] 1 : Invalid condition id : UX_CORESTACK_Condition cause : null
2026-05-06 11:56:49,733 [INFO] LogOutputStream:77 - [STDOUT_REDIRECT] 1 : Invalid condition id : UX_CORESTACK_Condition cause : null
2026-05-06 11:56:49,741 [WARN] PackLoader:240 - Cannot read IP mode file for STMicroelectronics.X-CUBE-AZRTOS-WL.2.0.0
2026-05-06 11:56:49,800 [WARN] PackLoader:240 - Cannot read IP mode file for STMicroelectronics.X-CUBE-AZRTOS-H7RS.1.2.0
2026-05-06 11:56:49,814 [WARN] PackLoader:240 - Cannot read IP mode file for STMicroelectronics.X-CUBE-BLE2.3.3.0
2026-05-06 11:56:49,858 [WARN] PackLoader:240 - Cannot read IP mode file for Infineon.AIROC-Wi-Fi-Bluetooth-STM32.1.8.0
2026-05-06 11:56:49,870 [WARN] PackLoader:240 - Cannot read IP mode file for STMicroelectronics.X-CUBE-NFC9.1.0.0
2026-05-06 11:56:49,877 [WARN] PackLoader:240 - Cannot read IP mode file for STMicroelectronics.X-CUBE-BLE1.7.1.0
2026-05-06 11:56:49,880 [WARN] PackLoader:240 - Cannot read IP mode file for wolfSSL.I-CUBE-wolfMQTT.1.19.2
2026-05-06 11:56:49,886 [WARN] PackLoader:240 - Cannot read IP mode file for STMicroelectronics.X-CUBE-EEPRMA1.5.2.0
2026-05-06 11:56:49,909 [WARN] PackLoader:240 - Cannot read IP mode file for wolfSSL.I-CUBE-wolfSSL.5.8.4
2026-05-06 11:56:49,913 [WARN] PackLoader:240 - Cannot read IP mode file for Cesanta.I-CUBE-Mongoose.7.20.0
2026-05-06 11:56:49,916 [ERROR] Engine:466 - /home/vatcraft/.stm32cubemx/thirdparties/pdsc/STMicroelectronics.FP-SNS-STAIOTCFT.1.1.0.pdsc: PDSC version is not supported
2026-05-06 11:56:49,983 [WARN] PackLoader:240 - Cannot read IP mode file for STMicroelectronics.X-CUBE-MEMS1.12.0.0
2026-05-06 11:56:50,088 [INFO] WebApp:169 - Instantiating new browser for Auth
2026-05-06 11:56:50,156 [WARN] PackLoader:240 - Cannot read IP mode file for STMicroelectronics.X-CUBE-AZRTOS-G0.1.1.0
2026-05-06 11:56:50,173 [WARN] PackLoader:240 - Cannot read IP mode file for STMicroelectronics.X-CUBE-NFC4.3.0.0
2026-05-06 11:56:50,195 [WARN] PackLoader:240 - Cannot read IP mode file for EmbeddedOffice.I-CUBE-FS-RTOS.1.0.1
2026-05-06 11:56:50,237 [WARN] PackLoader:240 - Cannot read IP mode file for STMicroelectronics.X-CUBE-WB05N.2.0.0
2026-05-06 11:56:50,244 [WARN] PackLoader:240 - Cannot read IP mode file for wolfSSL.I-CUBE-wolfTPM.3.8.0
2026-05-06 11:56:50,255 [WARN] PackLoader:240 - Cannot read IP mode file for STMicroelectronics.X-CUBE-TCPP.4.2.0
2026-05-06 11:56:50,266 [WARN] PackLoader:240 - Cannot read IP mode file for RealThread.X-CUBE-RT-Thread_Nano.4.1.1
2026-05-06 11:56:50,278 [WARN] PackLoader:240 - Cannot read IP mode file for STMicroelectronics.FP-ATR-SIGFOX1.3.2.0
2026-05-06 11:56:50,284 [ERROR] Engine:466 - /home/vatcraft/.stm32cubemx/thirdparties/pdsc/STMicroelectronics.X-CUBE-FREERTOS.1.5.0.pdsc: PDSC version is not supported
2026-05-06 11:56:50,296 [WARN] PackLoader:240 - Cannot read IP mode file for ITTIA_DB.I-CUBE-ITTIADB.8.9.0
2026-05-06 11:56:50,318 [WARN] PackLoader:240 - Cannot read IP mode file for STMicroelectronics.X-CUBE-NFC6.3.2.0
2026-05-06 11:56:50,329 [WARN] PackLoader:240 - Cannot read IP mode file for STMicroelectronics.X-CUBE-AI.10.2.0
2026-05-06 11:56:50,499 [WARN] PackLoader:240 - Cannot read IP mode file for STMicroelectronics.X-CUBE-MEMS1.12.1.0
2026-05-06 11:56:51,054 [WARN] PackLoader:240 - Cannot read IP mode file for SEGGER.I-CUBE-embOS.1.3.1
2026-05-06 11:56:51,128 [WARN] PackLoader:240 - Cannot read IP mode file for STMicroelectronics.X-CUBE-ALGOBUILD.1.4.0
2026-05-06 11:56:51,135 [WARN] PackLoader:240 - Cannot read IP mode file for STMicroelectronics.X-CUBE-PM33A1.1.0.0
2026-05-06 11:56:51,172 [WARN] PackLoader:240 - Cannot read IP mode file for STMicroelectronics.X-CUBE-AZRTOS-F4.1.1.0
2026-05-06 11:56:51,179 [WARN] PackLoader:240 - Cannot read IP mode file for STMicroelectronics.X-CUBE-ISPU.2.1.0
2026-05-06 11:56:51,188 [ERROR] Engine:466 - /home/vatcraft/.stm32cubemx/thirdparties/pdsc/STMicroelectronics.X-CUBE-IPS.3.2.0.pdsc: PDSC version is not supported
2026-05-06 11:56:51,192 [WARN] PackLoader:240 - Cannot read IP mode file for STMicroelectronics.eDS-WB_DPC_TT-BIDIR.2.1.1
2026-05-06 11:56:51,205 [WARN] PackLoader:240 - Cannot read IP mode file for STMicroelectronics.X-CUBE-NFC12.1.0.0
2026-05-06 11:56:51,229 [WARN] PackLoader:240 - Cannot read IP mode file for STMicroelectronics.X-CUBE-AZRTOS-L5.2.0.0
2026-05-06 11:56:51,238 [WARN] PackLoader:240 - Cannot read IP mode file for STMicroelectronics.eDS-WB_DPC_VIENNA.1.2.0
2026-05-06 11:56:51,243 [WARN] PackLoader:240 - Cannot read IP mode file for STMicroelectronics.eDS-WB_DPC_3PH2L-BIDIR.1.1.1
2026-05-06 11:56:51,247 [ERROR] Engine:466 - /home/vatcraft/.stm32cubemx/thirdparties/pdsc/STMicroelectronics.X-CUBE-ST67W61.1.3.0.pdsc: PDSC version is not supported
2026-05-06 11:56:51,251 [WARN] PackLoader:240 - Cannot read IP mode file for STMicroelectronics.X-CUBE-TOUCHGFX.4.26.1
2026-05-06 11:56:51,256 [WARN] PackLoader:240 - Cannot read IP mode file for STMicroelectronics.FP-SNS-STAIOTCFT.1.0.0
2026-05-06 11:56:51,260 [WARN] PackLoader:240 - Cannot read IP mode file for STMicroelectronics.X-CUBE-DPower.1.3.0
2026-05-06 11:56:51,278 [WARN] ConditionMgr:438 - getConditionDescription Invalid condition id : LAN8742 Phy interface Condition cause : null
2026-05-06 11:56:51,279 [WARN] PackLoader:240 - Cannot read IP mode file for STMicroelectronics.X-CUBE-AZRTOS-L4.2.0.0
2026-05-06 11:56:51,280 [WARN] ConditionMgr:1044 - genDependencies : Invalid condition id : LAN8742 Phy interface Condition cause : null
2026-05-06 11:56:51,281 [WARN] ConditionMgr:1044 - genDependencies : Invalid condition id : LAN8742 Phy interface Condition cause : null
2026-05-06 11:56:51,282 [WARN] ConditionMgr:1044 - genDependencies : Invalid condition id : LAN8742 Phy interface Condition cause : null
2026-05-06 11:56:51,290 [WARN] PackLoader:240 - Cannot read IP mode file for STMicroelectronics.X-CUBE-SFXS2LP1.4.0.0
2026-05-06 11:56:51,300 [WARN] PackLoader:240 - Cannot read IP mode file for STMicroelectronics.X-CUBE-WB05N.2.1.0
2026-05-06 11:56:51,308 [ERROR] Engine:466 - /home/vatcraft/.stm32cubemx/thirdparties/pdsc/STMicroelectronics.X-CUBE-ST67W61.1.2.0.pdsc: PDSC version is not supported
2026-05-06 11:56:51,322 [WARN] PackLoader:240 - Cannot read IP mode file for STMicroelectronics.X-CUBE-BLEMGR.4.1.0
2026-05-06 11:56:51,340 [WARN] ConditionMgr:438 - getConditionDescription Invalid condition id : UX DEVICE CLASS RTOS Condition cause : null
2026-05-06 11:56:51,340 [WARN] ConditionMgr:438 - getConditionDescription Invalid condition id : UX DEVICE CLASS RTOS Condition cause : null
2026-05-06 11:56:51,343 [WARN] PackLoader:240 - Cannot read IP mode file for STMicroelectronics.X-CUBE-AZRTOS-WB.2.0.0
2026-05-06 11:56:51,343 [WARN] ConditionMgr:1044 - genDependencies : Invalid condition id : UX DEVICE CLASS RTOS Condition cause : null
2026-05-06 11:56:51,344 [WARN] ConditionMgr:1044 - genDependencies : Invalid condition id : UX DEVICE CLASS RTOS Condition cause : null
2026-05-06 11:56:51,344 [WARN] ConditionMgr:1044 - genDependencies : Invalid condition id : UX DEVICE CLASS RTOS Condition cause : null
2026-05-06 11:56:51,345 [WARN] ConditionMgr:1044 - genDependencies : Invalid condition id : UX DEVICE CLASS RTOS Condition cause : null
2026-05-06 11:56:51,345 [WARN] ConditionMgr:1044 - genDependencies : Invalid condition id : UX DEVICE CLASS RTOS Condition cause : null
2026-05-06 11:56:51,352 [WARN] ConditionMgr:438 - getConditionDescription Invalid condition id : Cortex-A Device cause : null
2026-05-06 11:56:51,366 [WARN] ConditionMgr:1044 - genDependencies : Invalid condition id : Cortex-A Device cause : null
2026-05-06 11:56:51,371 [WARN] ConditionMgr:1044 - genDependencies : Invalid condition id : Cortex-A Device cause : null
2026-05-06 11:56:51,371 [WARN] ConditionMgr:1044 - genDependencies : Invalid condition id : Cortex-A Device cause : null
2026-05-06 11:56:51,388 [WARN] PackLoader:240 - Cannot read IP mode file for STMicroelectronics.X-CUBE-STSE01.2.0.0
2026-05-06 11:56:51,401 [WARN] PackLoader:240 - Cannot read IP mode file for STMicroelectronics.X-CUBE-SUBG2.5.0.0
2026-05-06 11:56:51,428 [WARN] PackLoader:240 - Cannot read IP mode file for STMicroelectronics.X-CUBE-AZRTOS-G4.2.0.0
2026-05-06 11:56:51,434 [WARN] PackLoader:240 - Cannot read IP mode file for wolfSSL.I-CUBE-wolfSSH.1.4.20
2026-05-06 11:56:51,440 [WARN] PackLoader:240 - Cannot read IP mode file for STMicroelectronics.X-CUBE-NFC7.2.0.0
2026-05-06 11:56:51,447 [WARN] PackLoader:240 - Cannot read IP mode file for STMicroelectronics.X-CUBE-ALS.1.0.2
2026-05-06 11:56:51,459 [WARN] PackLoader:240 - Cannot read IP mode file for STMicroelectronics.X-CUBE-TOF1.3.4.3
2026-05-06 11:56:51,475 [INFO] ThirdParty:978 - Integrity check success = true
2026-05-06 11:56:51,475 [INFO] IntegrityCheckThread:100 - exiting critical section [integrity check]
2026-05-06 11:56:51,475 [INFO] IntegrityCheckThread:103 - End integrity checks thread
2026-05-06 11:56:51,773 [INFO] WebApp:463 - Apply proxy settings
2026-05-06 11:56:51,773 [INFO] WebApp:548 - Chromium requires no authentication
2026-05-06 11:56:51,787 [INFO] WebApp:491 - Direct internet connection detected
2026-05-06 11:56:51,809 [INFO] WebApp:894 - Register for checkConnection events
2026-05-06 11:56:51,810 [INFO] WebApp:463 - Apply proxy settings
2026-05-06 11:56:51,810 [INFO] WebApp:548 - Chromium requires no authentication
2026-05-06 11:56:51,810 [INFO] WebApp:491 - Direct internet connection detected
2026-05-06 11:56:51,962 [INFO] WebApp:225 - Starting web application
2026-05-06 11:56:51,962 [INFO] WebApp:593 - Web application path used /opt/st/stm32cubeide_1.18.1/plugins/com.st.stm32cube.common.mx_6.14.1.202504091515/db/plugins/mcufinder/reactClient1/index.html
2026-05-06 11:56:52,081 [INFO] WebApp:191 - Connection restablished
2026-05-06 11:56:52,217 [INFO] UserAuth:484 - Internet connection configuration mode: 1
2026-05-06 11:58:47,319 [ERROR] LogOutputStream:75 - [STDERR_REDIRECT] 
