22:40:39 **** Incremental Build of configuration Debug for project Environmental_Data_Logger ****
make -j4 all 
arm-none-eabi-gcc "../Core/Src/dht11.c" -mcpu=cortex-m4 -std=gnu11 -g3 -DDEBUG -DUSE_HAL_DRIVER -DSTM32F401xE -c -I../Core/Inc -I../Drivers/STM32F4xx_HAL_Driver/Inc -I../Drivers/STM32F4xx_HAL_Driver/Inc/Legacy -I../Drivers/CMSIS/Device/ST/STM32F4xx/Include -I../Drivers/CMSIS/Include -O0 -ffunction-sections -fdata-sections -Wall -fstack-usage -fcyclomatic-complexity -MMD -MP -MF"Core/Src/dht11.d" -MT"Core/Src/dht11.o" --specs=nano.specs -mfpu=fpv4-sp-d16 -mfloat-abi=hard -mthumb -o "Core/Src/dht11.o"
arm-none-eabi-gcc -o "Environmental_Data_Logger.elf" @"objects.list"   -mcpu=cortex-m4 -T"/home/vatcraft/Desktop/FET/ELT3240/project/Environmental_Data_Logger/STM32F401RETX_FLASH.ld" --specs=nosys.specs -Wl,-Map="Environmental_Data_Logger.map" -Wl,--gc-sections -static --specs=nano.specs -mfpu=fpv4-sp-d16 -mfloat-abi=hard -mthumb -Wl,--start-group -lc -lm -Wl,--end-group
Finished building target: Environmental_Data_Logger.elf
 
arm-none-eabi-size  Environmental_Data_Logger.elf 
arm-none-eabi-objdump -h -S Environmental_Data_Logger.elf  > "Environmental_Data_Logger.list"
   text	   data	    bss	    dec	    hex	filename
   1108	      4	   1572	   2684	    a7c	Environmental_Data_Logger.elf
Finished building: default.size.stdout
 
Finished building: Environmental_Data_Logger.list
 
22:40:46 **** Incremental Build of configuration Debug for project Environmental_Data_Logger ****
make -j4 all 
arm-none-eabi-size  Environmental_Data_Logger.elf 
   text	   data	    bss	    dec	    hex	filename
   1108	      4	   1572	   2684	    a7c	Environmental_Data_Logger.elf
Finished building: default.size.stdout
 
