12:36:32 **** Incremental Build of configuration Debug for project ultrasound_sensor ****
make -j4 all 
arm-none-eabi-gcc "../Core/Src/main.c" -mcpu=cortex-m4 -std=gnu11 -g3 -DDEBUG -DUSE_HAL_DRIVER -DSTM32F401xE -c -I../Core/Inc -I../Drivers/STM32F4xx_HAL_Driver/Inc -I../Drivers/STM32F4xx_HAL_Driver/Inc/Legacy -I../Drivers/CMSIS/Device/ST/STM32F4xx/Include -I../Drivers/CMSIS/Include -O0 -ffunction-sections -fdata-sections -Wall -fstack-usage -fcyclomatic-complexity -MMD -MP -MF"Core/Src/main.d" -MT"Core/Src/main.o" --specs=nano.specs -mfpu=fpv4-sp-d16 -mfloat-abi=hard -mthumb -o "Core/Src/main.o"
arm-none-eabi-gcc -o "ultrasound_sensor.elf" @"objects.list"   -mcpu=cortex-m4 -T"/home/vatcraft/Desktop/FET/ELT3240/Project/ultrasound_sensor/STM32F401RETX_FLASH.ld" --specs=nosys.specs -Wl,-Map="ultrasound_sensor.map" -Wl,--gc-sections -static --specs=nano.specs -mfpu=fpv4-sp-d16 -mfloat-abi=hard -mthumb -Wl,--start-group -lc -lm -Wl,--end-group
Finished building target: ultrasound_sensor.elf
 
arm-none-eabi-size  ultrasound_sensor.elf 
arm-none-eabi-objdump -h -S ultrasound_sensor.elf  > "ultrasound_sensor.list"
   text	   data	    bss	    dec	    hex	filename
  15732	     92	   2044	  17868	   45cc	ultrasound_sensor.elf
Finished building: default.size.stdout
 
Finished building: ultrasound_sensor.list
 

12:36:32 Build Finished. 0 errors, 0 warnings. (took 451ms)

