13:43:19 **** Incremental Build of configuration Debug for project exercise ****
make -j4 all 
arm-none-eabi-gcc "../Core/Src/main.c" -mcpu=cortex-m4 -std=gnu11 -g3 -DDEBUG -DUSE_HAL_DRIVER -DSTM32F401xE -c -I../Core/Inc -I../Drivers/STM32F4xx_HAL_Driver/Inc -I../Drivers/STM32F4xx_HAL_Driver/Inc/Legacy -I../Drivers/CMSIS/Device/ST/STM32F4xx/Include -I../Drivers/CMSIS/Include -O0 -ffunction-sections -fdata-sections -Wall -fstack-usage -fcyclomatic-complexity -MMD -MP -MF"Core/Src/main.d" -MT"Core/Src/main.o" --specs=nano.specs -mfpu=fpv4-sp-d16 -mfloat-abi=hard -mthumb -o "Core/Src/main.o"
arm-none-eabi-gcc -o "exercise.elf" @"objects.list"   -mcpu=cortex-m4 -T"/home/vatcraft/Desktop/FET/ELT3240/Lab8/exercise/STM32F401RETX_FLASH.ld" --specs=nosys.specs -Wl,-Map="exercise.map" -Wl,--gc-sections -static --specs=nano.specs -mfpu=fpv4-sp-d16 -mfloat-abi=hard -mthumb -Wl,--start-group -lc -lm -Wl,--end-group
Finished building target: exercise.elf
 
arm-none-eabi-size  exercise.elf 
arm-none-eabi-objdump -h -S exercise.elf  > "exercise.list"
   text	   data	    bss	    dec	    hex	filename
   1148	      4	   1572	   2724	    aa4	exercise.elf
Finished building: default.size.stdout
 
Finished building: exercise.list
 
13:43:23 **** Incremental Build of configuration Debug for project exercise ****
make -j4 all 
arm-none-eabi-size  exercise.elf 
   text	   data	    bss	    dec	    hex	filename
   1148	      4	   1572	   2724	    aa4	exercise.elf
Finished building: default.size.stdout
 
13:56:12 **** Incremental Build of configuration Debug for project exercise ****
make -j4 all 
arm-none-eabi-size  exercise.elf 
   text	   data	    bss	    dec	    hex	filename
   1148	      4	   1572	   2724	    aa4	exercise.elf
Finished building: default.size.stdout
 
13:56:43 **** Incremental Build of configuration Debug for project exercise ****
make -j4 all 
arm-none-eabi-size  exercise.elf 
   text	   data	    bss	    dec	    hex	filename
   1148	      4	   1572	   2724	    aa4	exercise.elf
Finished building: default.size.stdout
 
