16:38:49 **** Incremental Build of configuration Debug for project Async_Arm ****
make -j4 all 
arm-none-eabi-gcc "../Core/Src/MPU6050_DMA.c" -mcpu=cortex-m4 -std=gnu11 -g3 -DDEBUG -DUSE_HAL_DRIVER -DSTM32F401xE -c -I../Core/Inc -I../Drivers/STM32F4xx_HAL_Driver/Inc -I../Drivers/STM32F4xx_HAL_Driver/Inc/Legacy -I../Drivers/CMSIS/Device/ST/STM32F4xx/Include -I../Drivers/CMSIS/Include -O0 -ffunction-sections -fdata-sections -Wall -fstack-usage -fcyclomatic-complexity -MMD -MP -MF"Core/Src/MPU6050_DMA.d" -MT"Core/Src/MPU6050_DMA.o" --specs=nano.specs -mfpu=fpv4-sp-d16 -mfloat-abi=hard -mthumb -o "Core/Src/MPU6050_DMA.o"
arm-none-eabi-gcc "../Core/Src/main.c" -mcpu=cortex-m4 -std=gnu11 -g3 -DDEBUG -DUSE_HAL_DRIVER -DSTM32F401xE -c -I../Core/Inc -I../Drivers/STM32F4xx_HAL_Driver/Inc -I../Drivers/STM32F4xx_HAL_Driver/Inc/Legacy -I../Drivers/CMSIS/Device/ST/STM32F4xx/Include -I../Drivers/CMSIS/Include -O0 -ffunction-sections -fdata-sections -Wall -fstack-usage -fcyclomatic-complexity -MMD -MP -MF"Core/Src/main.d" -MT"Core/Src/main.o" --specs=nano.specs -mfpu=fpv4-sp-d16 -mfloat-abi=hard -mthumb -o "Core/Src/main.o"
arm-none-eabi-gcc -o "Async_Arm.elf" @"objects.list"   -mcpu=cortex-m4 -T"/home/vatcraft/Desktop/FET/ELT3240/proj/Async_Arm/STM32F401RETX_FLASH.ld" --specs=nosys.specs -Wl,-Map="Async_Arm.map" -Wl,--gc-sections -static --specs=nano.specs -mfpu=fpv4-sp-d16 -mfloat-abi=hard -mthumb -Wl,--start-group -lc -lm -Wl,--end-group
Finished building target: Async_Arm.elf
 
arm-none-eabi-size  Async_Arm.elf 
arm-none-eabi-objdump -h -S Async_Arm.elf  > "Async_Arm.list"
   text	   data	    bss	    dec	    hex	filename
   3180	     84	   1908	   5172	   1434	Async_Arm.elf
Finished building: default.size.stdout
 
Finished building: Async_Arm.list
 
