2026-04-05 13:43:28,640 [INFO] Activator:176 - 


2026-04-05 13:43:28,645 [INFO] Activator:177 - !SESSION log4j initialized
2026-04-05 13:43:33,915 [INFO] LogOutputStream:77 - [STDOUT_REDIRECT] 
2026-04-05 13:43:35,972 [INFO] ApplicationProperties:184 - Using Application install path: /opt/st/stm32cubeide_1.18.1/plugins/com.st.stm32cube.common.mx_6.14.1.202504091515
2026-04-05 13:43:35,995 [INFO] DbMcusXml:78 - Set database path to: /opt/st/stm32cubeide_1.18.1/plugins/com.st.stm32cube.common.mx_6.14.1.202504091515//db//mcu/
2026-04-05 13:43:35,995 [INFO] ApiDb:274 - Set plugin database path to: /opt/st/stm32cubeide_1.18.1/plugins/com.st.stm32cube.common.mx_6.14.1.202504091515//db//plugins/boardmanager/
2026-04-05 13:43:35,996 [WARN] ApiDb:259 - Overriding images path with different value:  => /opt/st/stm32cubeide_1.18.1/plugins/com.st.stm32cube.common.mx_6.14.1.202504091515//db//plugins/mcufinder/images/
2026-04-05 13:43:36,005 [INFO] ApiDb:250 - Set database path to: /home/vatcraft/.stmcufinder/plugins/mcufinder//mcu/
2026-04-05 13:43:36,007 [INFO] DbMcusAds:125 - Set database path to: /home/vatcraft/.stmcufinder/plugins/mcufinder//mcu/
2026-04-05 13:43:37,012 [INFO] CrossReferenceDbSqlite:203 - Set database path to: /home/vatcraft/.stmcufinder/plugins/mcufinder//mcu/cs/
2026-04-05 13:43:37,218 [INFO] RulesReader:64 - Compatibility file has been processed (302 Rules)
2026-04-05 13:43:37,296 [INFO] DbMcusXml:78 - Set database path to: /opt/st/stm32cubeide_1.18.1/plugins/com.st.stm32cube.common.mx_6.14.1.202504091515//db//mcu/
2026-04-05 13:43:37,297 [INFO] ApiDb:274 - Set plugin database path to: /opt/st/stm32cubeide_1.18.1/plugins/com.st.stm32cube.common.mx_6.14.1.202504091515//db//plugins/boardmanager/
2026-04-05 13:43:37,297 [INFO] ApiDb:261 - Set plugin images path to: /opt/st/stm32cubeide_1.18.1/plugins/com.st.stm32cube.common.mx_6.14.1.202504091515//db//plugins/mcufinder/images/
2026-04-05 13:43:37,297 [WARN] DbFile:41 - Overriding database path with different value: /home/vatcraft/.stmcufinder/plugins/mcufinder/ => /home/vatcraft/.stmcufinder/plugins/mcufinder
2026-04-05 13:43:37,297 [INFO] ApiDb:250 - Set database path to: /home/vatcraft/.stmcufinder/plugins/mcufinder//mcu/
2026-04-05 13:43:37,297 [WARN] DbFile:41 - Overriding database path with different value: /home/vatcraft/.stmcufinder/plugins/mcufinder/ => /home/vatcraft/.stmcufinder/plugins/mcufinder
2026-04-05 13:43:37,298 [INFO] DbMcusAds:125 - Set database path to: /home/vatcraft/.stmcufinder/plugins/mcufinder//mcu/
2026-04-05 13:43:37,298 [WARN] DbFile:41 - Overriding database path with different value: /home/vatcraft/.stmcufinder/plugins/mcufinder/ => /home/vatcraft/.stmcufinder/plugins/mcufinder
2026-04-05 13:43:37,298 [WARN] DbFile:41 - Overriding database path with different value: /home/vatcraft/.stmcufinder/plugins/mcufinder/ => /home/vatcraft/.stmcufinder/plugins/mcufinder
2026-04-05 13:43:38,299 [INFO] CrossReferenceDbSqlite:203 - Set database path to: /home/vatcraft/.stmcufinder/plugins/mcufinder//mcu/cs/
2026-04-05 13:43:38,514 [INFO] MainPanel:272 - HeapMemory: 268435456
2026-04-05 13:43:38,775 [INFO] DbMcusXml:78 - Set database path to: /opt/st/stm32cubeide_1.18.1/plugins/com.st.stm32cube.common.mx_6.14.1.202504091515//db//mcu/
2026-04-05 13:43:38,775 [INFO] ApiDb:274 - Set plugin database path to: /opt/st/stm32cubeide_1.18.1/plugins/com.st.stm32cube.common.mx_6.14.1.202504091515//db//plugins/boardmanager/
2026-04-05 13:43:38,775 [INFO] ApiDb:261 - Set plugin images path to: /opt/st/stm32cubeide_1.18.1/plugins/com.st.stm32cube.common.mx_6.14.1.202504091515//db//plugins/mcufinder/images/
2026-04-05 13:43:38,776 [WARN] DbFile:41 - Overriding database path with different value: /home/vatcraft/.stmcufinder/plugins/mcufinder/ => /home/vatcraft/.stmcufinder/plugins/mcufinder
2026-04-05 13:43:38,776 [INFO] ApiDb:250 - Set database path to: /home/vatcraft/.stmcufinder/plugins/mcufinder//mcu/
2026-04-05 13:43:38,776 [WARN] DbFile:41 - Overriding database path with different value: /home/vatcraft/.stmcufinder/plugins/mcufinder/ => /home/vatcraft/.stmcufinder/plugins/mcufinder
2026-04-05 13:43:38,776 [INFO] DbMcusAds:125 - Set database path to: /home/vatcraft/.stmcufinder/plugins/mcufinder//mcu/
2026-04-05 13:43:38,776 [WARN] DbFile:41 - Overriding database path with different value: /home/vatcraft/.stmcufinder/plugins/mcufinder/ => /home/vatcraft/.stmcufinder/plugins/mcufinder
2026-04-05 13:43:38,777 [WARN] DbFile:41 - Overriding database path with different value: /home/vatcraft/.stmcufinder/plugins/mcufinder/ => /home/vatcraft/.stmcufinder/plugins/mcufinder
2026-04-05 13:43:39,778 [INFO] CrossReferenceDbSqlite:203 - Set database path to: /home/vatcraft/.stmcufinder/plugins/mcufinder//mcu/cs/
2026-04-05 13:43:39,847 [INFO] ApplicationProperties:184 - Using Application install path: /opt/st/stm32cubeide_1.18.1/plugins/com.st.stm32cube.common.mx_6.14.1.202504091515
2026-04-05 13:43:39,851 [INFO] PluginManage:196 - Search for loadable plugins [exclusion list=, ]
2026-04-05 13:43:39,853 [INFO] PluginManage:310 - Check plugin analytics
2026-04-05 13:43:41,447 [INFO] AnalyticsPlugin:253 - Accepted Software Licenses: 
2026-04-05 13:43:41,448 [INFO] AnalyticsPlugin:255 - Accepted CMSIS Pack Licenses: 
2026-04-05 13:43:41,448 [INFO] AnalyticsPlugin:257 - Accepted Firmware Licenses: FW.F4.1.28.0,FW.L4.1.18.0
2026-04-05 13:43:41,483 [INFO] PluginManage:359 - Loaded plugin analytics (category:tool,tabindex:-1)
2026-04-05 13:43:41,492 [INFO] PluginManage:310 - Check plugin cadmodel
2026-04-05 13:43:41,511 [INFO] CADModel:105 - Init CAD model plugin
2026-04-05 13:43:41,518 [INFO] PluginManage:359 - Loaded plugin cadmodel (category:power,tabindex:5)
2026-04-05 13:43:41,518 [INFO] PluginManage:310 - Check plugin clock
2026-04-05 13:43:41,563 [INFO] PluginManage:359 - Loaded plugin clock (category:base,tabindex:2)
2026-04-05 13:43:41,566 [INFO] PluginManage:310 - Check plugin ddr
2026-04-05 13:43:41,585 [INFO] PluginManage:359 - Loaded plugin ddr (category:tool,tabindex:6)
2026-04-05 13:43:41,591 [INFO] PluginManage:310 - Check plugin filemanager
2026-04-05 13:43:42,063 [INFO] PluginManage:359 - Loaded plugin filemanager (category:base,tabindex:10)
2026-04-05 13:43:42,063 [INFO] PluginManage:310 - Check plugin ipmanager
2026-04-05 13:43:42,071 [INFO] PluginManage:359 - Loaded plugin ipmanager (category:base,tabindex:5)
2026-04-05 13:43:42,071 [INFO] PluginManage:310 - Check plugin lpbam
2026-04-05 13:43:42,085 [INFO] PluginManage:359 - Loaded plugin lpbam (category:base,tabindex:0)
2026-04-05 13:43:42,086 [INFO] PluginManage:310 - Check plugin memorymap
2026-04-05 13:43:42,112 [INFO] PluginManage:359 - Loaded plugin memorymap (category:base,tabindex:4)
2026-04-05 13:43:42,113 [INFO] PluginManage:310 - Check plugin pinoutandconfiguration
2026-04-05 13:43:42,138 [INFO] PluginManage:359 - Loaded plugin pinoutandconfiguration (category:base,tabindex:1)
2026-04-05 13:43:42,138 [INFO] PluginManage:310 - Check plugin pinoutconfig
2026-04-05 13:43:42,383 [WARN] SupportedApi:132 - Cannot load RTOS API schema: s4s-elt-must-match.1: The content of 'definitions' must match (annotation?, (simpleType | complexType)?, (unique | key | keyref)*)). A problem was found starting at: attribute.
2026-04-05 13:43:43,113 [INFO] PluginManage:359 - Loaded plugin pinoutconfig (category:base,tabindex:0)
2026-04-05 13:43:43,113 [INFO] PluginManage:310 - Check plugin power
2026-04-05 13:43:43,155 [INFO] PluginManage:359 - Loaded plugin power (category:power,tabindex:4)
2026-04-05 13:43:43,155 [INFO] PluginManage:310 - Check plugin projectmanager
2026-04-05 13:43:43,215 [INFO] PluginManage:359 - Loaded plugin projectmanager (category:projectmanager,tabindex:4)
2026-04-05 13:43:43,216 [INFO] PluginManage:310 - Check plugin rif
2026-04-05 13:43:43,238 [INFO] PluginManage:359 - Loaded plugin rif (category:base,tabindex:3)
2026-04-05 13:43:43,238 [INFO] PluginManage:310 - Check plugin thirdparty
2026-04-05 13:43:43,706 [WARN] IntegrityCheckThread:84 - waiting for thirdparty lock release [integrity check]
2026-04-05 13:43:43,707 [INFO] IntegrityCheckThread:86 - entering critical section [integrity check]
2026-04-05 13:43:43,707 [INFO] ThirdPartyUpdaterWithRetryManager:70 - Updater plugin not ready yet. [1/15]
2026-04-05 13:43:43,708 [INFO] PluginManage:359 - Loaded plugin thirdparty (category:base,tabindex:-1)
2026-04-05 13:43:43,709 [INFO] PluginManage:310 - Check plugin tools
2026-04-05 13:43:43,717 [INFO] PluginManage:359 - Loaded plugin tools (category:base,tabindex:7)
2026-04-05 13:43:43,717 [INFO] PluginManage:310 - Check plugin tutovideos
2026-04-05 13:43:44,186 [INFO] PluginManage:359 - Loaded plugin tutovideos (category:base,tabindex:-1)
2026-04-05 13:43:44,186 [INFO] PluginManage:310 - Check plugin updater
2026-04-05 13:43:44,264 [INFO] PluginManage:359 - Loaded plugin updater (category:base,tabindex:12)
2026-04-05 13:43:44,264 [INFO] PluginManage:310 - Check plugin userauth
2026-04-05 13:43:44,270 [INFO] UserAuth:118 - Init User Auth plugin
2026-04-05 13:43:44,271 [INFO] PluginManage:359 - Loaded plugin userauth (category:base,tabindex:14)
2026-04-05 13:43:44,272 [INFO] PluginManage:283 - PluginManage : Loaded plugins [18]
2026-04-05 13:43:44,784 [INFO] PinOutPanel:1589 - setPackage(No Configuration,No Configuration)
2026-04-05 13:43:45,006 [INFO] CADModel:165 - CPN selected for project level
2026-04-05 13:43:45,007 [INFO] CADModel:114 - Register for checkConnection events
2026-04-05 13:43:45,033 [INFO] IPUIPlugin:80 - create IPUIPlugin
2026-04-05 13:43:45,034 [INFO] PluginManager:220 - loadIPPluginJar : add openamp
2026-04-05 13:43:45,050 [INFO] IPUIPlugin:80 - create IPUIPlugin
2026-04-05 13:43:45,050 [INFO] PluginManager:220 - loadIPPluginJar : add pdm2pcm
2026-04-05 13:43:45,061 [INFO] IPUIPlugin:80 - create IPUIPlugin
2026-04-05 13:43:45,062 [INFO] PluginManager:220 - loadIPPluginJar : add touchsensing
2026-04-05 13:43:45,090 [INFO] IPUIPlugin:80 - create IPUIPlugin
2026-04-05 13:43:45,098 [INFO] PluginManager:220 - loadIPPluginJar : add plateformsettings
2026-04-05 13:43:45,110 [INFO] IPUIPlugin:80 - create IPUIPlugin
2026-04-05 13:43:45,110 [INFO] PluginManager:220 - loadIPPluginJar : add resmgrutility
2026-04-05 13:43:45,127 [INFO] IPUIPlugin:80 - create IPUIPlugin
2026-04-05 13:43:45,130 [INFO] PluginManager:220 - loadIPPluginJar : add gic
2026-04-05 13:43:45,133 [INFO] IPUIPlugin:80 - create IPUIPlugin
2026-04-05 13:43:45,133 [INFO] PluginManager:220 - loadIPPluginJar : add genericplugin
2026-04-05 13:43:45,137 [INFO] IPUIPlugin:80 - create IPUIPlugin
2026-04-05 13:43:45,137 [INFO] PluginManager:220 - loadIPPluginJar : add tracer_emb
2026-04-05 13:43:45,141 [INFO] IPUIPlugin:80 - create IPUIPlugin
2026-04-05 13:43:45,141 [INFO] PluginManager:220 - loadIPPluginJar : add extmemmanager
2026-04-05 13:43:45,145 [INFO] IPUIPlugin:80 - create IPUIPlugin
2026-04-05 13:43:45,145 [INFO] PluginManager:220 - loadIPPluginJar : add spi
2026-04-05 13:43:45,157 [INFO] IPUIPlugin:80 - create IPUIPlugin
2026-04-05 13:43:45,159 [INFO] PluginManager:220 - loadIPPluginJar : add linkedlist
2026-04-05 13:43:45,165 [INFO] IPUIPlugin:80 - create IPUIPlugin
2026-04-05 13:43:45,166 [INFO] PluginManager:220 - loadIPPluginJar : add ucpd
2026-04-05 13:43:45,171 [INFO] IPUIPlugin:80 - create IPUIPlugin
2026-04-05 13:43:45,171 [INFO] PluginManager:220 - loadIPPluginJar : add i3c
2026-04-05 13:43:45,179 [INFO] IPUIPlugin:80 - create IPUIPlugin
2026-04-05 13:43:45,179 [INFO] PluginManager:220 - loadIPPluginJar : add hash
2026-04-05 13:43:45,192 [INFO] IPUIPlugin:80 - create IPUIPlugin
2026-04-05 13:43:45,196 [INFO] PluginManager:220 - loadIPPluginJar : add nvic
2026-04-05 13:43:45,210 [INFO] IPUIPlugin:80 - create IPUIPlugin
2026-04-05 13:43:45,210 [INFO] PluginManager:220 - loadIPPluginJar : add usbx
2026-04-05 13:43:45,228 [INFO] IPUIPlugin:80 - create IPUIPlugin
2026-04-05 13:43:45,229 [INFO] PluginManager:220 - loadIPPluginJar : add cryp
2026-04-05 13:43:45,233 [INFO] IPUIPlugin:80 - create IPUIPlugin
2026-04-05 13:43:45,234 [INFO] PluginManager:220 - loadIPPluginJar : add quadspi
2026-04-05 13:43:45,239 [INFO] IPUIPlugin:80 - create IPUIPlugin
2026-04-05 13:43:45,239 [INFO] PluginManager:220 - loadIPPluginJar : add ts
2026-04-05 13:43:45,260 [INFO] IPUIPlugin:80 - create IPUIPlugin
2026-04-05 13:43:45,260 [INFO] PluginManager:220 - loadIPPluginJar : add i2c
2026-04-05 13:43:45,275 [INFO] IPUIPlugin:80 - create IPUIPlugin
2026-04-05 13:43:45,281 [INFO] PluginManager:220 - loadIPPluginJar : add ipddr
2026-04-05 13:43:45,285 [INFO] IPUIPlugin:80 - create IPUIPlugin
2026-04-05 13:43:45,286 [INFO] PluginManager:220 - loadIPPluginJar : add aes
2026-04-05 13:43:45,298 [INFO] IPUIPlugin:80 - create IPUIPlugin
2026-04-05 13:43:45,301 [INFO] PluginManager:220 - loadIPPluginJar : add sai
2026-04-05 13:43:45,310 [INFO] IPUIPlugin:80 - create IPUIPlugin
2026-04-05 13:43:45,310 [INFO] PluginManager:220 - loadIPPluginJar : add dma3
2026-04-05 13:43:45,324 [INFO] IPUIPlugin:80 - create IPUIPlugin
2026-04-05 13:43:45,324 [INFO] PluginManager:220 - loadIPPluginJar : add lorawan
2026-04-05 13:43:45,332 [INFO] IPUIPlugin:80 - create IPUIPlugin
2026-04-05 13:43:45,333 [INFO] PluginManager:220 - loadIPPluginJar : add dfsdm
2026-04-05 13:43:45,343 [INFO] IPUIPlugin:80 - create IPUIPlugin
2026-04-05 13:43:45,344 [INFO] PluginManager:220 - loadIPPluginJar : add gtzc
2026-04-05 13:43:45,354 [INFO] IPUIPlugin:80 - create IPUIPlugin
2026-04-05 13:43:45,354 [INFO] PluginManager:220 - loadIPPluginJar : add can
2026-04-05 13:43:45,373 [INFO] IPUIPlugin:80 - create IPUIPlugin
2026-04-05 13:43:45,373 [INFO] PluginManager:220 - loadIPPluginJar : add freertos
2026-04-05 13:43:45,376 [INFO] IPUIPlugin:80 - create IPUIPlugin
2026-04-05 13:43:45,379 [INFO] PluginManager:220 - loadIPPluginJar : add usart
2026-04-05 13:43:45,390 [INFO] IPUIPlugin:80 - create IPUIPlugin
2026-04-05 13:43:45,392 [INFO] PluginManager:220 - loadIPPluginJar : add fmc
2026-04-05 13:43:45,402 [INFO] IPUIPlugin:80 - create IPUIPlugin
2026-04-05 13:43:45,402 [INFO] PluginManager:220 - loadIPPluginJar : add gpio
2026-04-05 13:43:45,411 [INFO] IPUIPlugin:80 - create IPUIPlugin
2026-04-05 13:43:45,411 [INFO] PluginManager:220 - loadIPPluginJar : add i2s
2026-04-05 13:43:45,436 [INFO] IPUIPlugin:80 - create IPUIPlugin
2026-04-05 13:43:45,439 [INFO] PluginManager:220 - loadIPPluginJar : add mdma
2026-04-05 13:43:45,441 [INFO] IPUIPlugin:80 - create IPUIPlugin
2026-04-05 13:43:45,441 [INFO] PluginManager:220 - loadIPPluginJar : add ltdc
2026-04-05 13:43:45,451 [INFO] IPUIPlugin:80 - create IPUIPlugin
2026-04-05 13:43:45,453 [INFO] PluginManager:220 - loadIPPluginJar : add opamp
2026-04-05 13:43:45,483 [INFO] IPUIPlugin:80 - create IPUIPlugin
2026-04-05 13:43:45,484 [INFO] PluginManager:220 - loadIPPluginJar : add adc
2026-04-05 13:43:45,492 [INFO] IPUIPlugin:80 - create IPUIPlugin
2026-04-05 13:43:45,493 [INFO] PluginManager:220 - loadIPPluginJar : add ddr_ctrl_phy
2026-04-05 13:43:45,516 [INFO] IPUIPlugin:80 - create IPUIPlugin
2026-04-05 13:43:45,516 [INFO] PluginManager:220 - loadIPPluginJar : add stm32_wpan
2026-04-05 13:43:45,533 [INFO] IPUIPlugin:80 - create IPUIPlugin
2026-04-05 13:43:45,533 [INFO] PluginManager:220 - loadIPPluginJar : add dma
2026-04-05 13:43:45,536 [INFO] IPUIPlugin:80 - create IPUIPlugin
2026-04-05 13:43:45,536 [INFO] PluginManager:220 - loadIPPluginJar : add tsc
2026-04-05 13:43:45,539 [INFO] IPUIPlugin:80 - create IPUIPlugin
2026-04-05 13:43:45,539 [INFO] PluginManager:220 - loadIPPluginJar : add comp
2026-04-05 13:43:45,545 [INFO] IPUIPlugin:80 - create IPUIPlugin
2026-04-05 13:43:45,546 [INFO] PluginManager:220 - loadIPPluginJar : add fatfs
2026-04-05 13:43:45,551 [INFO] IPUIPlugin:80 - create IPUIPlugin
2026-04-05 13:43:45,551 [INFO] PluginManager:220 - loadIPPluginJar : add tim
2026-04-05 13:43:45,555 [INFO] IPUIPlugin:80 - create IPUIPlugin
2026-04-05 13:43:45,555 [INFO] PluginManager:220 - loadIPPluginJar : add gfxmmu
2026-04-05 13:43:45,562 [INFO] IPUIPlugin:80 - create IPUIPlugin
2026-04-05 13:43:45,565 [INFO] PluginManager:220 - loadIPPluginJar : add radio
2026-04-05 13:43:45,772 [FATAL] Updater:351 - Updater called before beeing initialized
2026-04-05 13:43:45,855 [INFO] RulesReader:64 - Compatibility file has been processed (302 Rules)
2026-04-05 13:43:45,887 [INFO] RulesReader:64 - Compatibility file has been processed (302 Rules)
2026-04-05 13:43:45,914 [INFO] CADModel:165 - CPN selected for project level
2026-04-05 13:43:45,914 [INFO] CADModel:114 - Register for checkConnection events
2026-04-05 13:43:45,914 [FATAL] Updater:351 - Updater called before beeing initialized
2026-04-05 13:43:45,914 [ERROR] CADModel:125 - Updater not yet initialized, retry later 
2026-04-05 13:43:46,260 [FATAL] Updater:351 - Updater called before beeing initialized
2026-04-05 13:43:46,265 [INFO] CADModel:165 - CPN selected for project level
2026-04-05 13:43:46,265 [INFO] CADModel:114 - Register for checkConnection events
2026-04-05 13:43:46,267 [FATAL] Updater:351 - Updater called before beeing initialized
2026-04-05 13:43:46,267 [ERROR] CADModel:125 - Updater not yet initialized, retry later 
2026-04-05 13:43:46,282 [FATAL] Updater:351 - Updater called before beeing initialized
2026-04-05 13:43:46,437 [FATAL] Updater:351 - Updater called before beeing initialized
2026-04-05 13:43:46,450 [INFO] DbMcusAds:53 - JSON generation date=Thu Mar 05 21:32:52 ICT 2026 (1772721172890)
2026-04-05 13:43:46,451 [FATAL] Updater:351 - Updater called before beeing initialized
2026-04-05 13:43:46,555 [WARN] DetailPanel:346 - Failed to get advertising image, set to default
2026-04-05 13:43:46,713 [INFO] ThirdPartyUpdaterWithRetryManager:70 - Updater plugin not ready yet. [2/15]
2026-04-05 13:43:47,060 [FATAL] Updater:351 - Updater called before beeing initialized
2026-04-05 13:43:47,064 [FATAL] Updater:351 - Updater called before beeing initialized
2026-04-05 13:43:47,064 [FATAL] Updater:351 - Updater called before beeing initialized
2026-04-05 13:43:47,064 [WARN] DetailPanel:346 - Failed to get advertising image, set to default
2026-04-05 13:43:47,065 [FATAL] Updater:351 - Updater called before beeing initialized
2026-04-05 13:43:47,141 [ERROR] Updater:1198 - MainUpdater not yet initialized. External WinMGr cannot be set.
2026-04-05 13:43:47,147 [INFO] Updater:1134 - Updater Version found : 6.14.1
2026-04-05 13:43:47,187 [INFO] ApplicationProperties:184 - Using Application install path: /opt/st/stm32cubeide_1.18.1/plugins/com.st.stm32cube.common.mx_6.14.1.202504091515
2026-04-05 13:43:47,886 [INFO] MainUpdater:2872 - connection check result : 10
2026-04-05 13:43:47,887 [INFO] MainUpdater:3566 - Updater definition file requires update
2026-04-05 13:43:47,888 [INFO] MainUpdater:289 - Updater Check For Update Now.
2026-04-05 13:43:47,888 [INFO] MicroXplorer:498 - Change Database Version : DB.6.0.141
2026-04-05 13:43:47,910 [INFO] McuFinderGlobals:63 - Set McuFinder mode to 2 (CubeIDE integrated)
2026-04-05 13:43:47,914 [INFO] UserAuth:484 - Internet connection configuration mode: 1
2026-04-05 13:43:47,937 [INFO] ServerAccessManage:473 - Download File updaters.zip
2026-04-05 13:43:47,990 [INFO] JxBrowserEngine:152 - Initiate JxBrowser Engine with user profile folder
2026-04-05 13:43:48,355 [INFO] FileExtend:242 - Unzip File : updaters.zip
2026-04-05 13:43:48,364 [INFO] FileExtend:257 - Standard Zip Deflate
2026-04-05 13:43:49,298 [INFO] ServerAccessManage:473 - Download File PacksControlFlags.xml
2026-04-05 13:43:49,584 [INFO] ServerAccessManage:473 - Download File cubemx.pidx
2026-04-05 13:43:49,717 [WARN] MainUpdater:1193 - Updater busy. Cannot search thirdparties
2026-04-05 13:43:49,717 [INFO] ThirdPartyUpdaterWithRetryManager:96 - Updater plugin is busy. [1/15]
2026-04-05 13:43:52,718 [WARN] MainUpdater:1193 - Updater busy. Cannot search thirdparties
2026-04-05 13:43:52,719 [INFO] ThirdPartyUpdaterWithRetryManager:96 - Updater plugin is busy. [2/15]
2026-04-05 13:43:53,557 [INFO] WebApp:169 - Instantiating new browser for Auth
2026-04-05 13:43:55,725 [WARN] MainUpdater:1193 - Updater busy. Cannot search thirdparties
2026-04-05 13:43:55,725 [INFO] ThirdPartyUpdaterWithRetryManager:96 - Updater plugin is busy. [3/15]
2026-04-05 13:43:56,197 [INFO] ServerAccessManage:473 - Download File STMicroelectronics.eDS-WB_DPC_VIENNA.pdsc
2026-04-05 13:43:57,048 [INFO] WebApp:463 - Apply proxy settings
2026-04-05 13:43:57,049 [INFO] WebApp:548 - Chromium requires no authentication
2026-04-05 13:43:57,073 [INFO] WebApp:491 - Direct internet connection detected
2026-04-05 13:43:57,126 [INFO] WebApp:894 - Register for checkConnection events
2026-04-05 13:43:57,127 [INFO] WebApp:463 - Apply proxy settings
2026-04-05 13:43:57,127 [INFO] WebApp:548 - Chromium requires no authentication
2026-04-05 13:43:57,128 [INFO] WebApp:491 - Direct internet connection detected
2026-04-05 13:43:57,192 [ERROR] ServerAccessManage:1089 - Problem, file not found on Server
2026-04-05 13:43:57,361 [INFO] WebApp:191 - Connection restablished
2026-04-05 13:43:57,382 [INFO] WebApp:225 - Starting web application
2026-04-05 13:43:57,383 [INFO] WebApp:593 - Web application path used /opt/st/stm32cubeide_1.18.1/plugins/com.st.stm32cube.common.mx_6.14.1.202504091515/db/plugins/mcufinder/reactClient1/index.html
2026-04-05 13:43:57,820 [ERROR] ServerAccessManage:1089 - Problem, file not found on Server
2026-04-05 13:43:57,889 [INFO] UserAuth:484 - Internet connection configuration mode: 1
2026-04-05 13:43:58,407 [ERROR] ServerAccessManage:1089 - Problem, file not found on Server
2026-04-05 13:43:58,725 [WARN] MainUpdater:1193 - Updater busy. Cannot search thirdparties
2026-04-05 13:43:58,726 [INFO] ThirdPartyUpdaterWithRetryManager:96 - Updater plugin is busy. [4/15]
2026-04-05 13:43:59,072 [ERROR] ServerAccessManage:1089 - Problem, file not found on Server
2026-04-05 13:43:59,401 [ERROR] ServerAccessManage:1089 - Problem, file not found on Server
2026-04-05 13:43:59,513 [INFO] ServerAccessManage:473 - Download File STMicroelectronics.eDS-WB_DPC_TT-BIDIR.pdsc
2026-04-05 13:44:00,202 [ERROR] ServerAccessManage:1089 - Problem, file not found on Server
2026-04-05 13:44:00,760 [ERROR] ServerAccessManage:1089 - Problem, file not found on Server
2026-04-05 13:44:01,310 [ERROR] ServerAccessManage:1089 - Problem, file not found on Server
2026-04-05 13:44:01,726 [WARN] MainUpdater:1193 - Updater busy. Cannot search thirdparties
2026-04-05 13:44:01,726 [INFO] ThirdPartyUpdaterWithRetryManager:96 - Updater plugin is busy. [5/15]
2026-04-05 13:44:01,843 [ERROR] ServerAccessManage:1089 - Problem, file not found on Server
2026-04-05 13:44:01,947 [INFO] ServerAccessManage:473 - Download File STMicroelectronics.eDS-WB_DPC_3PH2L-BIDIR.pdsc
2026-04-05 13:44:02,624 [ERROR] ServerAccessManage:1089 - Problem, file not found on Server
2026-04-05 13:44:04,369 [WARN] PackLoader:240 - Cannot read IP mode file for STMicroelectronics.eDS-WB_DPC_VIENNA.1.2.0
2026-04-05 13:44:04,391 [WARN] PackLoader:240 - Cannot read IP mode file for STMicroelectronics.eDS-WB_DPC_TT-BIDIR.2.1.1
2026-04-05 13:44:04,398 [WARN] PackLoader:240 - Cannot read IP mode file for STMicroelectronics.eDS-WB_DPC_3PH2L-BIDIR.1.1.1
2026-04-05 13:44:04,399 [INFO] PopulateThirdPartyThread:66 - Ending populate Thread
2026-04-05 13:44:04,412 [INFO] ThirdParty:1030 - CMSIS Pack Vendor :STMicroelectronics eDS-WB_DPC_TT-BIDIR 2.1.1
2026-04-05 13:44:04,413 [INFO] ThirdParty:1030 - CMSIS Pack Vendor :STMicroelectronics eDS-WB_DPC_VIENNA 1.2.0
2026-04-05 13:44:04,419 [INFO] ThirdParty:1030 - CMSIS Pack Vendor :STMicroelectronics eDS-WB_DPC_3PH2L-BIDIR 1.1.1
2026-04-05 13:44:04,420 [INFO] LoadServerUpdatesThread:375 - End of LoadServerUpdate Thread
2026-04-05 13:44:04,636 [INFO] CheckServerUpdateThread:120 - End of CheckServer Thread
2026-04-05 13:44:05,022 [WARN] PackLoader:240 - Cannot read IP mode file for STMicroelectronics.X-CUBE-AZRTOS-H7.3.5.0
2026-04-05 13:44:05,056 [WARN] PackLoader:240 - Cannot read IP mode file for STMicroelectronics.FP-ATR-ASTRA1.2.0.2
2026-04-05 13:44:05,073 [WARN] PackLoader:240 - Cannot read IP mode file for STMicroelectronics.X-CUBE-SMBUS.2.1.0
2026-04-05 13:44:05,144 [WARN] PackLoader:240 - Cannot read IP mode file for STMicroelectronics.X-CUBE-AZRTOS-F7.1.1.0
2026-04-05 13:44:05,178 [ERROR] Engine:466 - /home/vatcraft/.stm32cubemx/thirdparties/pdsc/STMicroelectronics.FP-SNS-MOTENV1.5.1.0.pdsc: PDSC version is not supported
2026-04-05 13:44:05,183 [ERROR] Engine:466 - /home/vatcraft/.stm32cubemx/thirdparties/pdsc/WES.I-CUBE-Cesium.1.4.0.pdsc: PDSC version is not supported
2026-04-05 13:44:05,205 [WARN] PackLoader:240 - Cannot read IP mode file for STMicroelectronics.X-CUBE-DISPLAY.3.0.0
2026-04-05 13:44:05,245 [ERROR] Engine:466 - /home/vatcraft/.stm32cubemx/thirdparties/pdsc/STMicroelectronics.FP-SNS-MOTENVWB1.1.5.0.pdsc: PDSC version is not supported
2026-04-05 13:44:05,266 [WARN] PackLoader:240 - Cannot read IP mode file for STMicroelectronics.X-CUBE-NFC10.1.0.0
2026-04-05 13:44:05,286 [WARN] PackLoader:240 - Cannot read IP mode file for STMicroelectronics.X-CUBE-ST60.1.1.0
2026-04-05 13:44:05,299 [WARN] PackLoader:240 - Cannot read IP mode file for emotas.I-CUBE-CANOPEN.1.3.0
2026-04-05 13:44:05,316 [WARN] PackLoader:240 - Cannot read IP mode file for STMicroelectronics.X-CUBE-GNSS1.7.1.0
2026-04-05 13:44:05,335 [ERROR] Engine:466 - /home/vatcraft/.stm32cubemx/thirdparties/pdsc/STMicroelectronics.FP-SNS-STBOX1.2.1.0.pdsc: PDSC version is not supported
2026-04-05 13:44:05,342 [WARN] PackLoader:240 - Cannot read IP mode file for STMicroelectronics.FP-SNS-SMARTAG2.1.2.0
2026-04-05 13:44:05,352 [WARN] PackLoader:240 - Cannot read IP mode file for STMicroelectronics.FP-SNS-FLIGHT1.5.1.0
2026-04-05 13:44:05,392 [INFO] LogOutputStream:77 - [STDOUT_REDIRECT] 1 : Invalid condition id : UX_CORESTACK_Condition cause : null
2026-04-05 13:44:05,392 [INFO] LogOutputStream:77 - [STDOUT_REDIRECT] 1 : Invalid condition id : UX_CORESTACK_Condition cause : null
2026-04-05 13:44:05,393 [INFO] LogOutputStream:77 - [STDOUT_REDIRECT] 1 : Invalid condition id : UX_CORESTACK_Condition cause : null
2026-04-05 13:44:05,393 [INFO] LogOutputStream:77 - [STDOUT_REDIRECT] 1 : Invalid condition id : UX_CORESTACK_Condition cause : null
2026-04-05 13:44:05,394 [INFO] LogOutputStream:77 - [STDOUT_REDIRECT] 1 : Invalid condition id : UX_CORESTACK_Condition cause : null
2026-04-05 13:44:05,409 [WARN] PackLoader:240 - Cannot read IP mode file for STMicroelectronics.X-CUBE-AZRTOS-WL.2.0.0
2026-04-05 13:44:05,523 [WARN] PackLoader:240 - Cannot read IP mode file for STMicroelectronics.X-CUBE-AZRTOS-H7RS.1.2.0
2026-04-05 13:44:05,605 [WARN] PackLoader:240 - Cannot read IP mode file for STMicroelectronics.X-CUBE-BLE2.3.3.0
2026-04-05 13:44:05,735 [WARN] PackLoader:240 - Cannot read IP mode file for Infineon.AIROC-Wi-Fi-Bluetooth-STM32.1.8.0
2026-04-05 13:44:05,766 [WARN] PackLoader:240 - Cannot read IP mode file for STMicroelectronics.X-CUBE-NFC9.1.0.0
2026-04-05 13:44:05,780 [WARN] PackLoader:240 - Cannot read IP mode file for STMicroelectronics.X-CUBE-BLE1.7.1.0
2026-04-05 13:44:05,787 [WARN] PackLoader:240 - Cannot read IP mode file for wolfSSL.I-CUBE-wolfMQTT.1.19.2
2026-04-05 13:44:05,798 [WARN] PackLoader:240 - Cannot read IP mode file for STMicroelectronics.X-CUBE-EEPRMA1.5.2.0
2026-04-05 13:44:05,809 [WARN] PackLoader:240 - Cannot read IP mode file for wolfSSL.I-CUBE-wolfSSL.5.8.4
2026-04-05 13:44:05,821 [WARN] PackLoader:240 - Cannot read IP mode file for Cesanta.I-CUBE-Mongoose.7.20.0
2026-04-05 13:44:05,919 [WARN] PackLoader:240 - Cannot read IP mode file for STMicroelectronics.X-CUBE-MEMS1.12.0.0
2026-04-05 13:44:06,129 [WARN] PackLoader:240 - Cannot read IP mode file for STMicroelectronics.X-CUBE-AZRTOS-G0.1.1.0
2026-04-05 13:44:06,141 [WARN] PackLoader:240 - Cannot read IP mode file for STMicroelectronics.X-CUBE-NFC4.3.0.0
2026-04-05 13:44:06,153 [WARN] PackLoader:240 - Cannot read IP mode file for EmbeddedOffice.I-CUBE-FS-RTOS.1.0.1
2026-04-05 13:44:06,158 [WARN] PackLoader:240 - Cannot read IP mode file for STMicroelectronics.X-CUBE-WB05N.2.0.0
2026-04-05 13:44:06,162 [WARN] PackLoader:240 - Cannot read IP mode file for wolfSSL.I-CUBE-wolfTPM.3.8.0
2026-04-05 13:44:06,169 [WARN] PackLoader:240 - Cannot read IP mode file for STMicroelectronics.X-CUBE-TCPP.4.2.0
2026-04-05 13:44:06,174 [WARN] PackLoader:240 - Cannot read IP mode file for RealThread.X-CUBE-RT-Thread_Nano.4.1.1
2026-04-05 13:44:06,178 [WARN] PackLoader:240 - Cannot read IP mode file for STMicroelectronics.FP-ATR-SIGFOX1.3.2.0
2026-04-05 13:44:06,181 [ERROR] Engine:466 - /home/vatcraft/.stm32cubemx/thirdparties/pdsc/STMicroelectronics.X-CUBE-FREERTOS.1.5.0.pdsc: PDSC version is not supported
2026-04-05 13:44:06,189 [WARN] PackLoader:240 - Cannot read IP mode file for ITTIA_DB.I-CUBE-ITTIADB.8.9.0
2026-04-05 13:44:06,203 [WARN] PackLoader:240 - Cannot read IP mode file for STMicroelectronics.X-CUBE-NFC6.3.2.0
2026-04-05 13:44:06,209 [WARN] PackLoader:240 - Cannot read IP mode file for STMicroelectronics.X-CUBE-AI.10.2.0
2026-04-05 13:44:06,235 [WARN] PackLoader:240 - Cannot read IP mode file for SEGGER.I-CUBE-embOS.1.3.1
2026-04-05 13:44:06,284 [WARN] PackLoader:240 - Cannot read IP mode file for STMicroelectronics.X-CUBE-ALGOBUILD.1.4.0
2026-04-05 13:44:06,288 [WARN] PackLoader:240 - Cannot read IP mode file for STMicroelectronics.X-CUBE-PM33A1.1.0.0
2026-04-05 13:44:06,303 [WARN] PackLoader:240 - Cannot read IP mode file for STMicroelectronics.X-CUBE-AZRTOS-F4.1.1.0
2026-04-05 13:44:06,307 [WARN] PackLoader:240 - Cannot read IP mode file for STMicroelectronics.X-CUBE-ISPU.2.1.0
2026-04-05 13:44:06,315 [ERROR] Engine:466 - /home/vatcraft/.stm32cubemx/thirdparties/pdsc/STMicroelectronics.X-CUBE-IPS.3.2.0.pdsc: PDSC version is not supported
2026-04-05 13:44:06,317 [WARN] PackLoader:240 - Cannot read IP mode file for STMicroelectronics.eDS-WB_DPC_TT-BIDIR.2.1.1
2026-04-05 13:44:06,351 [WARN] PackLoader:240 - Cannot read IP mode file for STMicroelectronics.X-CUBE-NFC12.1.0.0
2026-04-05 13:44:06,377 [WARN] PackLoader:240 - Cannot read IP mode file for STMicroelectronics.X-CUBE-AZRTOS-L5.2.0.0
2026-04-05 13:44:06,386 [WARN] PackLoader:240 - Cannot read IP mode file for STMicroelectronics.eDS-WB_DPC_VIENNA.1.2.0
2026-04-05 13:44:06,388 [WARN] PackLoader:240 - Cannot read IP mode file for STMicroelectronics.eDS-WB_DPC_3PH2L-BIDIR.1.1.1
2026-04-05 13:44:06,392 [WARN] PackLoader:240 - Cannot read IP mode file for STMicroelectronics.X-CUBE-TOUCHGFX.4.26.1
2026-04-05 13:44:06,398 [WARN] PackLoader:240 - Cannot read IP mode file for STMicroelectronics.FP-SNS-STAIOTCFT.1.0.0
2026-04-05 13:44:06,405 [WARN] PackLoader:240 - Cannot read IP mode file for STMicroelectronics.X-CUBE-DPower.1.3.0
2026-04-05 13:44:06,434 [WARN] ConditionMgr:438 - getConditionDescription Invalid condition id : LAN8742 Phy interface Condition cause : null
2026-04-05 13:44:06,436 [WARN] PackLoader:240 - Cannot read IP mode file for STMicroelectronics.X-CUBE-AZRTOS-L4.2.0.0
2026-04-05 13:44:06,438 [WARN] ConditionMgr:1044 - genDependencies : Invalid condition id : LAN8742 Phy interface Condition cause : null
2026-04-05 13:44:06,438 [WARN] ConditionMgr:1044 - genDependencies : Invalid condition id : LAN8742 Phy interface Condition cause : null
2026-04-05 13:44:06,439 [WARN] ConditionMgr:1044 - genDependencies : Invalid condition id : LAN8742 Phy interface Condition cause : null
2026-04-05 13:44:06,454 [WARN] PackLoader:240 - Cannot read IP mode file for STMicroelectronics.X-CUBE-SFXS2LP1.4.0.0
2026-04-05 13:44:06,463 [ERROR] Engine:466 - /home/vatcraft/.stm32cubemx/thirdparties/pdsc/STMicroelectronics.X-CUBE-ST67W61.1.2.0.pdsc: PDSC version is not supported
2026-04-05 13:44:06,493 [WARN] PackLoader:240 - Cannot read IP mode file for STMicroelectronics.X-CUBE-BLEMGR.4.1.0
2026-04-05 13:44:06,544 [WARN] ConditionMgr:438 - getConditionDescription Invalid condition id : UX DEVICE CLASS RTOS Condition cause : null
2026-04-05 13:44:06,545 [WARN] ConditionMgr:438 - getConditionDescription Invalid condition id : UX DEVICE CLASS RTOS Condition cause : null
2026-04-05 13:44:06,554 [WARN] PackLoader:240 - Cannot read IP mode file for STMicroelectronics.X-CUBE-AZRTOS-WB.2.0.0
2026-04-05 13:44:06,555 [WARN] ConditionMgr:1044 - genDependencies : Invalid condition id : UX DEVICE CLASS RTOS Condition cause : null
2026-04-05 13:44:06,555 [WARN] ConditionMgr:1044 - genDependencies : Invalid condition id : UX DEVICE CLASS RTOS Condition cause : null
2026-04-05 13:44:06,574 [WARN] ConditionMgr:1044 - genDependencies : Invalid condition id : UX DEVICE CLASS RTOS Condition cause : null
2026-04-05 13:44:06,574 [WARN] ConditionMgr:1044 - genDependencies : Invalid condition id : UX DEVICE CLASS RTOS Condition cause : null
2026-04-05 13:44:06,575 [WARN] ConditionMgr:1044 - genDependencies : Invalid condition id : UX DEVICE CLASS RTOS Condition cause : null
2026-04-05 13:44:06,581 [WARN] ConditionMgr:438 - getConditionDescription Invalid condition id : Cortex-A Device cause : null
2026-04-05 13:44:06,594 [WARN] ConditionMgr:1044 - genDependencies : Invalid condition id : Cortex-A Device cause : null
2026-04-05 13:44:06,595 [WARN] ConditionMgr:1044 - genDependencies : Invalid condition id : Cortex-A Device cause : null
2026-04-05 13:44:06,595 [WARN] ConditionMgr:1044 - genDependencies : Invalid condition id : Cortex-A Device cause : null
2026-04-05 13:44:06,610 [WARN] PackLoader:240 - Cannot read IP mode file for STMicroelectronics.X-CUBE-STSE01.2.0.0
2026-04-05 13:44:06,635 [WARN] PackLoader:240 - Cannot read IP mode file for STMicroelectronics.X-CUBE-SUBG2.5.0.0
2026-04-05 13:44:06,668 [WARN] PackLoader:240 - Cannot read IP mode file for STMicroelectronics.X-CUBE-AZRTOS-G4.2.0.0
2026-04-05 13:44:06,675 [WARN] PackLoader:240 - Cannot read IP mode file for wolfSSL.I-CUBE-wolfSSH.1.4.20
2026-04-05 13:44:06,679 [WARN] PackLoader:240 - Cannot read IP mode file for STMicroelectronics.X-CUBE-NFC7.2.0.0
2026-04-05 13:44:06,688 [WARN] PackLoader:240 - Cannot read IP mode file for STMicroelectronics.X-CUBE-ALS.1.0.2
2026-04-05 13:44:06,705 [WARN] PackLoader:240 - Cannot read IP mode file for STMicroelectronics.X-CUBE-TOF1.3.4.3
2026-04-05 13:44:06,722 [INFO] ThirdParty:978 - Integrity check success = true
2026-04-05 13:44:06,723 [INFO] IntegrityCheckThread:100 - exiting critical section [integrity check]
2026-04-05 13:44:06,723 [INFO] IntegrityCheckThread:103 - End integrity checks thread
