2026-05-18 09:05:01,317 [INFO] Activator:176 - 


2026-05-18 09:05:01,321 [INFO] Activator:177 - !SESSION log4j initialized
2026-05-18 09:05:07,257 [INFO] LogOutputStream:77 - [STDOUT_REDIRECT] 
2026-05-18 09:05:08,838 [INFO] ApplicationProperties:184 - Using Application install path: /opt/st/stm32cubeide_1.18.1/plugins/com.st.stm32cube.common.mx_6.14.1.202504091515
2026-05-18 09:05:08,868 [INFO] DbMcusXml:78 - Set database path to: /opt/st/stm32cubeide_1.18.1/plugins/com.st.stm32cube.common.mx_6.14.1.202504091515//db//mcu/
2026-05-18 09:05:08,871 [INFO] ApiDb:274 - Set plugin database path to: /opt/st/stm32cubeide_1.18.1/plugins/com.st.stm32cube.common.mx_6.14.1.202504091515//db//plugins/boardmanager/
2026-05-18 09:05:08,872 [WARN] ApiDb:259 - Overriding images path with different value:  => /opt/st/stm32cubeide_1.18.1/plugins/com.st.stm32cube.common.mx_6.14.1.202504091515//db//plugins/mcufinder/images/
2026-05-18 09:05:08,885 [INFO] ApiDb:250 - Set database path to: /home/vatcraft/.stmcufinder/plugins/mcufinder//mcu/
2026-05-18 09:05:08,889 [INFO] DbMcusAds:125 - Set database path to: /home/vatcraft/.stmcufinder/plugins/mcufinder//mcu/
2026-05-18 09:05:08,895 [INFO] CrossReferenceDbSqlite:203 - Set database path to: /home/vatcraft/.stmcufinder/plugins/mcufinder//mcu/cs/
2026-05-18 09:05:09,246 [INFO] RulesReader:64 - Compatibility file has been processed (302 Rules)
2026-05-18 09:05:09,410 [INFO] DbMcusXml:78 - Set database path to: /opt/st/stm32cubeide_1.18.1/plugins/com.st.stm32cube.common.mx_6.14.1.202504091515//db//mcu/
2026-05-18 09:05:09,410 [INFO] ApiDb:274 - Set plugin database path to: /opt/st/stm32cubeide_1.18.1/plugins/com.st.stm32cube.common.mx_6.14.1.202504091515//db//plugins/boardmanager/
2026-05-18 09:05:09,412 [INFO] ApiDb:261 - Set plugin images path to: /opt/st/stm32cubeide_1.18.1/plugins/com.st.stm32cube.common.mx_6.14.1.202504091515//db//plugins/mcufinder/images/
2026-05-18 09:05:09,413 [WARN] DbFile:41 - Overriding database path with different value: /home/vatcraft/.stmcufinder/plugins/mcufinder/ => /home/vatcraft/.stmcufinder/plugins/mcufinder
2026-05-18 09:05:09,413 [INFO] ApiDb:250 - Set database path to: /home/vatcraft/.stmcufinder/plugins/mcufinder//mcu/
2026-05-18 09:05:09,413 [WARN] DbFile:41 - Overriding database path with different value: /home/vatcraft/.stmcufinder/plugins/mcufinder/ => /home/vatcraft/.stmcufinder/plugins/mcufinder
2026-05-18 09:05:09,414 [INFO] DbMcusAds:125 - Set database path to: /home/vatcraft/.stmcufinder/plugins/mcufinder//mcu/
2026-05-18 09:05:09,414 [WARN] DbFile:41 - Overriding database path with different value: /home/vatcraft/.stmcufinder/plugins/mcufinder/ => /home/vatcraft/.stmcufinder/plugins/mcufinder
2026-05-18 09:05:09,414 [WARN] DbFile:41 - Overriding database path with different value: /home/vatcraft/.stmcufinder/plugins/mcufinder/ => /home/vatcraft/.stmcufinder/plugins/mcufinder
2026-05-18 09:05:09,414 [INFO] CrossReferenceDbSqlite:203 - Set database path to: /home/vatcraft/.stmcufinder/plugins/mcufinder//mcu/cs/
2026-05-18 09:05:09,540 [INFO] MainPanel:272 - HeapMemory: 268435456
2026-05-18 09:05:09,770 [INFO] DbMcusXml:78 - Set database path to: /opt/st/stm32cubeide_1.18.1/plugins/com.st.stm32cube.common.mx_6.14.1.202504091515//db//mcu/
2026-05-18 09:05:09,771 [INFO] ApiDb:274 - Set plugin database path to: /opt/st/stm32cubeide_1.18.1/plugins/com.st.stm32cube.common.mx_6.14.1.202504091515//db//plugins/boardmanager/
2026-05-18 09:05:09,771 [INFO] ApiDb:261 - Set plugin images path to: /opt/st/stm32cubeide_1.18.1/plugins/com.st.stm32cube.common.mx_6.14.1.202504091515//db//plugins/mcufinder/images/
2026-05-18 09:05:09,771 [WARN] DbFile:41 - Overriding database path with different value: /home/vatcraft/.stmcufinder/plugins/mcufinder/ => /home/vatcraft/.stmcufinder/plugins/mcufinder
2026-05-18 09:05:09,771 [INFO] ApiDb:250 - Set database path to: /home/vatcraft/.stmcufinder/plugins/mcufinder//mcu/
2026-05-18 09:05:09,771 [WARN] DbFile:41 - Overriding database path with different value: /home/vatcraft/.stmcufinder/plugins/mcufinder/ => /home/vatcraft/.stmcufinder/plugins/mcufinder
2026-05-18 09:05:09,772 [INFO] DbMcusAds:125 - Set database path to: /home/vatcraft/.stmcufinder/plugins/mcufinder//mcu/
2026-05-18 09:05:09,772 [WARN] DbFile:41 - Overriding database path with different value: /home/vatcraft/.stmcufinder/plugins/mcufinder/ => /home/vatcraft/.stmcufinder/plugins/mcufinder
2026-05-18 09:05:09,772 [WARN] DbFile:41 - Overriding database path with different value: /home/vatcraft/.stmcufinder/plugins/mcufinder/ => /home/vatcraft/.stmcufinder/plugins/mcufinder
2026-05-18 09:05:09,772 [INFO] CrossReferenceDbSqlite:203 - Set database path to: /home/vatcraft/.stmcufinder/plugins/mcufinder//mcu/cs/
2026-05-18 09:05:09,792 [INFO] ApplicationProperties:184 - Using Application install path: /opt/st/stm32cubeide_1.18.1/plugins/com.st.stm32cube.common.mx_6.14.1.202504091515
2026-05-18 09:05:09,795 [INFO] PluginManage:196 - Search for loadable plugins [exclusion list=, ]
2026-05-18 09:05:09,798 [INFO] PluginManage:310 - Check plugin analytics
2026-05-18 09:05:10,122 [INFO] AnalyticsPlugin:253 - Accepted Software Licenses: 
2026-05-18 09:05:10,127 [INFO] AnalyticsPlugin:255 - Accepted CMSIS Pack Licenses: 
2026-05-18 09:05:10,128 [INFO] AnalyticsPlugin:257 - Accepted Firmware Licenses: FW.F4.1.28.0,FW.L4.1.18.0
2026-05-18 09:05:10,140 [INFO] PluginManage:359 - Loaded plugin analytics (category:tool,tabindex:-1)
2026-05-18 09:05:10,141 [INFO] PluginManage:310 - Check plugin cadmodel
2026-05-18 09:05:10,151 [INFO] CADModel:105 - Init CAD model plugin
2026-05-18 09:05:10,152 [INFO] PluginManage:359 - Loaded plugin cadmodel (category:power,tabindex:5)
2026-05-18 09:05:10,152 [INFO] PluginManage:310 - Check plugin clock
2026-05-18 09:05:10,166 [INFO] PluginManage:359 - Loaded plugin clock (category:base,tabindex:2)
2026-05-18 09:05:10,166 [INFO] PluginManage:310 - Check plugin ddr
2026-05-18 09:05:10,171 [INFO] PluginManage:359 - Loaded plugin ddr (category:tool,tabindex:6)
2026-05-18 09:05:10,171 [INFO] PluginManage:310 - Check plugin filemanager
2026-05-18 09:05:10,455 [INFO] PluginManage:359 - Loaded plugin filemanager (category:base,tabindex:10)
2026-05-18 09:05:10,455 [INFO] PluginManage:310 - Check plugin ipmanager
2026-05-18 09:05:10,465 [INFO] PluginManage:359 - Loaded plugin ipmanager (category:base,tabindex:5)
2026-05-18 09:05:10,465 [INFO] PluginManage:310 - Check plugin lpbam
2026-05-18 09:05:10,480 [INFO] PluginManage:359 - Loaded plugin lpbam (category:base,tabindex:0)
2026-05-18 09:05:10,481 [INFO] PluginManage:310 - Check plugin memorymap
2026-05-18 09:05:10,497 [INFO] PluginManage:359 - Loaded plugin memorymap (category:base,tabindex:4)
2026-05-18 09:05:10,497 [INFO] PluginManage:310 - Check plugin pinoutandconfiguration
2026-05-18 09:05:10,507 [INFO] PluginManage:359 - Loaded plugin pinoutandconfiguration (category:base,tabindex:1)
2026-05-18 09:05:10,508 [INFO] PluginManage:310 - Check plugin pinoutconfig
2026-05-18 09:05:10,643 [WARN] SupportedApi:132 - Cannot load RTOS API schema: s4s-elt-must-match.1: The content of 'definitions' must match (annotation?, (simpleType | complexType)?, (unique | key | keyref)*)). A problem was found starting at: attribute.
2026-05-18 09:05:10,828 [INFO] PluginManage:359 - Loaded plugin pinoutconfig (category:base,tabindex:0)
2026-05-18 09:05:10,828 [INFO] PluginManage:310 - Check plugin power
2026-05-18 09:05:10,838 [INFO] PluginManage:359 - Loaded plugin power (category:power,tabindex:4)
2026-05-18 09:05:10,838 [INFO] PluginManage:310 - Check plugin projectmanager
2026-05-18 09:05:10,871 [INFO] PluginManage:359 - Loaded plugin projectmanager (category:projectmanager,tabindex:4)
2026-05-18 09:05:10,874 [INFO] PluginManage:310 - Check plugin rif
2026-05-18 09:05:10,882 [INFO] PluginManage:359 - Loaded plugin rif (category:base,tabindex:3)
2026-05-18 09:05:10,882 [INFO] PluginManage:310 - Check plugin thirdparty
2026-05-18 09:05:11,056 [WARN] IntegrityCheckThread:84 - waiting for thirdparty lock release [integrity check]
2026-05-18 09:05:11,056 [INFO] PluginManage:359 - Loaded plugin thirdparty (category:base,tabindex:-1)
2026-05-18 09:05:11,056 [INFO] IntegrityCheckThread:86 - entering critical section [integrity check]
2026-05-18 09:05:11,056 [INFO] PluginManage:310 - Check plugin tools
2026-05-18 09:05:11,059 [INFO] ThirdPartyUpdaterWithRetryManager:70 - Updater plugin not ready yet. [1/15]
2026-05-18 09:05:11,062 [INFO] PluginManage:359 - Loaded plugin tools (category:base,tabindex:7)
2026-05-18 09:05:11,063 [INFO] PluginManage:310 - Check plugin tutovideos
2026-05-18 09:05:11,336 [INFO] PluginManage:359 - Loaded plugin tutovideos (category:base,tabindex:-1)
2026-05-18 09:05:11,336 [INFO] PluginManage:310 - Check plugin updater
2026-05-18 09:05:11,393 [INFO] PluginManage:359 - Loaded plugin updater (category:base,tabindex:12)
2026-05-18 09:05:11,393 [INFO] PluginManage:310 - Check plugin userauth
2026-05-18 09:05:11,401 [INFO] UserAuth:118 - Init User Auth plugin
2026-05-18 09:05:11,403 [INFO] PluginManage:359 - Loaded plugin userauth (category:base,tabindex:14)
2026-05-18 09:05:11,404 [INFO] PluginManage:283 - PluginManage : Loaded plugins [18]
2026-05-18 09:05:11,681 [INFO] PinOutPanel:1589 - setPackage(No Configuration,No Configuration)
2026-05-18 09:05:11,776 [INFO] CADModel:165 - CPN selected for project level
2026-05-18 09:05:11,777 [INFO] CADModel:114 - Register for checkConnection events
2026-05-18 09:05:11,790 [INFO] IPUIPlugin:80 - create IPUIPlugin
2026-05-18 09:05:11,791 [INFO] PluginManager:220 - loadIPPluginJar : add openamp
2026-05-18 09:05:11,798 [INFO] IPUIPlugin:80 - create IPUIPlugin
2026-05-18 09:05:11,799 [INFO] PluginManager:220 - loadIPPluginJar : add pdm2pcm
2026-05-18 09:05:11,802 [INFO] IPUIPlugin:80 - create IPUIPlugin
2026-05-18 09:05:11,803 [INFO] PluginManager:220 - loadIPPluginJar : add touchsensing
2026-05-18 09:05:11,811 [INFO] IPUIPlugin:80 - create IPUIPlugin
2026-05-18 09:05:11,815 [INFO] PluginManager:220 - loadIPPluginJar : add plateformsettings
2026-05-18 09:05:11,822 [INFO] IPUIPlugin:80 - create IPUIPlugin
2026-05-18 09:05:11,822 [INFO] PluginManager:220 - loadIPPluginJar : add resmgrutility
2026-05-18 09:05:11,831 [INFO] IPUIPlugin:80 - create IPUIPlugin
2026-05-18 09:05:11,831 [INFO] PluginManager:220 - loadIPPluginJar : add gic
2026-05-18 09:05:11,833 [INFO] IPUIPlugin:80 - create IPUIPlugin
2026-05-18 09:05:11,833 [INFO] PluginManager:220 - loadIPPluginJar : add genericplugin
2026-05-18 09:05:11,836 [INFO] IPUIPlugin:80 - create IPUIPlugin
2026-05-18 09:05:11,836 [INFO] PluginManager:220 - loadIPPluginJar : add tracer_emb
2026-05-18 09:05:11,840 [INFO] IPUIPlugin:80 - create IPUIPlugin
2026-05-18 09:05:11,840 [INFO] PluginManager:220 - loadIPPluginJar : add extmemmanager
2026-05-18 09:05:11,844 [INFO] IPUIPlugin:80 - create IPUIPlugin
2026-05-18 09:05:11,845 [INFO] PluginManager:220 - loadIPPluginJar : add spi
2026-05-18 09:05:11,855 [INFO] IPUIPlugin:80 - create IPUIPlugin
2026-05-18 09:05:11,855 [INFO] PluginManager:220 - loadIPPluginJar : add linkedlist
2026-05-18 09:05:11,858 [INFO] IPUIPlugin:80 - create IPUIPlugin
2026-05-18 09:05:11,858 [INFO] PluginManager:220 - loadIPPluginJar : add ucpd
2026-05-18 09:05:11,864 [INFO] IPUIPlugin:80 - create IPUIPlugin
2026-05-18 09:05:11,864 [INFO] PluginManager:220 - loadIPPluginJar : add i3c
2026-05-18 09:05:11,867 [INFO] IPUIPlugin:80 - create IPUIPlugin
2026-05-18 09:05:11,867 [INFO] PluginManager:220 - loadIPPluginJar : add hash
2026-05-18 09:05:11,872 [INFO] IPUIPlugin:80 - create IPUIPlugin
2026-05-18 09:05:11,872 [INFO] PluginManager:220 - loadIPPluginJar : add nvic
2026-05-18 09:05:11,876 [INFO] IPUIPlugin:80 - create IPUIPlugin
2026-05-18 09:05:11,877 [INFO] PluginManager:220 - loadIPPluginJar : add usbx
2026-05-18 09:05:11,881 [INFO] IPUIPlugin:80 - create IPUIPlugin
2026-05-18 09:05:11,882 [INFO] PluginManager:220 - loadIPPluginJar : add cryp
2026-05-18 09:05:11,883 [INFO] IPUIPlugin:80 - create IPUIPlugin
2026-05-18 09:05:11,883 [INFO] PluginManager:220 - loadIPPluginJar : add quadspi
2026-05-18 09:05:11,885 [INFO] IPUIPlugin:80 - create IPUIPlugin
2026-05-18 09:05:11,886 [INFO] PluginManager:220 - loadIPPluginJar : add ts
2026-05-18 09:05:11,889 [INFO] IPUIPlugin:80 - create IPUIPlugin
2026-05-18 09:05:11,890 [INFO] PluginManager:220 - loadIPPluginJar : add i2c
2026-05-18 09:05:11,896 [INFO] IPUIPlugin:80 - create IPUIPlugin
2026-05-18 09:05:11,897 [INFO] PluginManager:220 - loadIPPluginJar : add ipddr
2026-05-18 09:05:11,900 [INFO] IPUIPlugin:80 - create IPUIPlugin
2026-05-18 09:05:11,900 [INFO] PluginManager:220 - loadIPPluginJar : add aes
2026-05-18 09:05:11,904 [INFO] IPUIPlugin:80 - create IPUIPlugin
2026-05-18 09:05:11,904 [INFO] PluginManager:220 - loadIPPluginJar : add sai
2026-05-18 09:05:11,908 [INFO] IPUIPlugin:80 - create IPUIPlugin
2026-05-18 09:05:11,910 [INFO] PluginManager:220 - loadIPPluginJar : add dma3
2026-05-18 09:05:11,916 [INFO] IPUIPlugin:80 - create IPUIPlugin
2026-05-18 09:05:11,916 [INFO] PluginManager:220 - loadIPPluginJar : add lorawan
2026-05-18 09:05:11,920 [INFO] IPUIPlugin:80 - create IPUIPlugin
2026-05-18 09:05:11,920 [INFO] PluginManager:220 - loadIPPluginJar : add dfsdm
2026-05-18 09:05:11,925 [INFO] IPUIPlugin:80 - create IPUIPlugin
2026-05-18 09:05:11,925 [INFO] PluginManager:220 - loadIPPluginJar : add gtzc
2026-05-18 09:05:11,931 [INFO] IPUIPlugin:80 - create IPUIPlugin
2026-05-18 09:05:11,931 [INFO] PluginManager:220 - loadIPPluginJar : add can
2026-05-18 09:05:11,937 [INFO] IPUIPlugin:80 - create IPUIPlugin
2026-05-18 09:05:11,938 [INFO] PluginManager:220 - loadIPPluginJar : add freertos
2026-05-18 09:05:11,943 [INFO] IPUIPlugin:80 - create IPUIPlugin
2026-05-18 09:05:11,944 [INFO] PluginManager:220 - loadIPPluginJar : add usart
2026-05-18 09:05:11,951 [INFO] IPUIPlugin:80 - create IPUIPlugin
2026-05-18 09:05:11,951 [INFO] PluginManager:220 - loadIPPluginJar : add fmc
2026-05-18 09:05:11,956 [INFO] IPUIPlugin:80 - create IPUIPlugin
2026-05-18 09:05:11,957 [INFO] PluginManager:220 - loadIPPluginJar : add gpio
2026-05-18 09:05:11,964 [INFO] IPUIPlugin:80 - create IPUIPlugin
2026-05-18 09:05:11,965 [INFO] PluginManager:220 - loadIPPluginJar : add i2s
2026-05-18 09:05:11,973 [INFO] IPUIPlugin:80 - create IPUIPlugin
2026-05-18 09:05:11,973 [INFO] PluginManager:220 - loadIPPluginJar : add mdma
2026-05-18 09:05:11,977 [INFO] IPUIPlugin:80 - create IPUIPlugin
2026-05-18 09:05:11,977 [INFO] PluginManager:220 - loadIPPluginJar : add ltdc
2026-05-18 09:05:11,982 [INFO] IPUIPlugin:80 - create IPUIPlugin
2026-05-18 09:05:11,982 [INFO] PluginManager:220 - loadIPPluginJar : add opamp
2026-05-18 09:05:11,990 [INFO] IPUIPlugin:80 - create IPUIPlugin
2026-05-18 09:05:11,991 [INFO] PluginManager:220 - loadIPPluginJar : add adc
2026-05-18 09:05:11,995 [INFO] IPUIPlugin:80 - create IPUIPlugin
2026-05-18 09:05:11,995 [INFO] PluginManager:220 - loadIPPluginJar : add ddr_ctrl_phy
2026-05-18 09:05:12,004 [INFO] IPUIPlugin:80 - create IPUIPlugin
2026-05-18 09:05:12,004 [INFO] PluginManager:220 - loadIPPluginJar : add stm32_wpan
2026-05-18 09:05:12,014 [INFO] IPUIPlugin:80 - create IPUIPlugin
2026-05-18 09:05:12,014 [INFO] PluginManager:220 - loadIPPluginJar : add dma
2026-05-18 09:05:12,016 [INFO] IPUIPlugin:80 - create IPUIPlugin
2026-05-18 09:05:12,016 [INFO] PluginManager:220 - loadIPPluginJar : add tsc
2026-05-18 09:05:12,018 [INFO] IPUIPlugin:80 - create IPUIPlugin
2026-05-18 09:05:12,018 [INFO] PluginManager:220 - loadIPPluginJar : add comp
2026-05-18 09:05:12,020 [INFO] IPUIPlugin:80 - create IPUIPlugin
2026-05-18 09:05:12,020 [INFO] PluginManager:220 - loadIPPluginJar : add fatfs
2026-05-18 09:05:12,022 [INFO] IPUIPlugin:80 - create IPUIPlugin
2026-05-18 09:05:12,023 [INFO] PluginManager:220 - loadIPPluginJar : add tim
2026-05-18 09:05:12,025 [INFO] IPUIPlugin:80 - create IPUIPlugin
2026-05-18 09:05:12,025 [INFO] PluginManager:220 - loadIPPluginJar : add gfxmmu
2026-05-18 09:05:12,028 [INFO] IPUIPlugin:80 - create IPUIPlugin
2026-05-18 09:05:12,029 [INFO] PluginManager:220 - loadIPPluginJar : add radio
2026-05-18 09:05:12,160 [FATAL] Updater:351 - Updater called before beeing initialized
2026-05-18 09:05:12,214 [INFO] RulesReader:64 - Compatibility file has been processed (302 Rules)
2026-05-18 09:05:12,255 [INFO] RulesReader:64 - Compatibility file has been processed (302 Rules)
2026-05-18 09:05:12,269 [INFO] CADModel:165 - CPN selected for project level
2026-05-18 09:05:12,269 [INFO] CADModel:114 - Register for checkConnection events
2026-05-18 09:05:12,269 [FATAL] Updater:351 - Updater called before beeing initialized
2026-05-18 09:05:12,269 [ERROR] CADModel:125 - Updater not yet initialized, retry later 
2026-05-18 09:05:12,587 [FATAL] Updater:351 - Updater called before beeing initialized
2026-05-18 09:05:12,593 [INFO] CADModel:165 - CPN selected for project level
2026-05-18 09:05:12,593 [INFO] CADModel:114 - Register for checkConnection events
2026-05-18 09:05:12,594 [FATAL] Updater:351 - Updater called before beeing initialized
2026-05-18 09:05:12,594 [ERROR] CADModel:125 - Updater not yet initialized, retry later 
2026-05-18 09:05:12,605 [FATAL] Updater:351 - Updater called before beeing initialized
2026-05-18 09:05:12,882 [FATAL] Updater:351 - Updater called before beeing initialized
2026-05-18 09:05:12,887 [INFO] DbMcusAds:53 - JSON generation date=Mon Apr 27 15:14:29 ICT 2026 (1777277669683)
2026-05-18 09:05:12,888 [FATAL] Updater:351 - Updater called before beeing initialized
2026-05-18 09:05:12,938 [WARN] DetailPanel:346 - Failed to get advertising image, set to default
2026-05-18 09:05:13,251 [FATAL] Updater:351 - Updater called before beeing initialized
2026-05-18 09:05:13,252 [FATAL] Updater:351 - Updater called before beeing initialized
2026-05-18 09:05:13,253 [FATAL] Updater:351 - Updater called before beeing initialized
2026-05-18 09:05:13,253 [WARN] DetailPanel:346 - Failed to get advertising image, set to default
2026-05-18 09:05:13,254 [FATAL] Updater:351 - Updater called before beeing initialized
2026-05-18 09:05:13,314 [ERROR] Updater:1198 - MainUpdater not yet initialized. External WinMGr cannot be set.
2026-05-18 09:05:13,317 [INFO] Updater:1134 - Updater Version found : 6.14.1
2026-05-18 09:05:13,337 [INFO] ApplicationProperties:184 - Using Application install path: /opt/st/stm32cubeide_1.18.1/plugins/com.st.stm32cube.common.mx_6.14.1.202504091515
2026-05-18 09:05:13,686 [INFO] MainUpdater:2872 - connection check result : 10
2026-05-18 09:05:13,686 [INFO] MainUpdater:289 - Updater Check For Update Now.
2026-05-18 09:05:13,686 [INFO] MicroXplorer:498 - Change Database Version : DB.6.0.141
2026-05-18 09:05:13,692 [INFO] McuFinderGlobals:63 - Set McuFinder mode to 2 (CubeIDE integrated)
2026-05-18 09:05:13,692 [INFO] UserAuth:484 - Internet connection configuration mode: 1
2026-05-18 09:05:13,707 [INFO] JxBrowserEngine:152 - Initiate JxBrowser Engine with user profile folder
2026-05-18 09:05:13,936 [INFO] CheckServerUpdateThread:120 - End of CheckServer Thread
2026-05-18 09:05:14,421 [WARN] PackLoader:240 - Cannot read IP mode file for STMicroelectronics.X-CUBE-AZRTOS-H7.3.5.0
2026-05-18 09:05:14,439 [WARN] PackLoader:240 - Cannot read IP mode file for STMicroelectronics.FP-ATR-ASTRA1.2.0.2
2026-05-18 09:05:14,453 [WARN] PackLoader:240 - Cannot read IP mode file for STMicroelectronics.X-CUBE-SMBUS.2.1.0
2026-05-18 09:05:14,506 [WARN] PackLoader:240 - Cannot read IP mode file for STMicroelectronics.X-CUBE-AZRTOS-F7.1.1.0
2026-05-18 09:05:14,520 [ERROR] Engine:466 - /home/vatcraft/.stm32cubemx/thirdparties/pdsc/STMicroelectronics.FP-SNS-MOTENV1.5.1.0.pdsc: PDSC version is not supported
2026-05-18 09:05:14,525 [ERROR] Engine:466 - /home/vatcraft/.stm32cubemx/thirdparties/pdsc/WES.I-CUBE-Cesium.1.4.0.pdsc: PDSC version is not supported
2026-05-18 09:05:14,537 [WARN] PackLoader:240 - Cannot read IP mode file for STMicroelectronics.X-CUBE-DISPLAY.3.0.0
2026-05-18 09:05:14,565 [WARN] PackLoader:240 - Cannot read IP mode file for STMicroelectronics.X-CUBE-GNSS1.7.1.1
2026-05-18 09:05:14,572 [ERROR] Engine:466 - /home/vatcraft/.stm32cubemx/thirdparties/pdsc/STMicroelectronics.FP-SNS-MOTENVWB1.1.5.0.pdsc: PDSC version is not supported
2026-05-18 09:05:14,584 [WARN] PackLoader:240 - Cannot read IP mode file for STMicroelectronics.X-CUBE-NFC10.1.0.0
2026-05-18 09:05:14,598 [WARN] PackLoader:240 - Cannot read IP mode file for STMicroelectronics.X-CUBE-ST60.1.1.0
2026-05-18 09:05:14,606 [WARN] PackLoader:240 - Cannot read IP mode file for emotas.I-CUBE-CANOPEN.1.3.0
2026-05-18 09:05:14,619 [WARN] PackLoader:240 - Cannot read IP mode file for STMicroelectronics.X-CUBE-GNSS1.7.1.0
2026-05-18 09:05:14,630 [ERROR] Engine:466 - /home/vatcraft/.stm32cubemx/thirdparties/pdsc/STMicroelectronics.FP-SNS-STBOX1.2.1.0.pdsc: PDSC version is not supported
2026-05-18 09:05:14,635 [WARN] PackLoader:240 - Cannot read IP mode file for STMicroelectronics.FP-SNS-SMARTAG2.1.2.0
2026-05-18 09:05:14,639 [WARN] PackLoader:240 - Cannot read IP mode file for STMicroelectronics.FP-SNS-FLIGHT1.5.1.0
2026-05-18 09:05:14,664 [INFO] LogOutputStream:77 - [STDOUT_REDIRECT] 1 : Invalid condition id : UX_CORESTACK_Condition cause : null
2026-05-18 09:05:14,665 [INFO] LogOutputStream:77 - [STDOUT_REDIRECT] 1 : Invalid condition id : UX_CORESTACK_Condition cause : null
2026-05-18 09:05:14,665 [INFO] LogOutputStream:77 - [STDOUT_REDIRECT] 1 : Invalid condition id : UX_CORESTACK_Condition cause : null
2026-05-18 09:05:14,665 [INFO] LogOutputStream:77 - [STDOUT_REDIRECT] 1 : Invalid condition id : UX_CORESTACK_Condition cause : null
2026-05-18 09:05:14,666 [INFO] LogOutputStream:77 - [STDOUT_REDIRECT] 1 : Invalid condition id : UX_CORESTACK_Condition cause : null
2026-05-18 09:05:14,674 [WARN] PackLoader:240 - Cannot read IP mode file for STMicroelectronics.X-CUBE-AZRTOS-WL.2.0.0
2026-05-18 09:05:14,760 [WARN] PackLoader:240 - Cannot read IP mode file for STMicroelectronics.X-CUBE-AZRTOS-H7RS.1.2.0
2026-05-18 09:05:14,798 [WARN] PackLoader:240 - Cannot read IP mode file for STMicroelectronics.X-CUBE-BLE2.3.3.0
2026-05-18 09:05:14,889 [WARN] PackLoader:240 - Cannot read IP mode file for Infineon.AIROC-Wi-Fi-Bluetooth-STM32.1.8.0
2026-05-18 09:05:14,906 [WARN] PackLoader:240 - Cannot read IP mode file for STMicroelectronics.X-CUBE-NFC9.1.0.0
2026-05-18 09:05:14,919 [WARN] PackLoader:240 - Cannot read IP mode file for STMicroelectronics.X-CUBE-BLE1.7.1.0
2026-05-18 09:05:14,923 [WARN] PackLoader:240 - Cannot read IP mode file for wolfSSL.I-CUBE-wolfMQTT.1.19.2
2026-05-18 09:05:14,951 [WARN] PackLoader:240 - Cannot read IP mode file for STMicroelectronics.X-CUBE-EEPRMA1.5.2.0
2026-05-18 09:05:14,962 [WARN] PackLoader:240 - Cannot read IP mode file for wolfSSL.I-CUBE-wolfSSL.5.8.4
2026-05-18 09:05:14,967 [WARN] PackLoader:240 - Cannot read IP mode file for Cesanta.I-CUBE-Mongoose.7.20.0
2026-05-18 09:05:14,969 [ERROR] Engine:466 - /home/vatcraft/.stm32cubemx/thirdparties/pdsc/STMicroelectronics.FP-SNS-STAIOTCFT.1.1.0.pdsc: PDSC version is not supported
2026-05-18 09:05:15,033 [INFO] WebApp:169 - Instantiating new browser for Auth
2026-05-18 09:05:15,052 [WARN] PackLoader:240 - Cannot read IP mode file for STMicroelectronics.X-CUBE-MEMS1.12.0.0
2026-05-18 09:05:15,234 [WARN] PackLoader:240 - Cannot read IP mode file for STMicroelectronics.X-CUBE-AZRTOS-G0.1.1.0
2026-05-18 09:05:15,245 [WARN] PackLoader:240 - Cannot read IP mode file for STMicroelectronics.X-CUBE-NFC4.3.0.0
2026-05-18 09:05:15,259 [WARN] PackLoader:240 - Cannot read IP mode file for EmbeddedOffice.I-CUBE-FS-RTOS.1.0.1
2026-05-18 09:05:15,268 [WARN] PackLoader:240 - Cannot read IP mode file for STMicroelectronics.X-CUBE-WB05N.2.0.0
2026-05-18 09:05:15,299 [WARN] PackLoader:240 - Cannot read IP mode file for wolfSSL.I-CUBE-wolfTPM.3.8.0
2026-05-18 09:05:15,313 [WARN] PackLoader:240 - Cannot read IP mode file for STMicroelectronics.X-CUBE-TCPP.4.2.0
2026-05-18 09:05:15,329 [WARN] PackLoader:240 - Cannot read IP mode file for RealThread.X-CUBE-RT-Thread_Nano.4.1.1
2026-05-18 09:05:15,338 [WARN] PackLoader:240 - Cannot read IP mode file for STMicroelectronics.FP-ATR-SIGFOX1.3.2.0
2026-05-18 09:05:15,345 [ERROR] Engine:466 - /home/vatcraft/.stm32cubemx/thirdparties/pdsc/STMicroelectronics.X-CUBE-FREERTOS.1.5.0.pdsc: PDSC version is not supported
2026-05-18 09:05:15,358 [WARN] PackLoader:240 - Cannot read IP mode file for ITTIA_DB.I-CUBE-ITTIADB.8.9.0
2026-05-18 09:05:15,381 [WARN] PackLoader:240 - Cannot read IP mode file for STMicroelectronics.X-CUBE-NFC6.3.2.0
2026-05-18 09:05:15,400 [WARN] PackLoader:240 - Cannot read IP mode file for STMicroelectronics.X-CUBE-AI.10.2.0
2026-05-18 09:05:15,483 [WARN] PackLoader:240 - Cannot read IP mode file for STMicroelectronics.X-CUBE-MEMS1.12.1.0
2026-05-18 09:05:15,758 [WARN] PackLoader:240 - Cannot read IP mode file for SEGGER.I-CUBE-embOS.1.3.1
2026-05-18 09:05:15,853 [WARN] PackLoader:240 - Cannot read IP mode file for STMicroelectronics.X-CUBE-ALGOBUILD.1.4.0
2026-05-18 09:05:15,858 [WARN] PackLoader:240 - Cannot read IP mode file for STMicroelectronics.X-CUBE-PM33A1.1.0.0
2026-05-18 09:05:15,880 [WARN] PackLoader:240 - Cannot read IP mode file for STMicroelectronics.X-CUBE-AZRTOS-F4.1.1.0
2026-05-18 09:05:15,886 [WARN] PackLoader:240 - Cannot read IP mode file for STMicroelectronics.X-CUBE-ISPU.2.1.0
2026-05-18 09:05:15,897 [ERROR] Engine:466 - /home/vatcraft/.stm32cubemx/thirdparties/pdsc/STMicroelectronics.X-CUBE-IPS.3.2.0.pdsc: PDSC version is not supported
2026-05-18 09:05:15,899 [WARN] PackLoader:240 - Cannot read IP mode file for STMicroelectronics.eDS-WB_DPC_TT-BIDIR.2.1.1
2026-05-18 09:05:15,905 [WARN] PackLoader:240 - Cannot read IP mode file for STMicroelectronics.X-CUBE-NFC12.1.0.0
2026-05-18 09:05:15,944 [WARN] PackLoader:240 - Cannot read IP mode file for STMicroelectronics.X-CUBE-AZRTOS-L5.2.0.0
2026-05-18 09:05:15,957 [WARN] PackLoader:240 - Cannot read IP mode file for STMicroelectronics.eDS-WB_DPC_VIENNA.1.2.0
2026-05-18 09:05:15,965 [WARN] PackLoader:240 - Cannot read IP mode file for STMicroelectronics.eDS-WB_DPC_3PH2L-BIDIR.1.1.1
2026-05-18 09:05:15,973 [ERROR] Engine:466 - /home/vatcraft/.stm32cubemx/thirdparties/pdsc/STMicroelectronics.X-CUBE-ST67W61.1.3.0.pdsc: PDSC version is not supported
2026-05-18 09:05:15,981 [WARN] PackLoader:240 - Cannot read IP mode file for STMicroelectronics.X-CUBE-TOUCHGFX.4.26.1
2026-05-18 09:05:15,991 [WARN] PackLoader:240 - Cannot read IP mode file for STMicroelectronics.FP-SNS-STAIOTCFT.1.0.0
2026-05-18 09:05:16,003 [WARN] PackLoader:240 - Cannot read IP mode file for STMicroelectronics.X-CUBE-DPower.1.3.0
2026-05-18 09:05:16,059 [WARN] ConditionMgr:438 - getConditionDescription Invalid condition id : LAN8742 Phy interface Condition cause : null
2026-05-18 09:05:16,062 [WARN] PackLoader:240 - Cannot read IP mode file for STMicroelectronics.X-CUBE-AZRTOS-L4.2.0.0
2026-05-18 09:05:16,065 [WARN] ConditionMgr:1044 - genDependencies : Invalid condition id : LAN8742 Phy interface Condition cause : null
2026-05-18 09:05:16,066 [WARN] ConditionMgr:1044 - genDependencies : Invalid condition id : LAN8742 Phy interface Condition cause : null
2026-05-18 09:05:16,067 [WARN] ConditionMgr:1044 - genDependencies : Invalid condition id : LAN8742 Phy interface Condition cause : null
2026-05-18 09:05:16,076 [WARN] PackLoader:240 - Cannot read IP mode file for STMicroelectronics.X-CUBE-SFXS2LP1.4.0.0
2026-05-18 09:05:16,085 [WARN] PackLoader:240 - Cannot read IP mode file for STMicroelectronics.X-CUBE-WB05N.2.1.0
2026-05-18 09:05:16,090 [ERROR] Engine:466 - /home/vatcraft/.stm32cubemx/thirdparties/pdsc/STMicroelectronics.X-CUBE-ST67W61.1.2.0.pdsc: PDSC version is not supported
2026-05-18 09:05:16,119 [WARN] PackLoader:240 - Cannot read IP mode file for STMicroelectronics.X-CUBE-BLEMGR.4.1.0
2026-05-18 09:05:16,137 [WARN] ConditionMgr:438 - getConditionDescription Invalid condition id : UX DEVICE CLASS RTOS Condition cause : null
2026-05-18 09:05:16,138 [WARN] ConditionMgr:438 - getConditionDescription Invalid condition id : UX DEVICE CLASS RTOS Condition cause : null
2026-05-18 09:05:16,141 [WARN] PackLoader:240 - Cannot read IP mode file for STMicroelectronics.X-CUBE-AZRTOS-WB.2.0.0
2026-05-18 09:05:16,141 [WARN] ConditionMgr:1044 - genDependencies : Invalid condition id : UX DEVICE CLASS RTOS Condition cause : null
2026-05-18 09:05:16,142 [WARN] ConditionMgr:1044 - genDependencies : Invalid condition id : UX DEVICE CLASS RTOS Condition cause : null
2026-05-18 09:05:16,142 [WARN] ConditionMgr:1044 - genDependencies : Invalid condition id : UX DEVICE CLASS RTOS Condition cause : null
2026-05-18 09:05:16,143 [WARN] ConditionMgr:1044 - genDependencies : Invalid condition id : UX DEVICE CLASS RTOS Condition cause : null
2026-05-18 09:05:16,143 [WARN] ConditionMgr:1044 - genDependencies : Invalid condition id : UX DEVICE CLASS RTOS Condition cause : null
2026-05-18 09:05:16,147 [WARN] ConditionMgr:438 - getConditionDescription Invalid condition id : Cortex-A Device cause : null
2026-05-18 09:05:16,154 [WARN] ConditionMgr:1044 - genDependencies : Invalid condition id : Cortex-A Device cause : null
2026-05-18 09:05:16,154 [WARN] ConditionMgr:1044 - genDependencies : Invalid condition id : Cortex-A Device cause : null
2026-05-18 09:05:16,155 [WARN] ConditionMgr:1044 - genDependencies : Invalid condition id : Cortex-A Device cause : null
2026-05-18 09:05:16,161 [WARN] PackLoader:240 - Cannot read IP mode file for STMicroelectronics.X-CUBE-STSE01.2.0.0
2026-05-18 09:05:16,173 [WARN] PackLoader:240 - Cannot read IP mode file for STMicroelectronics.X-CUBE-SUBG2.5.0.0
2026-05-18 09:05:16,194 [WARN] PackLoader:240 - Cannot read IP mode file for STMicroelectronics.X-CUBE-AZRTOS-G4.2.0.0
2026-05-18 09:05:16,199 [WARN] PackLoader:240 - Cannot read IP mode file for wolfSSL.I-CUBE-wolfSSH.1.4.20
2026-05-18 09:05:16,203 [WARN] PackLoader:240 - Cannot read IP mode file for STMicroelectronics.X-CUBE-NFC7.2.0.0
2026-05-18 09:05:16,207 [WARN] PackLoader:240 - Cannot read IP mode file for STMicroelectronics.X-CUBE-ALS.1.0.2
2026-05-18 09:05:16,219 [WARN] PackLoader:240 - Cannot read IP mode file for STMicroelectronics.X-CUBE-TOF1.3.4.3
2026-05-18 09:05:16,241 [INFO] ThirdParty:978 - Integrity check success = true
2026-05-18 09:05:16,241 [INFO] IntegrityCheckThread:100 - exiting critical section [integrity check]
2026-05-18 09:05:16,243 [INFO] IntegrityCheckThread:103 - End integrity checks thread
2026-05-18 09:05:16,484 [INFO] WebApp:463 - Apply proxy settings
2026-05-18 09:05:16,484 [INFO] WebApp:548 - Chromium requires no authentication
2026-05-18 09:05:16,496 [INFO] WebApp:491 - Direct internet connection detected
2026-05-18 09:05:16,520 [INFO] WebApp:894 - Register for checkConnection events
2026-05-18 09:05:16,521 [INFO] WebApp:463 - Apply proxy settings
2026-05-18 09:05:16,521 [INFO] WebApp:548 - Chromium requires no authentication
2026-05-18 09:05:16,522 [INFO] WebApp:491 - Direct internet connection detected
2026-05-18 09:05:16,736 [INFO] WebApp:225 - Starting web application
2026-05-18 09:05:16,736 [INFO] WebApp:593 - Web application path used /opt/st/stm32cubeide_1.18.1/plugins/com.st.stm32cube.common.mx_6.14.1.202504091515/db/plugins/mcufinder/reactClient1/index.html
2026-05-18 09:05:16,795 [INFO] WebApp:191 - Connection restablished
2026-05-18 09:05:16,955 [INFO] UserAuth:484 - Internet connection configuration mode: 1
2026-05-18 09:43:40,656 [INFO] WebApp:194 - Connection lost
2026-05-18 09:43:45,099 [INFO] WebApp:191 - Connection restablished
2026-05-18 11:00:19,731 [INFO] WebApp:194 - Connection lost
2026-05-18 11:00:28,865 [INFO] WebApp:191 - Connection restablished
2026-05-18 12:45:41,336 [INFO] WebApp:194 - Connection lost
2026-05-18 12:45:51,729 [INFO] WebApp:191 - Connection restablished
2026-05-18 12:45:53,516 [INFO] WebApp:194 - Connection lost
2026-05-18 12:45:53,757 [INFO] WebApp:191 - Connection restablished
