2026-05-06 12:00:03,157 [INFO] Activator:176 - 


2026-05-06 12:00:03,161 [INFO] Activator:177 - !SESSION log4j initialized
2026-05-06 12:00:09,189 [INFO] LogOutputStream:77 - [STDOUT_REDIRECT] 
2026-05-06 12:00:10,301 [INFO] ApplicationProperties:184 - Using Application install path: /opt/st/stm32cubeide_1.18.1/plugins/com.st.stm32cube.common.mx_6.14.1.202504091515
2026-05-06 12:00:10,319 [INFO] DbMcusXml:78 - Set database path to: /opt/st/stm32cubeide_1.18.1/plugins/com.st.stm32cube.common.mx_6.14.1.202504091515//db//mcu/
2026-05-06 12:00:10,320 [INFO] ApiDb:274 - Set plugin database path to: /opt/st/stm32cubeide_1.18.1/plugins/com.st.stm32cube.common.mx_6.14.1.202504091515//db//plugins/boardmanager/
2026-05-06 12:00:10,320 [WARN] ApiDb:259 - Overriding images path with different value:  => /opt/st/stm32cubeide_1.18.1/plugins/com.st.stm32cube.common.mx_6.14.1.202504091515//db//plugins/mcufinder/images/
2026-05-06 12:00:10,328 [INFO] ApiDb:250 - Set database path to: /home/vatcraft/.stmcufinder/plugins/mcufinder//mcu/
2026-05-06 12:00:10,330 [INFO] DbMcusAds:125 - Set database path to: /home/vatcraft/.stmcufinder/plugins/mcufinder//mcu/
2026-05-06 12:00:10,334 [INFO] CrossReferenceDbSqlite:203 - Set database path to: /home/vatcraft/.stmcufinder/plugins/mcufinder//mcu/cs/
2026-05-06 12:00:10,525 [INFO] RulesReader:64 - Compatibility file has been processed (302 Rules)
2026-05-06 12:00:10,592 [INFO] DbMcusXml:78 - Set database path to: /opt/st/stm32cubeide_1.18.1/plugins/com.st.stm32cube.common.mx_6.14.1.202504091515//db//mcu/
2026-05-06 12:00:10,592 [INFO] ApiDb:274 - Set plugin database path to: /opt/st/stm32cubeide_1.18.1/plugins/com.st.stm32cube.common.mx_6.14.1.202504091515//db//plugins/boardmanager/
2026-05-06 12:00:10,592 [INFO] ApiDb:261 - Set plugin images path to: /opt/st/stm32cubeide_1.18.1/plugins/com.st.stm32cube.common.mx_6.14.1.202504091515//db//plugins/mcufinder/images/
2026-05-06 12:00:10,592 [WARN] DbFile:41 - Overriding database path with different value: /home/vatcraft/.stmcufinder/plugins/mcufinder/ => /home/vatcraft/.stmcufinder/plugins/mcufinder
2026-05-06 12:00:10,592 [INFO] ApiDb:250 - Set database path to: /home/vatcraft/.stmcufinder/plugins/mcufinder//mcu/
2026-05-06 12:00:10,592 [WARN] DbFile:41 - Overriding database path with different value: /home/vatcraft/.stmcufinder/plugins/mcufinder/ => /home/vatcraft/.stmcufinder/plugins/mcufinder
2026-05-06 12:00:10,593 [INFO] DbMcusAds:125 - Set database path to: /home/vatcraft/.stmcufinder/plugins/mcufinder//mcu/
2026-05-06 12:00:10,593 [WARN] DbFile:41 - Overriding database path with different value: /home/vatcraft/.stmcufinder/plugins/mcufinder/ => /home/vatcraft/.stmcufinder/plugins/mcufinder
2026-05-06 12:00:10,593 [WARN] DbFile:41 - Overriding database path with different value: /home/vatcraft/.stmcufinder/plugins/mcufinder/ => /home/vatcraft/.stmcufinder/plugins/mcufinder
2026-05-06 12:00:10,593 [INFO] CrossReferenceDbSqlite:203 - Set database path to: /home/vatcraft/.stmcufinder/plugins/mcufinder//mcu/cs/
2026-05-06 12:00:10,660 [INFO] MainPanel:272 - HeapMemory: 268435456
2026-05-06 12:00:10,768 [INFO] DbMcusXml:78 - Set database path to: /opt/st/stm32cubeide_1.18.1/plugins/com.st.stm32cube.common.mx_6.14.1.202504091515//db//mcu/
2026-05-06 12:00:10,768 [INFO] ApiDb:274 - Set plugin database path to: /opt/st/stm32cubeide_1.18.1/plugins/com.st.stm32cube.common.mx_6.14.1.202504091515//db//plugins/boardmanager/
2026-05-06 12:00:10,768 [INFO] ApiDb:261 - Set plugin images path to: /opt/st/stm32cubeide_1.18.1/plugins/com.st.stm32cube.common.mx_6.14.1.202504091515//db//plugins/mcufinder/images/
2026-05-06 12:00:10,769 [WARN] DbFile:41 - Overriding database path with different value: /home/vatcraft/.stmcufinder/plugins/mcufinder/ => /home/vatcraft/.stmcufinder/plugins/mcufinder
2026-05-06 12:00:10,769 [INFO] ApiDb:250 - Set database path to: /home/vatcraft/.stmcufinder/plugins/mcufinder//mcu/
2026-05-06 12:00:10,769 [WARN] DbFile:41 - Overriding database path with different value: /home/vatcraft/.stmcufinder/plugins/mcufinder/ => /home/vatcraft/.stmcufinder/plugins/mcufinder
2026-05-06 12:00:10,769 [INFO] DbMcusAds:125 - Set database path to: /home/vatcraft/.stmcufinder/plugins/mcufinder//mcu/
2026-05-06 12:00:10,769 [WARN] DbFile:41 - Overriding database path with different value: /home/vatcraft/.stmcufinder/plugins/mcufinder/ => /home/vatcraft/.stmcufinder/plugins/mcufinder
2026-05-06 12:00:10,769 [WARN] DbFile:41 - Overriding database path with different value: /home/vatcraft/.stmcufinder/plugins/mcufinder/ => /home/vatcraft/.stmcufinder/plugins/mcufinder
2026-05-06 12:00:10,770 [INFO] CrossReferenceDbSqlite:203 - Set database path to: /home/vatcraft/.stmcufinder/plugins/mcufinder//mcu/cs/
2026-05-06 12:00:10,784 [INFO] ApplicationProperties:184 - Using Application install path: /opt/st/stm32cubeide_1.18.1/plugins/com.st.stm32cube.common.mx_6.14.1.202504091515
2026-05-06 12:00:10,786 [INFO] PluginManage:196 - Search for loadable plugins [exclusion list=, ]
2026-05-06 12:00:10,787 [INFO] PluginManage:310 - Check plugin analytics
2026-05-06 12:00:10,984 [INFO] AnalyticsPlugin:253 - Accepted Software Licenses: 
2026-05-06 12:00:10,984 [INFO] AnalyticsPlugin:255 - Accepted CMSIS Pack Licenses: 
2026-05-06 12:00:10,985 [INFO] AnalyticsPlugin:257 - Accepted Firmware Licenses: FW.F4.1.28.0,FW.L4.1.18.0
2026-05-06 12:00:10,991 [INFO] PluginManage:359 - Loaded plugin analytics (category:tool,tabindex:-1)
2026-05-06 12:00:10,991 [INFO] PluginManage:310 - Check plugin cadmodel
2026-05-06 12:00:10,995 [INFO] CADModel:105 - Init CAD model plugin
2026-05-06 12:00:10,996 [INFO] PluginManage:359 - Loaded plugin cadmodel (category:power,tabindex:5)
2026-05-06 12:00:10,996 [INFO] PluginManage:310 - Check plugin clock
2026-05-06 12:00:11,007 [INFO] PluginManage:359 - Loaded plugin clock (category:base,tabindex:2)
2026-05-06 12:00:11,007 [INFO] PluginManage:310 - Check plugin ddr
2026-05-06 12:00:11,010 [INFO] PluginManage:359 - Loaded plugin ddr (category:tool,tabindex:6)
2026-05-06 12:00:11,010 [INFO] PluginManage:310 - Check plugin filemanager
2026-05-06 12:00:11,190 [INFO] PluginManage:359 - Loaded plugin filemanager (category:base,tabindex:10)
2026-05-06 12:00:11,190 [INFO] PluginManage:310 - Check plugin ipmanager
2026-05-06 12:00:11,195 [INFO] PluginManage:359 - Loaded plugin ipmanager (category:base,tabindex:5)
2026-05-06 12:00:11,195 [INFO] PluginManage:310 - Check plugin lpbam
2026-05-06 12:00:11,204 [INFO] PluginManage:359 - Loaded plugin lpbam (category:base,tabindex:0)
2026-05-06 12:00:11,204 [INFO] PluginManage:310 - Check plugin memorymap
2026-05-06 12:00:11,213 [INFO] PluginManage:359 - Loaded plugin memorymap (category:base,tabindex:4)
2026-05-06 12:00:11,213 [INFO] PluginManage:310 - Check plugin pinoutandconfiguration
2026-05-06 12:00:11,220 [INFO] PluginManage:359 - Loaded plugin pinoutandconfiguration (category:base,tabindex:1)
2026-05-06 12:00:11,220 [INFO] PluginManage:310 - Check plugin pinoutconfig
2026-05-06 12:00:11,309 [WARN] SupportedApi:132 - Cannot load RTOS API schema: s4s-elt-must-match.1: The content of 'definitions' must match (annotation?, (simpleType | complexType)?, (unique | key | keyref)*)). A problem was found starting at: attribute.
2026-05-06 12:00:11,483 [INFO] PluginManage:359 - Loaded plugin pinoutconfig (category:base,tabindex:0)
2026-05-06 12:00:11,483 [INFO] PluginManage:310 - Check plugin power
2026-05-06 12:00:11,492 [INFO] PluginManage:359 - Loaded plugin power (category:power,tabindex:4)
2026-05-06 12:00:11,493 [INFO] PluginManage:310 - Check plugin projectmanager
2026-05-06 12:00:11,510 [INFO] PluginManage:359 - Loaded plugin projectmanager (category:projectmanager,tabindex:4)
2026-05-06 12:00:11,511 [INFO] PluginManage:310 - Check plugin rif
2026-05-06 12:00:11,518 [INFO] PluginManage:359 - Loaded plugin rif (category:base,tabindex:3)
2026-05-06 12:00:11,518 [INFO] PluginManage:310 - Check plugin thirdparty
2026-05-06 12:00:11,678 [WARN] IntegrityCheckThread:84 - waiting for thirdparty lock release [integrity check]
2026-05-06 12:00:11,678 [INFO] PluginManage:359 - Loaded plugin thirdparty (category:base,tabindex:-1)
2026-05-06 12:00:11,678 [INFO] IntegrityCheckThread:86 - entering critical section [integrity check]
2026-05-06 12:00:11,678 [INFO] PluginManage:310 - Check plugin tools
2026-05-06 12:00:11,679 [INFO] ThirdPartyUpdaterWithRetryManager:70 - Updater plugin not ready yet. [1/15]
2026-05-06 12:00:11,681 [INFO] PluginManage:359 - Loaded plugin tools (category:base,tabindex:7)
2026-05-06 12:00:11,681 [INFO] PluginManage:310 - Check plugin tutovideos
2026-05-06 12:00:11,855 [INFO] PluginManage:359 - Loaded plugin tutovideos (category:base,tabindex:-1)
2026-05-06 12:00:11,855 [INFO] PluginManage:310 - Check plugin updater
2026-05-06 12:00:11,882 [INFO] PluginManage:359 - Loaded plugin updater (category:base,tabindex:12)
2026-05-06 12:00:11,883 [INFO] PluginManage:310 - Check plugin userauth
2026-05-06 12:00:11,887 [INFO] UserAuth:118 - Init User Auth plugin
2026-05-06 12:00:11,888 [INFO] PluginManage:359 - Loaded plugin userauth (category:base,tabindex:14)
2026-05-06 12:00:11,888 [INFO] PluginManage:283 - PluginManage : Loaded plugins [18]
2026-05-06 12:00:12,089 [INFO] PinOutPanel:1589 - setPackage(No Configuration,No Configuration)
2026-05-06 12:00:12,167 [INFO] CADModel:165 - CPN selected for project level
2026-05-06 12:00:12,167 [INFO] CADModel:114 - Register for checkConnection events
2026-05-06 12:00:12,178 [INFO] IPUIPlugin:80 - create IPUIPlugin
2026-05-06 12:00:12,179 [INFO] PluginManager:220 - loadIPPluginJar : add openamp
2026-05-06 12:00:12,184 [INFO] IPUIPlugin:80 - create IPUIPlugin
2026-05-06 12:00:12,184 [INFO] PluginManager:220 - loadIPPluginJar : add pdm2pcm
2026-05-06 12:00:12,187 [INFO] IPUIPlugin:80 - create IPUIPlugin
2026-05-06 12:00:12,188 [INFO] PluginManager:220 - loadIPPluginJar : add touchsensing
2026-05-06 12:00:12,193 [INFO] IPUIPlugin:80 - create IPUIPlugin
2026-05-06 12:00:12,196 [INFO] PluginManager:220 - loadIPPluginJar : add plateformsettings
2026-05-06 12:00:12,200 [INFO] IPUIPlugin:80 - create IPUIPlugin
2026-05-06 12:00:12,201 [INFO] PluginManager:220 - loadIPPluginJar : add resmgrutility
2026-05-06 12:00:12,206 [INFO] IPUIPlugin:80 - create IPUIPlugin
2026-05-06 12:00:12,206 [INFO] PluginManager:220 - loadIPPluginJar : add gic
2026-05-06 12:00:12,208 [INFO] IPUIPlugin:80 - create IPUIPlugin
2026-05-06 12:00:12,208 [INFO] PluginManager:220 - loadIPPluginJar : add genericplugin
2026-05-06 12:00:12,210 [INFO] IPUIPlugin:80 - create IPUIPlugin
2026-05-06 12:00:12,210 [INFO] PluginManager:220 - loadIPPluginJar : add tracer_emb
2026-05-06 12:00:12,213 [INFO] IPUIPlugin:80 - create IPUIPlugin
2026-05-06 12:00:12,213 [INFO] PluginManager:220 - loadIPPluginJar : add extmemmanager
2026-05-06 12:00:12,215 [INFO] IPUIPlugin:80 - create IPUIPlugin
2026-05-06 12:00:12,215 [INFO] PluginManager:220 - loadIPPluginJar : add spi
2026-05-06 12:00:12,223 [INFO] IPUIPlugin:80 - create IPUIPlugin
2026-05-06 12:00:12,223 [INFO] PluginManager:220 - loadIPPluginJar : add linkedlist
2026-05-06 12:00:12,225 [INFO] IPUIPlugin:80 - create IPUIPlugin
2026-05-06 12:00:12,225 [INFO] PluginManager:220 - loadIPPluginJar : add ucpd
2026-05-06 12:00:12,228 [INFO] IPUIPlugin:80 - create IPUIPlugin
2026-05-06 12:00:12,228 [INFO] PluginManager:220 - loadIPPluginJar : add i3c
2026-05-06 12:00:12,230 [INFO] IPUIPlugin:80 - create IPUIPlugin
2026-05-06 12:00:12,230 [INFO] PluginManager:220 - loadIPPluginJar : add hash
2026-05-06 12:00:12,233 [INFO] IPUIPlugin:80 - create IPUIPlugin
2026-05-06 12:00:12,233 [INFO] PluginManager:220 - loadIPPluginJar : add nvic
2026-05-06 12:00:12,237 [INFO] IPUIPlugin:80 - create IPUIPlugin
2026-05-06 12:00:12,237 [INFO] PluginManager:220 - loadIPPluginJar : add usbx
2026-05-06 12:00:12,239 [INFO] IPUIPlugin:80 - create IPUIPlugin
2026-05-06 12:00:12,239 [INFO] PluginManager:220 - loadIPPluginJar : add cryp
2026-05-06 12:00:12,241 [INFO] IPUIPlugin:80 - create IPUIPlugin
2026-05-06 12:00:12,241 [INFO] PluginManager:220 - loadIPPluginJar : add quadspi
2026-05-06 12:00:12,243 [INFO] IPUIPlugin:80 - create IPUIPlugin
2026-05-06 12:00:12,244 [INFO] PluginManager:220 - loadIPPluginJar : add ts
2026-05-06 12:00:12,246 [INFO] IPUIPlugin:80 - create IPUIPlugin
2026-05-06 12:00:12,246 [INFO] PluginManager:220 - loadIPPluginJar : add i2c
2026-05-06 12:00:12,249 [INFO] IPUIPlugin:80 - create IPUIPlugin
2026-05-06 12:00:12,249 [INFO] PluginManager:220 - loadIPPluginJar : add ipddr
2026-05-06 12:00:12,252 [INFO] IPUIPlugin:80 - create IPUIPlugin
2026-05-06 12:00:12,252 [INFO] PluginManager:220 - loadIPPluginJar : add aes
2026-05-06 12:00:12,255 [INFO] IPUIPlugin:80 - create IPUIPlugin
2026-05-06 12:00:12,255 [INFO] PluginManager:220 - loadIPPluginJar : add sai
2026-05-06 12:00:12,257 [INFO] IPUIPlugin:80 - create IPUIPlugin
2026-05-06 12:00:12,257 [INFO] PluginManager:220 - loadIPPluginJar : add dma3
2026-05-06 12:00:12,260 [INFO] IPUIPlugin:80 - create IPUIPlugin
2026-05-06 12:00:12,261 [INFO] PluginManager:220 - loadIPPluginJar : add lorawan
2026-05-06 12:00:12,263 [INFO] IPUIPlugin:80 - create IPUIPlugin
2026-05-06 12:00:12,263 [INFO] PluginManager:220 - loadIPPluginJar : add dfsdm
2026-05-06 12:00:12,266 [INFO] IPUIPlugin:80 - create IPUIPlugin
2026-05-06 12:00:12,266 [INFO] PluginManager:220 - loadIPPluginJar : add gtzc
2026-05-06 12:00:12,269 [INFO] IPUIPlugin:80 - create IPUIPlugin
2026-05-06 12:00:12,269 [INFO] PluginManager:220 - loadIPPluginJar : add can
2026-05-06 12:00:12,274 [INFO] IPUIPlugin:80 - create IPUIPlugin
2026-05-06 12:00:12,274 [INFO] PluginManager:220 - loadIPPluginJar : add freertos
2026-05-06 12:00:12,276 [INFO] IPUIPlugin:80 - create IPUIPlugin
2026-05-06 12:00:12,276 [INFO] PluginManager:220 - loadIPPluginJar : add usart
2026-05-06 12:00:12,281 [INFO] IPUIPlugin:80 - create IPUIPlugin
2026-05-06 12:00:12,281 [INFO] PluginManager:220 - loadIPPluginJar : add fmc
2026-05-06 12:00:12,285 [INFO] IPUIPlugin:80 - create IPUIPlugin
2026-05-06 12:00:12,285 [INFO] PluginManager:220 - loadIPPluginJar : add gpio
2026-05-06 12:00:12,287 [INFO] IPUIPlugin:80 - create IPUIPlugin
2026-05-06 12:00:12,287 [INFO] PluginManager:220 - loadIPPluginJar : add i2s
2026-05-06 12:00:12,293 [INFO] IPUIPlugin:80 - create IPUIPlugin
2026-05-06 12:00:12,294 [INFO] PluginManager:220 - loadIPPluginJar : add mdma
2026-05-06 12:00:12,295 [INFO] IPUIPlugin:80 - create IPUIPlugin
2026-05-06 12:00:12,295 [INFO] PluginManager:220 - loadIPPluginJar : add ltdc
2026-05-06 12:00:12,299 [INFO] IPUIPlugin:80 - create IPUIPlugin
2026-05-06 12:00:12,299 [INFO] PluginManager:220 - loadIPPluginJar : add opamp
2026-05-06 12:00:12,305 [INFO] IPUIPlugin:80 - create IPUIPlugin
2026-05-06 12:00:12,305 [INFO] PluginManager:220 - loadIPPluginJar : add adc
2026-05-06 12:00:12,308 [INFO] IPUIPlugin:80 - create IPUIPlugin
2026-05-06 12:00:12,308 [INFO] PluginManager:220 - loadIPPluginJar : add ddr_ctrl_phy
2026-05-06 12:00:12,314 [INFO] IPUIPlugin:80 - create IPUIPlugin
2026-05-06 12:00:12,315 [INFO] PluginManager:220 - loadIPPluginJar : add stm32_wpan
2026-05-06 12:00:12,320 [INFO] IPUIPlugin:80 - create IPUIPlugin
2026-05-06 12:00:12,320 [INFO] PluginManager:220 - loadIPPluginJar : add dma
2026-05-06 12:00:12,322 [INFO] IPUIPlugin:80 - create IPUIPlugin
2026-05-06 12:00:12,322 [INFO] PluginManager:220 - loadIPPluginJar : add tsc
2026-05-06 12:00:12,323 [INFO] IPUIPlugin:80 - create IPUIPlugin
2026-05-06 12:00:12,323 [INFO] PluginManager:220 - loadIPPluginJar : add comp
2026-05-06 12:00:12,325 [INFO] IPUIPlugin:80 - create IPUIPlugin
2026-05-06 12:00:12,325 [INFO] PluginManager:220 - loadIPPluginJar : add fatfs
2026-05-06 12:00:12,326 [INFO] IPUIPlugin:80 - create IPUIPlugin
2026-05-06 12:00:12,326 [INFO] PluginManager:220 - loadIPPluginJar : add tim
2026-05-06 12:00:12,328 [INFO] IPUIPlugin:80 - create IPUIPlugin
2026-05-06 12:00:12,328 [INFO] PluginManager:220 - loadIPPluginJar : add gfxmmu
2026-05-06 12:00:12,330 [INFO] IPUIPlugin:80 - create IPUIPlugin
2026-05-06 12:00:12,330 [INFO] PluginManager:220 - loadIPPluginJar : add radio
2026-05-06 12:00:12,438 [FATAL] Updater:351 - Updater called before beeing initialized
2026-05-06 12:00:12,473 [INFO] RulesReader:64 - Compatibility file has been processed (302 Rules)
2026-05-06 12:00:12,484 [INFO] RulesReader:64 - Compatibility file has been processed (302 Rules)
2026-05-06 12:00:12,492 [INFO] CADModel:165 - CPN selected for project level
2026-05-06 12:00:12,492 [INFO] CADModel:114 - Register for checkConnection events
2026-05-06 12:00:12,492 [FATAL] Updater:351 - Updater called before beeing initialized
2026-05-06 12:00:12,493 [ERROR] CADModel:125 - Updater not yet initialized, retry later 
2026-05-06 12:00:12,629 [FATAL] Updater:351 - Updater called before beeing initialized
2026-05-06 12:00:12,630 [INFO] CADModel:165 - CPN selected for project level
2026-05-06 12:00:12,631 [INFO] CADModel:114 - Register for checkConnection events
2026-05-06 12:00:12,631 [FATAL] Updater:351 - Updater called before beeing initialized
2026-05-06 12:00:12,631 [ERROR] CADModel:125 - Updater not yet initialized, retry later 
2026-05-06 12:00:12,634 [FATAL] Updater:351 - Updater called before beeing initialized
2026-05-06 12:00:12,745 [FATAL] Updater:351 - Updater called before beeing initialized
2026-05-06 12:00:12,751 [INFO] DbMcusAds:53 - JSON generation date=Mon Apr 27 15:14:29 ICT 2026 (1777277669683)
2026-05-06 12:00:12,752 [FATAL] Updater:351 - Updater called before beeing initialized
2026-05-06 12:00:12,799 [WARN] DetailPanel:346 - Failed to get advertising image, set to default
2026-05-06 12:00:13,090 [FATAL] Updater:351 - Updater called before beeing initialized
2026-05-06 12:00:13,091 [FATAL] Updater:351 - Updater called before beeing initialized
2026-05-06 12:00:13,092 [FATAL] Updater:351 - Updater called before beeing initialized
2026-05-06 12:00:13,092 [WARN] DetailPanel:346 - Failed to get advertising image, set to default
2026-05-06 12:00:13,093 [FATAL] Updater:351 - Updater called before beeing initialized
2026-05-06 12:00:13,138 [ERROR] Updater:1198 - MainUpdater not yet initialized. External WinMGr cannot be set.
2026-05-06 12:00:13,139 [INFO] Updater:1134 - Updater Version found : 6.14.1
2026-05-06 12:00:13,159 [INFO] ApplicationProperties:184 - Using Application install path: /opt/st/stm32cubeide_1.18.1/plugins/com.st.stm32cube.common.mx_6.14.1.202504091515
2026-05-06 12:00:13,444 [INFO] MainUpdater:2872 - connection check result : 10
2026-05-06 12:00:13,445 [INFO] MainUpdater:289 - Updater Check For Update Now.
2026-05-06 12:00:13,445 [INFO] MicroXplorer:498 - Change Database Version : DB.6.0.141
2026-05-06 12:00:13,452 [INFO] McuFinderGlobals:63 - Set McuFinder mode to 2 (CubeIDE integrated)
2026-05-06 12:00:13,452 [INFO] UserAuth:484 - Internet connection configuration mode: 1
2026-05-06 12:00:13,474 [INFO] JxBrowserEngine:152 - Initiate JxBrowser Engine with user profile folder
2026-05-06 12:00:13,719 [INFO] CheckServerUpdateThread:120 - End of CheckServer Thread
2026-05-06 12:00:14,320 [INFO] WebApp:169 - Instantiating new browser for Auth
2026-05-06 12:00:15,026 [WARN] PackLoader:240 - Cannot read IP mode file for STMicroelectronics.X-CUBE-AZRTOS-H7.3.5.0
2026-05-06 12:00:15,047 [WARN] PackLoader:240 - Cannot read IP mode file for STMicroelectronics.FP-ATR-ASTRA1.2.0.2
2026-05-06 12:00:15,055 [WARN] PackLoader:240 - Cannot read IP mode file for STMicroelectronics.X-CUBE-SMBUS.2.1.0
2026-05-06 12:00:15,116 [WARN] PackLoader:240 - Cannot read IP mode file for STMicroelectronics.X-CUBE-AZRTOS-F7.1.1.0
2026-05-06 12:00:15,127 [ERROR] Engine:466 - /home/vatcraft/.stm32cubemx/thirdparties/pdsc/STMicroelectronics.FP-SNS-MOTENV1.5.1.0.pdsc: PDSC version is not supported
2026-05-06 12:00:15,134 [ERROR] Engine:466 - /home/vatcraft/.stm32cubemx/thirdparties/pdsc/WES.I-CUBE-Cesium.1.4.0.pdsc: PDSC version is not supported
2026-05-06 12:00:15,148 [WARN] PackLoader:240 - Cannot read IP mode file for STMicroelectronics.X-CUBE-DISPLAY.3.0.0
2026-05-06 12:00:15,170 [WARN] PackLoader:240 - Cannot read IP mode file for STMicroelectronics.X-CUBE-GNSS1.7.1.1
2026-05-06 12:00:15,176 [ERROR] Engine:466 - /home/vatcraft/.stm32cubemx/thirdparties/pdsc/STMicroelectronics.FP-SNS-MOTENVWB1.1.5.0.pdsc: PDSC version is not supported
2026-05-06 12:00:15,192 [WARN] PackLoader:240 - Cannot read IP mode file for STMicroelectronics.X-CUBE-NFC10.1.0.0
2026-05-06 12:00:15,265 [WARN] PackLoader:240 - Cannot read IP mode file for STMicroelectronics.X-CUBE-ST60.1.1.0
2026-05-06 12:00:15,296 [WARN] PackLoader:240 - Cannot read IP mode file for emotas.I-CUBE-CANOPEN.1.3.0
2026-05-06 12:00:15,320 [WARN] PackLoader:240 - Cannot read IP mode file for STMicroelectronics.X-CUBE-GNSS1.7.1.0
2026-05-06 12:00:15,359 [ERROR] Engine:466 - /home/vatcraft/.stm32cubemx/thirdparties/pdsc/STMicroelectronics.FP-SNS-STBOX1.2.1.0.pdsc: PDSC version is not supported
2026-05-06 12:00:15,370 [WARN] PackLoader:240 - Cannot read IP mode file for STMicroelectronics.FP-SNS-SMARTAG2.1.2.0
2026-05-06 12:00:15,376 [WARN] PackLoader:240 - Cannot read IP mode file for STMicroelectronics.FP-SNS-FLIGHT1.5.1.0
2026-05-06 12:00:15,397 [INFO] LogOutputStream:77 - [STDOUT_REDIRECT] 1 : Invalid condition id : UX_CORESTACK_Condition cause : null
2026-05-06 12:00:15,398 [INFO] LogOutputStream:77 - [STDOUT_REDIRECT] 1 : Invalid condition id : UX_CORESTACK_Condition cause : null
2026-05-06 12:00:15,399 [INFO] LogOutputStream:77 - [STDOUT_REDIRECT] 1 : Invalid condition id : UX_CORESTACK_Condition cause : null
2026-05-06 12:00:15,400 [INFO] LogOutputStream:77 - [STDOUT_REDIRECT] 1 : Invalid condition id : UX_CORESTACK_Condition cause : null
2026-05-06 12:00:15,400 [INFO] LogOutputStream:77 - [STDOUT_REDIRECT] 1 : Invalid condition id : UX_CORESTACK_Condition cause : null
2026-05-06 12:00:15,424 [WARN] PackLoader:240 - Cannot read IP mode file for STMicroelectronics.X-CUBE-AZRTOS-WL.2.0.0
2026-05-06 12:00:15,468 [INFO] WebApp:463 - Apply proxy settings
2026-05-06 12:00:15,469 [INFO] WebApp:548 - Chromium requires no authentication
2026-05-06 12:00:15,486 [INFO] WebApp:491 - Direct internet connection detected
2026-05-06 12:00:15,493 [WARN] PackLoader:240 - Cannot read IP mode file for STMicroelectronics.X-CUBE-AZRTOS-H7RS.1.2.0
2026-05-06 12:00:15,514 [WARN] PackLoader:240 - Cannot read IP mode file for STMicroelectronics.X-CUBE-BLE2.3.3.0
2026-05-06 12:00:15,532 [INFO] WebApp:894 - Register for checkConnection events
2026-05-06 12:00:15,533 [INFO] WebApp:463 - Apply proxy settings
2026-05-06 12:00:15,533 [INFO] WebApp:548 - Chromium requires no authentication
2026-05-06 12:00:15,534 [INFO] WebApp:491 - Direct internet connection detected
2026-05-06 12:00:15,592 [WARN] PackLoader:240 - Cannot read IP mode file for Infineon.AIROC-Wi-Fi-Bluetooth-STM32.1.8.0
2026-05-06 12:00:15,607 [WARN] PackLoader:240 - Cannot read IP mode file for STMicroelectronics.X-CUBE-NFC9.1.0.0
2026-05-06 12:00:15,616 [WARN] PackLoader:240 - Cannot read IP mode file for STMicroelectronics.X-CUBE-BLE1.7.1.0
2026-05-06 12:00:15,620 [WARN] PackLoader:240 - Cannot read IP mode file for wolfSSL.I-CUBE-wolfMQTT.1.19.2
2026-05-06 12:00:15,626 [WARN] PackLoader:240 - Cannot read IP mode file for STMicroelectronics.X-CUBE-EEPRMA1.5.2.0
2026-05-06 12:00:15,633 [WARN] PackLoader:240 - Cannot read IP mode file for wolfSSL.I-CUBE-wolfSSL.5.8.4
2026-05-06 12:00:15,636 [WARN] PackLoader:240 - Cannot read IP mode file for Cesanta.I-CUBE-Mongoose.7.20.0
2026-05-06 12:00:15,639 [ERROR] Engine:466 - /home/vatcraft/.stm32cubemx/thirdparties/pdsc/STMicroelectronics.FP-SNS-STAIOTCFT.1.1.0.pdsc: PDSC version is not supported
2026-05-06 12:00:15,805 [WARN] PackLoader:240 - Cannot read IP mode file for STMicroelectronics.X-CUBE-MEMS1.12.0.0
2026-05-06 12:00:15,823 [INFO] WebApp:191 - Connection restablished
2026-05-06 12:00:15,953 [INFO] WebApp:225 - Starting web application
2026-05-06 12:00:15,953 [INFO] WebApp:593 - Web application path used /opt/st/stm32cubeide_1.18.1/plugins/com.st.stm32cube.common.mx_6.14.1.202504091515/db/plugins/mcufinder/reactClient1/index.html
2026-05-06 12:00:16,090 [WARN] PackLoader:240 - Cannot read IP mode file for STMicroelectronics.X-CUBE-AZRTOS-G0.1.1.0
2026-05-06 12:00:16,109 [WARN] PackLoader:240 - Cannot read IP mode file for STMicroelectronics.X-CUBE-NFC4.3.0.0
2026-05-06 12:00:16,132 [WARN] PackLoader:240 - Cannot read IP mode file for EmbeddedOffice.I-CUBE-FS-RTOS.1.0.1
2026-05-06 12:00:16,138 [WARN] PackLoader:240 - Cannot read IP mode file for STMicroelectronics.X-CUBE-WB05N.2.0.0
2026-05-06 12:00:16,143 [WARN] PackLoader:240 - Cannot read IP mode file for wolfSSL.I-CUBE-wolfTPM.3.8.0
2026-05-06 12:00:16,149 [WARN] PackLoader:240 - Cannot read IP mode file for STMicroelectronics.X-CUBE-TCPP.4.2.0
2026-05-06 12:00:16,156 [WARN] PackLoader:240 - Cannot read IP mode file for RealThread.X-CUBE-RT-Thread_Nano.4.1.1
2026-05-06 12:00:16,161 [WARN] PackLoader:240 - Cannot read IP mode file for STMicroelectronics.FP-ATR-SIGFOX1.3.2.0
2026-05-06 12:00:16,164 [ERROR] Engine:466 - /home/vatcraft/.stm32cubemx/thirdparties/pdsc/STMicroelectronics.X-CUBE-FREERTOS.1.5.0.pdsc: PDSC version is not supported
2026-05-06 12:00:16,169 [WARN] PackLoader:240 - Cannot read IP mode file for ITTIA_DB.I-CUBE-ITTIADB.8.9.0
2026-05-06 12:00:16,178 [WARN] PackLoader:240 - Cannot read IP mode file for STMicroelectronics.X-CUBE-NFC6.3.2.0
2026-05-06 12:00:16,186 [WARN] PackLoader:240 - Cannot read IP mode file for STMicroelectronics.X-CUBE-AI.10.2.0
2026-05-06 12:00:16,287 [INFO] UserAuth:484 - Internet connection configuration mode: 1
2026-05-06 12:00:16,313 [WARN] PackLoader:240 - Cannot read IP mode file for STMicroelectronics.X-CUBE-MEMS1.12.1.0
2026-05-06 12:00:16,591 [WARN] PackLoader:240 - Cannot read IP mode file for SEGGER.I-CUBE-embOS.1.3.1
2026-05-06 12:00:16,700 [WARN] PackLoader:240 - Cannot read IP mode file for STMicroelectronics.X-CUBE-ALGOBUILD.1.4.0
2026-05-06 12:00:16,707 [WARN] PackLoader:240 - Cannot read IP mode file for STMicroelectronics.X-CUBE-PM33A1.1.0.0
2026-05-06 12:00:16,731 [WARN] PackLoader:240 - Cannot read IP mode file for STMicroelectronics.X-CUBE-AZRTOS-F4.1.1.0
2026-05-06 12:00:16,754 [WARN] PackLoader:240 - Cannot read IP mode file for STMicroelectronics.X-CUBE-ISPU.2.1.0
2026-05-06 12:00:16,770 [ERROR] Engine:466 - /home/vatcraft/.stm32cubemx/thirdparties/pdsc/STMicroelectronics.X-CUBE-IPS.3.2.0.pdsc: PDSC version is not supported
2026-05-06 12:00:16,777 [WARN] PackLoader:240 - Cannot read IP mode file for STMicroelectronics.eDS-WB_DPC_TT-BIDIR.2.1.1
2026-05-06 12:00:16,794 [WARN] PackLoader:240 - Cannot read IP mode file for STMicroelectronics.X-CUBE-NFC12.1.0.0
2026-05-06 12:00:16,867 [WARN] PackLoader:240 - Cannot read IP mode file for STMicroelectronics.X-CUBE-AZRTOS-L5.2.0.0
2026-05-06 12:00:16,889 [WARN] PackLoader:240 - Cannot read IP mode file for STMicroelectronics.eDS-WB_DPC_VIENNA.1.2.0
2026-05-06 12:00:16,894 [WARN] PackLoader:240 - Cannot read IP mode file for STMicroelectronics.eDS-WB_DPC_3PH2L-BIDIR.1.1.1
2026-05-06 12:00:16,905 [ERROR] Engine:466 - /home/vatcraft/.stm32cubemx/thirdparties/pdsc/STMicroelectronics.X-CUBE-ST67W61.1.3.0.pdsc: PDSC version is not supported
2026-05-06 12:00:16,918 [WARN] PackLoader:240 - Cannot read IP mode file for STMicroelectronics.X-CUBE-TOUCHGFX.4.26.1
2026-05-06 12:00:16,927 [WARN] PackLoader:240 - Cannot read IP mode file for STMicroelectronics.FP-SNS-STAIOTCFT.1.0.0
2026-05-06 12:00:16,937 [WARN] PackLoader:240 - Cannot read IP mode file for STMicroelectronics.X-CUBE-DPower.1.3.0
2026-05-06 12:00:17,010 [WARN] ConditionMgr:438 - getConditionDescription Invalid condition id : LAN8742 Phy interface Condition cause : null
2026-05-06 12:00:17,011 [WARN] PackLoader:240 - Cannot read IP mode file for STMicroelectronics.X-CUBE-AZRTOS-L4.2.0.0
2026-05-06 12:00:17,013 [WARN] ConditionMgr:1044 - genDependencies : Invalid condition id : LAN8742 Phy interface Condition cause : null
2026-05-06 12:00:17,013 [WARN] ConditionMgr:1044 - genDependencies : Invalid condition id : LAN8742 Phy interface Condition cause : null
2026-05-06 12:00:17,014 [WARN] ConditionMgr:1044 - genDependencies : Invalid condition id : LAN8742 Phy interface Condition cause : null
2026-05-06 12:00:17,025 [WARN] PackLoader:240 - Cannot read IP mode file for STMicroelectronics.X-CUBE-SFXS2LP1.4.0.0
2026-05-06 12:00:17,036 [WARN] PackLoader:240 - Cannot read IP mode file for STMicroelectronics.X-CUBE-WB05N.2.1.0
2026-05-06 12:00:17,042 [ERROR] Engine:466 - /home/vatcraft/.stm32cubemx/thirdparties/pdsc/STMicroelectronics.X-CUBE-ST67W61.1.2.0.pdsc: PDSC version is not supported
2026-05-06 12:00:17,059 [WARN] PackLoader:240 - Cannot read IP mode file for STMicroelectronics.X-CUBE-BLEMGR.4.1.0
2026-05-06 12:00:17,106 [WARN] ConditionMgr:438 - getConditionDescription Invalid condition id : UX DEVICE CLASS RTOS Condition cause : null
2026-05-06 12:00:17,107 [WARN] ConditionMgr:438 - getConditionDescription Invalid condition id : UX DEVICE CLASS RTOS Condition cause : null
2026-05-06 12:00:17,117 [WARN] PackLoader:240 - Cannot read IP mode file for STMicroelectronics.X-CUBE-AZRTOS-WB.2.0.0
2026-05-06 12:00:17,118 [WARN] ConditionMgr:1044 - genDependencies : Invalid condition id : UX DEVICE CLASS RTOS Condition cause : null
2026-05-06 12:00:17,118 [WARN] ConditionMgr:1044 - genDependencies : Invalid condition id : UX DEVICE CLASS RTOS Condition cause : null
2026-05-06 12:00:17,119 [WARN] ConditionMgr:1044 - genDependencies : Invalid condition id : UX DEVICE CLASS RTOS Condition cause : null
2026-05-06 12:00:17,120 [WARN] ConditionMgr:1044 - genDependencies : Invalid condition id : UX DEVICE CLASS RTOS Condition cause : null
2026-05-06 12:00:17,122 [WARN] ConditionMgr:1044 - genDependencies : Invalid condition id : UX DEVICE CLASS RTOS Condition cause : null
2026-05-06 12:00:17,134 [WARN] ConditionMgr:438 - getConditionDescription Invalid condition id : Cortex-A Device cause : null
2026-05-06 12:00:17,152 [WARN] ConditionMgr:1044 - genDependencies : Invalid condition id : Cortex-A Device cause : null
2026-05-06 12:00:17,152 [WARN] ConditionMgr:1044 - genDependencies : Invalid condition id : Cortex-A Device cause : null
2026-05-06 12:00:17,152 [WARN] ConditionMgr:1044 - genDependencies : Invalid condition id : Cortex-A Device cause : null
2026-05-06 12:00:17,170 [WARN] PackLoader:240 - Cannot read IP mode file for STMicroelectronics.X-CUBE-STSE01.2.0.0
2026-05-06 12:00:17,204 [WARN] PackLoader:240 - Cannot read IP mode file for STMicroelectronics.X-CUBE-SUBG2.5.0.0
2026-05-06 12:00:17,283 [WARN] PackLoader:240 - Cannot read IP mode file for STMicroelectronics.X-CUBE-AZRTOS-G4.2.0.0
2026-05-06 12:00:17,296 [WARN] PackLoader:240 - Cannot read IP mode file for wolfSSL.I-CUBE-wolfSSH.1.4.20
2026-05-06 12:00:17,303 [WARN] PackLoader:240 - Cannot read IP mode file for STMicroelectronics.X-CUBE-NFC7.2.0.0
2026-05-06 12:00:17,317 [WARN] PackLoader:240 - Cannot read IP mode file for STMicroelectronics.X-CUBE-ALS.1.0.2
2026-05-06 12:00:17,336 [WARN] PackLoader:240 - Cannot read IP mode file for STMicroelectronics.X-CUBE-TOF1.3.4.3
2026-05-06 12:00:17,359 [INFO] ThirdParty:978 - Integrity check success = true
2026-05-06 12:00:17,359 [INFO] IntegrityCheckThread:100 - exiting critical section [integrity check]
2026-05-06 12:00:17,360 [INFO] IntegrityCheckThread:103 - End integrity checks thread
2026-05-06 13:26:45,467 [INFO] WebApp:194 - Connection lost
2026-05-06 13:26:52,052 [INFO] WebApp:191 - Connection restablished
2026-05-06 13:58:06,185 [ERROR] LogOutputStream:75 - [STDERR_REDIRECT] 
