2026-05-06 12:03:42,083 [INFO] Activator:176 - 


2026-05-06 12:03:42,089 [INFO] Activator:177 - !SESSION log4j initialized
2026-05-06 12:03:47,898 [INFO] LogOutputStream:77 - [STDOUT_REDIRECT] 
2026-05-06 12:03:49,326 [INFO] ApplicationProperties:184 - Using Application install path: /opt/st/stm32cubeide_1.18.1/plugins/com.st.stm32cube.common.mx_6.14.1.202504091515
2026-05-06 12:03:49,343 [INFO] DbMcusXml:78 - Set database path to: /opt/st/stm32cubeide_1.18.1/plugins/com.st.stm32cube.common.mx_6.14.1.202504091515//db//mcu/
2026-05-06 12:03:49,343 [INFO] ApiDb:274 - Set plugin database path to: /opt/st/stm32cubeide_1.18.1/plugins/com.st.stm32cube.common.mx_6.14.1.202504091515//db//plugins/boardmanager/
2026-05-06 12:03:49,343 [WARN] ApiDb:259 - Overriding images path with different value:  => /opt/st/stm32cubeide_1.18.1/plugins/com.st.stm32cube.common.mx_6.14.1.202504091515//db//plugins/mcufinder/images/
2026-05-06 12:03:49,347 [INFO] ApiDb:250 - Set database path to: /home/vatcraft/.stmcufinder/plugins/mcufinder//mcu/
2026-05-06 12:03:49,349 [INFO] DbMcusAds:125 - Set database path to: /home/vatcraft/.stmcufinder/plugins/mcufinder//mcu/
2026-05-06 12:03:49,351 [INFO] CrossReferenceDbSqlite:203 - Set database path to: /home/vatcraft/.stmcufinder/plugins/mcufinder//mcu/cs/
2026-05-06 12:03:49,509 [INFO] RulesReader:64 - Compatibility file has been processed (302 Rules)
2026-05-06 12:03:49,585 [INFO] DbMcusXml:78 - Set database path to: /opt/st/stm32cubeide_1.18.1/plugins/com.st.stm32cube.common.mx_6.14.1.202504091515//db//mcu/
2026-05-06 12:03:49,585 [INFO] ApiDb:274 - Set plugin database path to: /opt/st/stm32cubeide_1.18.1/plugins/com.st.stm32cube.common.mx_6.14.1.202504091515//db//plugins/boardmanager/
2026-05-06 12:03:49,585 [INFO] ApiDb:261 - Set plugin images path to: /opt/st/stm32cubeide_1.18.1/plugins/com.st.stm32cube.common.mx_6.14.1.202504091515//db//plugins/mcufinder/images/
2026-05-06 12:03:49,585 [WARN] DbFile:41 - Overriding database path with different value: /home/vatcraft/.stmcufinder/plugins/mcufinder/ => /home/vatcraft/.stmcufinder/plugins/mcufinder
2026-05-06 12:03:49,586 [INFO] ApiDb:250 - Set database path to: /home/vatcraft/.stmcufinder/plugins/mcufinder//mcu/
2026-05-06 12:03:49,586 [WARN] DbFile:41 - Overriding database path with different value: /home/vatcraft/.stmcufinder/plugins/mcufinder/ => /home/vatcraft/.stmcufinder/plugins/mcufinder
2026-05-06 12:03:49,586 [INFO] DbMcusAds:125 - Set database path to: /home/vatcraft/.stmcufinder/plugins/mcufinder//mcu/
2026-05-06 12:03:49,586 [WARN] DbFile:41 - Overriding database path with different value: /home/vatcraft/.stmcufinder/plugins/mcufinder/ => /home/vatcraft/.stmcufinder/plugins/mcufinder
2026-05-06 12:03:49,586 [WARN] DbFile:41 - Overriding database path with different value: /home/vatcraft/.stmcufinder/plugins/mcufinder/ => /home/vatcraft/.stmcufinder/plugins/mcufinder
2026-05-06 12:03:49,586 [INFO] CrossReferenceDbSqlite:203 - Set database path to: /home/vatcraft/.stmcufinder/plugins/mcufinder//mcu/cs/
2026-05-06 12:03:49,660 [INFO] MainPanel:272 - HeapMemory: 268435456
2026-05-06 12:03:49,810 [INFO] DbMcusXml:78 - Set database path to: /opt/st/stm32cubeide_1.18.1/plugins/com.st.stm32cube.common.mx_6.14.1.202504091515//db//mcu/
2026-05-06 12:03:49,810 [INFO] ApiDb:274 - Set plugin database path to: /opt/st/stm32cubeide_1.18.1/plugins/com.st.stm32cube.common.mx_6.14.1.202504091515//db//plugins/boardmanager/
2026-05-06 12:03:49,811 [INFO] ApiDb:261 - Set plugin images path to: /opt/st/stm32cubeide_1.18.1/plugins/com.st.stm32cube.common.mx_6.14.1.202504091515//db//plugins/mcufinder/images/
2026-05-06 12:03:49,811 [WARN] DbFile:41 - Overriding database path with different value: /home/vatcraft/.stmcufinder/plugins/mcufinder/ => /home/vatcraft/.stmcufinder/plugins/mcufinder
2026-05-06 12:03:49,811 [INFO] ApiDb:250 - Set database path to: /home/vatcraft/.stmcufinder/plugins/mcufinder//mcu/
2026-05-06 12:03:49,811 [WARN] DbFile:41 - Overriding database path with different value: /home/vatcraft/.stmcufinder/plugins/mcufinder/ => /home/vatcraft/.stmcufinder/plugins/mcufinder
2026-05-06 12:03:49,811 [INFO] DbMcusAds:125 - Set database path to: /home/vatcraft/.stmcufinder/plugins/mcufinder//mcu/
2026-05-06 12:03:49,811 [WARN] DbFile:41 - Overriding database path with different value: /home/vatcraft/.stmcufinder/plugins/mcufinder/ => /home/vatcraft/.stmcufinder/plugins/mcufinder
2026-05-06 12:03:49,812 [WARN] DbFile:41 - Overriding database path with different value: /home/vatcraft/.stmcufinder/plugins/mcufinder/ => /home/vatcraft/.stmcufinder/plugins/mcufinder
2026-05-06 12:03:49,812 [INFO] CrossReferenceDbSqlite:203 - Set database path to: /home/vatcraft/.stmcufinder/plugins/mcufinder//mcu/cs/
2026-05-06 12:03:49,827 [INFO] ApplicationProperties:184 - Using Application install path: /opt/st/stm32cubeide_1.18.1/plugins/com.st.stm32cube.common.mx_6.14.1.202504091515
2026-05-06 12:03:49,829 [INFO] PluginManage:196 - Search for loadable plugins [exclusion list=, ]
2026-05-06 12:03:49,830 [INFO] PluginManage:310 - Check plugin analytics
2026-05-06 12:03:50,053 [INFO] AnalyticsPlugin:253 - Accepted Software Licenses: 
2026-05-06 12:03:50,054 [INFO] AnalyticsPlugin:255 - Accepted CMSIS Pack Licenses: 
2026-05-06 12:03:50,054 [INFO] AnalyticsPlugin:257 - Accepted Firmware Licenses: FW.F4.1.28.0,FW.L4.1.18.0
2026-05-06 12:03:50,059 [INFO] PluginManage:359 - Loaded plugin analytics (category:tool,tabindex:-1)
2026-05-06 12:03:50,060 [INFO] PluginManage:310 - Check plugin cadmodel
2026-05-06 12:03:50,066 [INFO] CADModel:105 - Init CAD model plugin
2026-05-06 12:03:50,067 [INFO] PluginManage:359 - Loaded plugin cadmodel (category:power,tabindex:5)
2026-05-06 12:03:50,067 [INFO] PluginManage:310 - Check plugin clock
2026-05-06 12:03:50,078 [INFO] PluginManage:359 - Loaded plugin clock (category:base,tabindex:2)
2026-05-06 12:03:50,078 [INFO] PluginManage:310 - Check plugin ddr
2026-05-06 12:03:50,081 [INFO] PluginManage:359 - Loaded plugin ddr (category:tool,tabindex:6)
2026-05-06 12:03:50,082 [INFO] PluginManage:310 - Check plugin filemanager
2026-05-06 12:03:50,276 [INFO] PluginManage:359 - Loaded plugin filemanager (category:base,tabindex:10)
2026-05-06 12:03:50,277 [INFO] PluginManage:310 - Check plugin ipmanager
2026-05-06 12:03:50,282 [INFO] PluginManage:359 - Loaded plugin ipmanager (category:base,tabindex:5)
2026-05-06 12:03:50,283 [INFO] PluginManage:310 - Check plugin lpbam
2026-05-06 12:03:50,293 [INFO] PluginManage:359 - Loaded plugin lpbam (category:base,tabindex:0)
2026-05-06 12:03:50,293 [INFO] PluginManage:310 - Check plugin memorymap
2026-05-06 12:03:50,305 [INFO] PluginManage:359 - Loaded plugin memorymap (category:base,tabindex:4)
2026-05-06 12:03:50,305 [INFO] PluginManage:310 - Check plugin pinoutandconfiguration
2026-05-06 12:03:50,313 [INFO] PluginManage:359 - Loaded plugin pinoutandconfiguration (category:base,tabindex:1)
2026-05-06 12:03:50,314 [INFO] PluginManage:310 - Check plugin pinoutconfig
2026-05-06 12:03:50,471 [WARN] SupportedApi:132 - Cannot load RTOS API schema: s4s-elt-must-match.1: The content of 'definitions' must match (annotation?, (simpleType | complexType)?, (unique | key | keyref)*)). A problem was found starting at: attribute.
2026-05-06 12:03:50,776 [INFO] PluginManage:359 - Loaded plugin pinoutconfig (category:base,tabindex:0)
2026-05-06 12:03:50,776 [INFO] PluginManage:310 - Check plugin power
2026-05-06 12:03:50,802 [INFO] PluginManage:359 - Loaded plugin power (category:power,tabindex:4)
2026-05-06 12:03:50,803 [INFO] PluginManage:310 - Check plugin projectmanager
2026-05-06 12:03:50,841 [INFO] PluginManage:359 - Loaded plugin projectmanager (category:projectmanager,tabindex:4)
2026-05-06 12:03:50,842 [INFO] PluginManage:310 - Check plugin rif
2026-05-06 12:03:50,853 [INFO] PluginManage:359 - Loaded plugin rif (category:base,tabindex:3)
2026-05-06 12:03:50,854 [INFO] PluginManage:310 - Check plugin thirdparty
2026-05-06 12:03:51,071 [WARN] IntegrityCheckThread:84 - waiting for thirdparty lock release [integrity check]
2026-05-06 12:03:51,071 [INFO] IntegrityCheckThread:86 - entering critical section [integrity check]
2026-05-06 12:03:51,072 [INFO] ThirdPartyUpdaterWithRetryManager:70 - Updater plugin not ready yet. [1/15]
2026-05-06 12:03:51,072 [INFO] PluginManage:359 - Loaded plugin thirdparty (category:base,tabindex:-1)
2026-05-06 12:03:51,073 [INFO] PluginManage:310 - Check plugin tools
2026-05-06 12:03:51,079 [INFO] PluginManage:359 - Loaded plugin tools (category:base,tabindex:7)
2026-05-06 12:03:51,080 [INFO] PluginManage:310 - Check plugin tutovideos
2026-05-06 12:03:51,370 [INFO] PluginManage:359 - Loaded plugin tutovideos (category:base,tabindex:-1)
2026-05-06 12:03:51,371 [INFO] PluginManage:310 - Check plugin updater
2026-05-06 12:03:51,405 [INFO] PluginManage:359 - Loaded plugin updater (category:base,tabindex:12)
2026-05-06 12:03:51,405 [INFO] PluginManage:310 - Check plugin userauth
2026-05-06 12:03:51,412 [INFO] UserAuth:118 - Init User Auth plugin
2026-05-06 12:03:51,413 [INFO] PluginManage:359 - Loaded plugin userauth (category:base,tabindex:14)
2026-05-06 12:03:51,414 [INFO] PluginManage:283 - PluginManage : Loaded plugins [18]
2026-05-06 12:03:51,705 [INFO] PinOutPanel:1589 - setPackage(No Configuration,No Configuration)
2026-05-06 12:03:51,800 [INFO] CADModel:165 - CPN selected for project level
2026-05-06 12:03:51,800 [INFO] CADModel:114 - Register for checkConnection events
2026-05-06 12:03:51,814 [INFO] IPUIPlugin:80 - create IPUIPlugin
2026-05-06 12:03:51,814 [INFO] PluginManager:220 - loadIPPluginJar : add openamp
2026-05-06 12:03:51,821 [INFO] IPUIPlugin:80 - create IPUIPlugin
2026-05-06 12:03:51,821 [INFO] PluginManager:220 - loadIPPluginJar : add pdm2pcm
2026-05-06 12:03:51,825 [INFO] IPUIPlugin:80 - create IPUIPlugin
2026-05-06 12:03:51,826 [INFO] PluginManager:220 - loadIPPluginJar : add touchsensing
2026-05-06 12:03:51,834 [INFO] IPUIPlugin:80 - create IPUIPlugin
2026-05-06 12:03:51,838 [INFO] PluginManager:220 - loadIPPluginJar : add plateformsettings
2026-05-06 12:03:51,844 [INFO] IPUIPlugin:80 - create IPUIPlugin
2026-05-06 12:03:51,844 [INFO] PluginManager:220 - loadIPPluginJar : add resmgrutility
2026-05-06 12:03:51,851 [INFO] IPUIPlugin:80 - create IPUIPlugin
2026-05-06 12:03:51,851 [INFO] PluginManager:220 - loadIPPluginJar : add gic
2026-05-06 12:03:51,853 [INFO] IPUIPlugin:80 - create IPUIPlugin
2026-05-06 12:03:51,853 [INFO] PluginManager:220 - loadIPPluginJar : add genericplugin
2026-05-06 12:03:51,855 [INFO] IPUIPlugin:80 - create IPUIPlugin
2026-05-06 12:03:51,856 [INFO] PluginManager:220 - loadIPPluginJar : add tracer_emb
2026-05-06 12:03:51,860 [INFO] IPUIPlugin:80 - create IPUIPlugin
2026-05-06 12:03:51,860 [INFO] PluginManager:220 - loadIPPluginJar : add extmemmanager
2026-05-06 12:03:51,862 [INFO] IPUIPlugin:80 - create IPUIPlugin
2026-05-06 12:03:51,863 [INFO] PluginManager:220 - loadIPPluginJar : add spi
2026-05-06 12:03:51,871 [INFO] IPUIPlugin:80 - create IPUIPlugin
2026-05-06 12:03:51,872 [INFO] PluginManager:220 - loadIPPluginJar : add linkedlist
2026-05-06 12:03:51,874 [INFO] IPUIPlugin:80 - create IPUIPlugin
2026-05-06 12:03:51,874 [INFO] PluginManager:220 - loadIPPluginJar : add ucpd
2026-05-06 12:03:51,877 [INFO] IPUIPlugin:80 - create IPUIPlugin
2026-05-06 12:03:51,878 [INFO] PluginManager:220 - loadIPPluginJar : add i3c
2026-05-06 12:03:51,881 [INFO] IPUIPlugin:80 - create IPUIPlugin
2026-05-06 12:03:51,881 [INFO] PluginManager:220 - loadIPPluginJar : add hash
2026-05-06 12:03:51,887 [INFO] IPUIPlugin:80 - create IPUIPlugin
2026-05-06 12:03:51,887 [INFO] PluginManager:220 - loadIPPluginJar : add nvic
2026-05-06 12:03:51,890 [INFO] IPUIPlugin:80 - create IPUIPlugin
2026-05-06 12:03:51,891 [INFO] PluginManager:220 - loadIPPluginJar : add usbx
2026-05-06 12:03:51,894 [INFO] IPUIPlugin:80 - create IPUIPlugin
2026-05-06 12:03:51,894 [INFO] PluginManager:220 - loadIPPluginJar : add cryp
2026-05-06 12:03:51,896 [INFO] IPUIPlugin:80 - create IPUIPlugin
2026-05-06 12:03:51,896 [INFO] PluginManager:220 - loadIPPluginJar : add quadspi
2026-05-06 12:03:51,898 [INFO] IPUIPlugin:80 - create IPUIPlugin
2026-05-06 12:03:51,898 [INFO] PluginManager:220 - loadIPPluginJar : add ts
2026-05-06 12:03:51,902 [INFO] IPUIPlugin:80 - create IPUIPlugin
2026-05-06 12:03:51,902 [INFO] PluginManager:220 - loadIPPluginJar : add i2c
2026-05-06 12:03:51,906 [INFO] IPUIPlugin:80 - create IPUIPlugin
2026-05-06 12:03:51,906 [INFO] PluginManager:220 - loadIPPluginJar : add ipddr
2026-05-06 12:03:51,909 [INFO] IPUIPlugin:80 - create IPUIPlugin
2026-05-06 12:03:51,909 [INFO] PluginManager:220 - loadIPPluginJar : add aes
2026-05-06 12:03:51,913 [INFO] IPUIPlugin:80 - create IPUIPlugin
2026-05-06 12:03:51,914 [INFO] PluginManager:220 - loadIPPluginJar : add sai
2026-05-06 12:03:51,916 [INFO] IPUIPlugin:80 - create IPUIPlugin
2026-05-06 12:03:51,916 [INFO] PluginManager:220 - loadIPPluginJar : add dma3
2026-05-06 12:03:51,920 [INFO] IPUIPlugin:80 - create IPUIPlugin
2026-05-06 12:03:51,920 [INFO] PluginManager:220 - loadIPPluginJar : add lorawan
2026-05-06 12:03:51,923 [INFO] IPUIPlugin:80 - create IPUIPlugin
2026-05-06 12:03:51,923 [INFO] PluginManager:220 - loadIPPluginJar : add dfsdm
2026-05-06 12:03:51,927 [INFO] IPUIPlugin:80 - create IPUIPlugin
2026-05-06 12:03:51,927 [INFO] PluginManager:220 - loadIPPluginJar : add gtzc
2026-05-06 12:03:51,930 [INFO] IPUIPlugin:80 - create IPUIPlugin
2026-05-06 12:03:51,930 [INFO] PluginManager:220 - loadIPPluginJar : add can
2026-05-06 12:03:51,937 [INFO] IPUIPlugin:80 - create IPUIPlugin
2026-05-06 12:03:51,937 [INFO] PluginManager:220 - loadIPPluginJar : add freertos
2026-05-06 12:03:51,940 [INFO] IPUIPlugin:80 - create IPUIPlugin
2026-05-06 12:03:51,940 [INFO] PluginManager:220 - loadIPPluginJar : add usart
2026-05-06 12:03:51,946 [INFO] IPUIPlugin:80 - create IPUIPlugin
2026-05-06 12:03:51,946 [INFO] PluginManager:220 - loadIPPluginJar : add fmc
2026-05-06 12:03:51,951 [INFO] IPUIPlugin:80 - create IPUIPlugin
2026-05-06 12:03:51,951 [INFO] PluginManager:220 - loadIPPluginJar : add gpio
2026-05-06 12:03:51,954 [INFO] IPUIPlugin:80 - create IPUIPlugin
2026-05-06 12:03:51,954 [INFO] PluginManager:220 - loadIPPluginJar : add i2s
2026-05-06 12:03:51,963 [INFO] IPUIPlugin:80 - create IPUIPlugin
2026-05-06 12:03:51,963 [INFO] PluginManager:220 - loadIPPluginJar : add mdma
2026-05-06 12:03:51,964 [INFO] IPUIPlugin:80 - create IPUIPlugin
2026-05-06 12:03:51,965 [INFO] PluginManager:220 - loadIPPluginJar : add ltdc
2026-05-06 12:03:51,968 [INFO] IPUIPlugin:80 - create IPUIPlugin
2026-05-06 12:03:51,968 [INFO] PluginManager:220 - loadIPPluginJar : add opamp
2026-05-06 12:03:51,977 [INFO] IPUIPlugin:80 - create IPUIPlugin
2026-05-06 12:03:51,977 [INFO] PluginManager:220 - loadIPPluginJar : add adc
2026-05-06 12:03:51,980 [INFO] IPUIPlugin:80 - create IPUIPlugin
2026-05-06 12:03:51,980 [INFO] PluginManager:220 - loadIPPluginJar : add ddr_ctrl_phy
2026-05-06 12:03:51,988 [INFO] IPUIPlugin:80 - create IPUIPlugin
2026-05-06 12:03:51,988 [INFO] PluginManager:220 - loadIPPluginJar : add stm32_wpan
2026-05-06 12:03:51,995 [INFO] IPUIPlugin:80 - create IPUIPlugin
2026-05-06 12:03:51,996 [INFO] PluginManager:220 - loadIPPluginJar : add dma
2026-05-06 12:03:51,997 [INFO] IPUIPlugin:80 - create IPUIPlugin
2026-05-06 12:03:51,998 [INFO] PluginManager:220 - loadIPPluginJar : add tsc
2026-05-06 12:03:52,000 [INFO] IPUIPlugin:80 - create IPUIPlugin
2026-05-06 12:03:52,000 [INFO] PluginManager:220 - loadIPPluginJar : add comp
2026-05-06 12:03:52,002 [INFO] IPUIPlugin:80 - create IPUIPlugin
2026-05-06 12:03:52,002 [INFO] PluginManager:220 - loadIPPluginJar : add fatfs
2026-05-06 12:03:52,004 [INFO] IPUIPlugin:80 - create IPUIPlugin
2026-05-06 12:03:52,004 [INFO] PluginManager:220 - loadIPPluginJar : add tim
2026-05-06 12:03:52,006 [INFO] IPUIPlugin:80 - create IPUIPlugin
2026-05-06 12:03:52,007 [INFO] PluginManager:220 - loadIPPluginJar : add gfxmmu
2026-05-06 12:03:52,009 [INFO] IPUIPlugin:80 - create IPUIPlugin
2026-05-06 12:03:52,010 [INFO] PluginManager:220 - loadIPPluginJar : add radio
2026-05-06 12:03:52,132 [FATAL] Updater:351 - Updater called before beeing initialized
2026-05-06 12:03:52,171 [INFO] RulesReader:64 - Compatibility file has been processed (302 Rules)
2026-05-06 12:03:52,186 [INFO] RulesReader:64 - Compatibility file has been processed (302 Rules)
2026-05-06 12:03:52,198 [INFO] CADModel:165 - CPN selected for project level
2026-05-06 12:03:52,198 [INFO] CADModel:114 - Register for checkConnection events
2026-05-06 12:03:52,199 [FATAL] Updater:351 - Updater called before beeing initialized
2026-05-06 12:03:52,199 [ERROR] CADModel:125 - Updater not yet initialized, retry later 
2026-05-06 12:03:52,484 [FATAL] Updater:351 - Updater called before beeing initialized
2026-05-06 12:03:52,489 [INFO] CADModel:165 - CPN selected for project level
2026-05-06 12:03:52,490 [INFO] CADModel:114 - Register for checkConnection events
2026-05-06 12:03:52,490 [FATAL] Updater:351 - Updater called before beeing initialized
2026-05-06 12:03:52,490 [ERROR] CADModel:125 - Updater not yet initialized, retry later 
2026-05-06 12:03:52,520 [FATAL] Updater:351 - Updater called before beeing initialized
2026-05-06 12:03:52,928 [FATAL] Updater:351 - Updater called before beeing initialized
2026-05-06 12:03:52,940 [INFO] DbMcusAds:53 - JSON generation date=Mon Apr 27 15:14:29 ICT 2026 (1777277669683)
2026-05-06 12:03:52,940 [FATAL] Updater:351 - Updater called before beeing initialized
2026-05-06 12:03:53,005 [WARN] DetailPanel:346 - Failed to get advertising image, set to default
2026-05-06 12:03:53,341 [FATAL] Updater:351 - Updater called before beeing initialized
2026-05-06 12:03:53,342 [FATAL] Updater:351 - Updater called before beeing initialized
2026-05-06 12:03:53,343 [FATAL] Updater:351 - Updater called before beeing initialized
2026-05-06 12:03:53,343 [WARN] DetailPanel:346 - Failed to get advertising image, set to default
2026-05-06 12:03:53,344 [FATAL] Updater:351 - Updater called before beeing initialized
2026-05-06 12:03:53,383 [ERROR] Updater:1198 - MainUpdater not yet initialized. External WinMGr cannot be set.
2026-05-06 12:03:53,384 [INFO] Updater:1134 - Updater Version found : 6.14.1
2026-05-06 12:03:53,400 [INFO] ApplicationProperties:184 - Using Application install path: /opt/st/stm32cubeide_1.18.1/plugins/com.st.stm32cube.common.mx_6.14.1.202504091515
2026-05-06 12:03:53,733 [INFO] MainUpdater:2872 - connection check result : 10
2026-05-06 12:03:53,734 [INFO] MainUpdater:289 - Updater Check For Update Now.
2026-05-06 12:03:53,734 [INFO] MicroXplorer:498 - Change Database Version : DB.6.0.141
2026-05-06 12:03:53,742 [INFO] McuFinderGlobals:63 - Set McuFinder mode to 2 (CubeIDE integrated)
2026-05-06 12:03:53,743 [INFO] UserAuth:484 - Internet connection configuration mode: 1
2026-05-06 12:03:53,767 [INFO] JxBrowserEngine:152 - Initiate JxBrowser Engine with user profile folder
2026-05-06 12:03:54,016 [INFO] CheckServerUpdateThread:120 - End of CheckServer Thread
2026-05-06 12:03:54,376 [WARN] PackLoader:240 - Cannot read IP mode file for STMicroelectronics.X-CUBE-AZRTOS-H7.3.5.0
2026-05-06 12:03:54,395 [WARN] PackLoader:240 - Cannot read IP mode file for STMicroelectronics.FP-ATR-ASTRA1.2.0.2
2026-05-06 12:03:54,405 [WARN] PackLoader:240 - Cannot read IP mode file for STMicroelectronics.X-CUBE-SMBUS.2.1.0
2026-05-06 12:03:54,453 [WARN] PackLoader:240 - Cannot read IP mode file for STMicroelectronics.X-CUBE-AZRTOS-F7.1.1.0
2026-05-06 12:03:54,464 [ERROR] Engine:466 - /home/vatcraft/.stm32cubemx/thirdparties/pdsc/STMicroelectronics.FP-SNS-MOTENV1.5.1.0.pdsc: PDSC version is not supported
2026-05-06 12:03:54,468 [ERROR] Engine:466 - /home/vatcraft/.stm32cubemx/thirdparties/pdsc/WES.I-CUBE-Cesium.1.4.0.pdsc: PDSC version is not supported
2026-05-06 12:03:54,478 [WARN] PackLoader:240 - Cannot read IP mode file for STMicroelectronics.X-CUBE-DISPLAY.3.0.0
2026-05-06 12:03:54,509 [WARN] PackLoader:240 - Cannot read IP mode file for STMicroelectronics.X-CUBE-GNSS1.7.1.1
2026-05-06 12:03:54,523 [ERROR] Engine:466 - /home/vatcraft/.stm32cubemx/thirdparties/pdsc/STMicroelectronics.FP-SNS-MOTENVWB1.1.5.0.pdsc: PDSC version is not supported
2026-05-06 12:03:54,537 [WARN] PackLoader:240 - Cannot read IP mode file for STMicroelectronics.X-CUBE-NFC10.1.0.0
2026-05-06 12:03:54,566 [WARN] PackLoader:240 - Cannot read IP mode file for STMicroelectronics.X-CUBE-ST60.1.1.0
2026-05-06 12:03:54,583 [WARN] PackLoader:240 - Cannot read IP mode file for emotas.I-CUBE-CANOPEN.1.3.0
2026-05-06 12:03:54,602 [WARN] PackLoader:240 - Cannot read IP mode file for STMicroelectronics.X-CUBE-GNSS1.7.1.0
2026-05-06 12:03:54,625 [ERROR] Engine:466 - /home/vatcraft/.stm32cubemx/thirdparties/pdsc/STMicroelectronics.FP-SNS-STBOX1.2.1.0.pdsc: PDSC version is not supported
2026-05-06 12:03:54,633 [WARN] PackLoader:240 - Cannot read IP mode file for STMicroelectronics.FP-SNS-SMARTAG2.1.2.0
2026-05-06 12:03:54,639 [WARN] PackLoader:240 - Cannot read IP mode file for STMicroelectronics.FP-SNS-FLIGHT1.5.1.0
2026-05-06 12:03:54,655 [INFO] LogOutputStream:77 - [STDOUT_REDIRECT] 1 : Invalid condition id : UX_CORESTACK_Condition cause : null
2026-05-06 12:03:54,656 [INFO] LogOutputStream:77 - [STDOUT_REDIRECT] 1 : Invalid condition id : UX_CORESTACK_Condition cause : null
2026-05-06 12:03:54,656 [INFO] LogOutputStream:77 - [STDOUT_REDIRECT] 1 : Invalid condition id : UX_CORESTACK_Condition cause : null
2026-05-06 12:03:54,657 [INFO] LogOutputStream:77 - [STDOUT_REDIRECT] 1 : Invalid condition id : UX_CORESTACK_Condition cause : null
2026-05-06 12:03:54,657 [INFO] LogOutputStream:77 - [STDOUT_REDIRECT] 1 : Invalid condition id : UX_CORESTACK_Condition cause : null
2026-05-06 12:03:54,662 [WARN] PackLoader:240 - Cannot read IP mode file for STMicroelectronics.X-CUBE-AZRTOS-WL.2.0.0
2026-05-06 12:03:54,703 [WARN] PackLoader:240 - Cannot read IP mode file for STMicroelectronics.X-CUBE-AZRTOS-H7RS.1.2.0
2026-05-06 12:03:54,714 [WARN] PackLoader:240 - Cannot read IP mode file for STMicroelectronics.X-CUBE-BLE2.3.3.0
2026-05-06 12:03:54,757 [WARN] PackLoader:240 - Cannot read IP mode file for Infineon.AIROC-Wi-Fi-Bluetooth-STM32.1.8.0
2026-05-06 12:03:54,771 [WARN] PackLoader:240 - Cannot read IP mode file for STMicroelectronics.X-CUBE-NFC9.1.0.0
2026-05-06 12:03:54,778 [WARN] PackLoader:240 - Cannot read IP mode file for STMicroelectronics.X-CUBE-BLE1.7.1.0
2026-05-06 12:03:54,782 [WARN] PackLoader:240 - Cannot read IP mode file for wolfSSL.I-CUBE-wolfMQTT.1.19.2
2026-05-06 12:03:54,789 [WARN] PackLoader:240 - Cannot read IP mode file for STMicroelectronics.X-CUBE-EEPRMA1.5.2.0
2026-05-06 12:03:54,795 [WARN] PackLoader:240 - Cannot read IP mode file for wolfSSL.I-CUBE-wolfSSL.5.8.4
2026-05-06 12:03:54,798 [WARN] PackLoader:240 - Cannot read IP mode file for Cesanta.I-CUBE-Mongoose.7.20.0
2026-05-06 12:03:54,801 [ERROR] Engine:466 - /home/vatcraft/.stm32cubemx/thirdparties/pdsc/STMicroelectronics.FP-SNS-STAIOTCFT.1.1.0.pdsc: PDSC version is not supported
2026-05-06 12:03:54,941 [WARN] PackLoader:240 - Cannot read IP mode file for STMicroelectronics.X-CUBE-MEMS1.12.0.0
2026-05-06 12:03:55,162 [WARN] PackLoader:240 - Cannot read IP mode file for STMicroelectronics.X-CUBE-AZRTOS-G0.1.1.0
2026-05-06 12:03:55,175 [WARN] PackLoader:240 - Cannot read IP mode file for STMicroelectronics.X-CUBE-NFC4.3.0.0
2026-05-06 12:03:55,185 [INFO] WebApp:169 - Instantiating new browser for Auth
2026-05-06 12:03:55,204 [WARN] PackLoader:240 - Cannot read IP mode file for EmbeddedOffice.I-CUBE-FS-RTOS.1.0.1
2026-05-06 12:03:55,216 [WARN] PackLoader:240 - Cannot read IP mode file for STMicroelectronics.X-CUBE-WB05N.2.0.0
2026-05-06 12:03:55,221 [WARN] PackLoader:240 - Cannot read IP mode file for wolfSSL.I-CUBE-wolfTPM.3.8.0
2026-05-06 12:03:55,235 [WARN] PackLoader:240 - Cannot read IP mode file for STMicroelectronics.X-CUBE-TCPP.4.2.0
2026-05-06 12:03:55,251 [WARN] PackLoader:240 - Cannot read IP mode file for RealThread.X-CUBE-RT-Thread_Nano.4.1.1
2026-05-06 12:03:55,255 [WARN] PackLoader:240 - Cannot read IP mode file for STMicroelectronics.FP-ATR-SIGFOX1.3.2.0
2026-05-06 12:03:55,258 [ERROR] Engine:466 - /home/vatcraft/.stm32cubemx/thirdparties/pdsc/STMicroelectronics.X-CUBE-FREERTOS.1.5.0.pdsc: PDSC version is not supported
2026-05-06 12:03:55,267 [WARN] PackLoader:240 - Cannot read IP mode file for ITTIA_DB.I-CUBE-ITTIADB.8.9.0
2026-05-06 12:03:55,278 [WARN] PackLoader:240 - Cannot read IP mode file for STMicroelectronics.X-CUBE-NFC6.3.2.0
2026-05-06 12:03:55,340 [WARN] PackLoader:240 - Cannot read IP mode file for STMicroelectronics.X-CUBE-AI.10.2.0
2026-05-06 12:03:55,510 [WARN] PackLoader:240 - Cannot read IP mode file for STMicroelectronics.X-CUBE-MEMS1.12.1.0
2026-05-06 12:03:55,868 [WARN] PackLoader:240 - Cannot read IP mode file for SEGGER.I-CUBE-embOS.1.3.1
2026-05-06 12:03:55,939 [WARN] PackLoader:240 - Cannot read IP mode file for STMicroelectronics.X-CUBE-ALGOBUILD.1.4.0
2026-05-06 12:03:55,944 [WARN] PackLoader:240 - Cannot read IP mode file for STMicroelectronics.X-CUBE-PM33A1.1.0.0
2026-05-06 12:03:55,965 [WARN] PackLoader:240 - Cannot read IP mode file for STMicroelectronics.X-CUBE-AZRTOS-F4.1.1.0
2026-05-06 12:03:55,971 [WARN] PackLoader:240 - Cannot read IP mode file for STMicroelectronics.X-CUBE-ISPU.2.1.0
2026-05-06 12:03:55,982 [ERROR] Engine:466 - /home/vatcraft/.stm32cubemx/thirdparties/pdsc/STMicroelectronics.X-CUBE-IPS.3.2.0.pdsc: PDSC version is not supported
2026-05-06 12:03:55,987 [WARN] PackLoader:240 - Cannot read IP mode file for STMicroelectronics.eDS-WB_DPC_TT-BIDIR.2.1.1
2026-05-06 12:03:55,998 [WARN] PackLoader:240 - Cannot read IP mode file for STMicroelectronics.X-CUBE-NFC12.1.0.0
2026-05-06 12:03:56,031 [WARN] PackLoader:240 - Cannot read IP mode file for STMicroelectronics.X-CUBE-AZRTOS-L5.2.0.0
2026-05-06 12:03:56,043 [WARN] PackLoader:240 - Cannot read IP mode file for STMicroelectronics.eDS-WB_DPC_VIENNA.1.2.0
2026-05-06 12:03:56,049 [WARN] PackLoader:240 - Cannot read IP mode file for STMicroelectronics.eDS-WB_DPC_3PH2L-BIDIR.1.1.1
2026-05-06 12:03:56,055 [ERROR] Engine:466 - /home/vatcraft/.stm32cubemx/thirdparties/pdsc/STMicroelectronics.X-CUBE-ST67W61.1.3.0.pdsc: PDSC version is not supported
2026-05-06 12:03:56,061 [WARN] PackLoader:240 - Cannot read IP mode file for STMicroelectronics.X-CUBE-TOUCHGFX.4.26.1
2026-05-06 12:03:56,067 [WARN] PackLoader:240 - Cannot read IP mode file for STMicroelectronics.FP-SNS-STAIOTCFT.1.0.0
2026-05-06 12:03:56,079 [WARN] PackLoader:240 - Cannot read IP mode file for STMicroelectronics.X-CUBE-DPower.1.3.0
2026-05-06 12:03:56,116 [WARN] ConditionMgr:438 - getConditionDescription Invalid condition id : LAN8742 Phy interface Condition cause : null
2026-05-06 12:03:56,117 [WARN] PackLoader:240 - Cannot read IP mode file for STMicroelectronics.X-CUBE-AZRTOS-L4.2.0.0
2026-05-06 12:03:56,118 [WARN] ConditionMgr:1044 - genDependencies : Invalid condition id : LAN8742 Phy interface Condition cause : null
2026-05-06 12:03:56,119 [WARN] ConditionMgr:1044 - genDependencies : Invalid condition id : LAN8742 Phy interface Condition cause : null
2026-05-06 12:03:56,119 [WARN] ConditionMgr:1044 - genDependencies : Invalid condition id : LAN8742 Phy interface Condition cause : null
2026-05-06 12:03:56,128 [WARN] PackLoader:240 - Cannot read IP mode file for STMicroelectronics.X-CUBE-SFXS2LP1.4.0.0
2026-05-06 12:03:56,133 [WARN] PackLoader:240 - Cannot read IP mode file for STMicroelectronics.X-CUBE-WB05N.2.1.0
2026-05-06 12:03:56,138 [ERROR] Engine:466 - /home/vatcraft/.stm32cubemx/thirdparties/pdsc/STMicroelectronics.X-CUBE-ST67W61.1.2.0.pdsc: PDSC version is not supported
2026-05-06 12:03:56,150 [WARN] PackLoader:240 - Cannot read IP mode file for STMicroelectronics.X-CUBE-BLEMGR.4.1.0
2026-05-06 12:03:56,169 [WARN] ConditionMgr:438 - getConditionDescription Invalid condition id : UX DEVICE CLASS RTOS Condition cause : null
2026-05-06 12:03:56,169 [WARN] ConditionMgr:438 - getConditionDescription Invalid condition id : UX DEVICE CLASS RTOS Condition cause : null
2026-05-06 12:03:56,172 [WARN] PackLoader:240 - Cannot read IP mode file for STMicroelectronics.X-CUBE-AZRTOS-WB.2.0.0
2026-05-06 12:03:56,173 [WARN] ConditionMgr:1044 - genDependencies : Invalid condition id : UX DEVICE CLASS RTOS Condition cause : null
2026-05-06 12:03:56,173 [WARN] ConditionMgr:1044 - genDependencies : Invalid condition id : UX DEVICE CLASS RTOS Condition cause : null
2026-05-06 12:03:56,173 [WARN] ConditionMgr:1044 - genDependencies : Invalid condition id : UX DEVICE CLASS RTOS Condition cause : null
2026-05-06 12:03:56,175 [WARN] ConditionMgr:1044 - genDependencies : Invalid condition id : UX DEVICE CLASS RTOS Condition cause : null
2026-05-06 12:03:56,175 [WARN] ConditionMgr:1044 - genDependencies : Invalid condition id : UX DEVICE CLASS RTOS Condition cause : null
2026-05-06 12:03:56,179 [WARN] ConditionMgr:438 - getConditionDescription Invalid condition id : Cortex-A Device cause : null
2026-05-06 12:03:56,186 [WARN] ConditionMgr:1044 - genDependencies : Invalid condition id : Cortex-A Device cause : null
2026-05-06 12:03:56,186 [WARN] ConditionMgr:1044 - genDependencies : Invalid condition id : Cortex-A Device cause : null
2026-05-06 12:03:56,186 [WARN] ConditionMgr:1044 - genDependencies : Invalid condition id : Cortex-A Device cause : null
2026-05-06 12:03:56,193 [WARN] PackLoader:240 - Cannot read IP mode file for STMicroelectronics.X-CUBE-STSE01.2.0.0
2026-05-06 12:03:56,205 [WARN] PackLoader:240 - Cannot read IP mode file for STMicroelectronics.X-CUBE-SUBG2.5.0.0
2026-05-06 12:03:56,229 [WARN] PackLoader:240 - Cannot read IP mode file for STMicroelectronics.X-CUBE-AZRTOS-G4.2.0.0
2026-05-06 12:03:56,234 [WARN] PackLoader:240 - Cannot read IP mode file for wolfSSL.I-CUBE-wolfSSH.1.4.20
2026-05-06 12:03:56,240 [WARN] PackLoader:240 - Cannot read IP mode file for STMicroelectronics.X-CUBE-NFC7.2.0.0
2026-05-06 12:03:56,245 [WARN] PackLoader:240 - Cannot read IP mode file for STMicroelectronics.X-CUBE-ALS.1.0.2
2026-05-06 12:03:56,259 [WARN] PackLoader:240 - Cannot read IP mode file for STMicroelectronics.X-CUBE-TOF1.3.4.3
2026-05-06 12:03:56,277 [INFO] ThirdParty:978 - Integrity check success = true
2026-05-06 12:03:56,277 [INFO] IntegrityCheckThread:100 - exiting critical section [integrity check]
2026-05-06 12:03:56,277 [INFO] IntegrityCheckThread:103 - End integrity checks thread
2026-05-06 12:03:56,471 [INFO] WebApp:463 - Apply proxy settings
2026-05-06 12:03:56,471 [INFO] WebApp:548 - Chromium requires no authentication
2026-05-06 12:03:56,483 [INFO] WebApp:491 - Direct internet connection detected
2026-05-06 12:03:56,515 [INFO] WebApp:894 - Register for checkConnection events
2026-05-06 12:03:56,515 [INFO] WebApp:463 - Apply proxy settings
2026-05-06 12:03:56,515 [INFO] WebApp:548 - Chromium requires no authentication
2026-05-06 12:03:56,516 [INFO] WebApp:491 - Direct internet connection detected
2026-05-06 12:03:56,768 [INFO] WebApp:225 - Starting web application
2026-05-06 12:03:56,769 [INFO] WebApp:593 - Web application path used /opt/st/stm32cubeide_1.18.1/plugins/com.st.stm32cube.common.mx_6.14.1.202504091515/db/plugins/mcufinder/reactClient1/index.html
2026-05-06 12:03:56,790 [INFO] WebApp:191 - Connection restablished
2026-05-06 12:03:57,025 [INFO] UserAuth:484 - Internet connection configuration mode: 1
2026-05-06 13:26:44,489 [INFO] WebApp:194 - Connection lost
2026-05-06 13:26:51,746 [INFO] WebApp:191 - Connection restablished
2026-05-06 13:57:52,180 [ERROR] LogOutputStream:75 - [STDERR_REDIRECT] 
