2026-04-26 08:55:51,106 [INFO] Activator:176 - 


2026-04-26 08:55:51,111 [INFO] Activator:177 - !SESSION log4j initialized
2026-04-26 08:55:58,000 [INFO] LogOutputStream:77 - [STDOUT_REDIRECT] 
2026-04-26 08:56:00,279 [INFO] ApplicationProperties:184 - Using Application install path: /opt/st/stm32cubeide_1.18.1/plugins/com.st.stm32cube.common.mx_6.14.1.202504091515
2026-04-26 08:56:00,297 [INFO] DbMcusXml:78 - Set database path to: /opt/st/stm32cubeide_1.18.1/plugins/com.st.stm32cube.common.mx_6.14.1.202504091515//db//mcu/
2026-04-26 08:56:00,297 [INFO] ApiDb:274 - Set plugin database path to: /opt/st/stm32cubeide_1.18.1/plugins/com.st.stm32cube.common.mx_6.14.1.202504091515//db//plugins/boardmanager/
2026-04-26 08:56:00,297 [WARN] ApiDb:259 - Overriding images path with different value:  => /opt/st/stm32cubeide_1.18.1/plugins/com.st.stm32cube.common.mx_6.14.1.202504091515//db//plugins/mcufinder/images/
2026-04-26 08:56:00,305 [INFO] ApiDb:250 - Set database path to: /home/vatcraft/.stmcufinder/plugins/mcufinder//mcu/
2026-04-26 08:56:00,306 [INFO] DbMcusAds:125 - Set database path to: /home/vatcraft/.stmcufinder/plugins/mcufinder//mcu/
2026-04-26 08:56:01,310 [INFO] CrossReferenceDbSqlite:203 - Set database path to: /home/vatcraft/.stmcufinder/plugins/mcufinder//mcu/cs/
2026-04-26 08:56:01,480 [INFO] RulesReader:64 - Compatibility file has been processed (302 Rules)
2026-04-26 08:56:01,547 [INFO] DbMcusXml:78 - Set database path to: /opt/st/stm32cubeide_1.18.1/plugins/com.st.stm32cube.common.mx_6.14.1.202504091515//db//mcu/
2026-04-26 08:56:01,548 [INFO] ApiDb:274 - Set plugin database path to: /opt/st/stm32cubeide_1.18.1/plugins/com.st.stm32cube.common.mx_6.14.1.202504091515//db//plugins/boardmanager/
2026-04-26 08:56:01,548 [INFO] ApiDb:261 - Set plugin images path to: /opt/st/stm32cubeide_1.18.1/plugins/com.st.stm32cube.common.mx_6.14.1.202504091515//db//plugins/mcufinder/images/
2026-04-26 08:56:01,548 [WARN] DbFile:41 - Overriding database path with different value: /home/vatcraft/.stmcufinder/plugins/mcufinder/ => /home/vatcraft/.stmcufinder/plugins/mcufinder
2026-04-26 08:56:01,548 [INFO] ApiDb:250 - Set database path to: /home/vatcraft/.stmcufinder/plugins/mcufinder//mcu/
2026-04-26 08:56:01,548 [WARN] DbFile:41 - Overriding database path with different value: /home/vatcraft/.stmcufinder/plugins/mcufinder/ => /home/vatcraft/.stmcufinder/plugins/mcufinder
2026-04-26 08:56:01,548 [INFO] DbMcusAds:125 - Set database path to: /home/vatcraft/.stmcufinder/plugins/mcufinder//mcu/
2026-04-26 08:56:01,548 [WARN] DbFile:41 - Overriding database path with different value: /home/vatcraft/.stmcufinder/plugins/mcufinder/ => /home/vatcraft/.stmcufinder/plugins/mcufinder
2026-04-26 08:56:01,548 [WARN] DbFile:41 - Overriding database path with different value: /home/vatcraft/.stmcufinder/plugins/mcufinder/ => /home/vatcraft/.stmcufinder/plugins/mcufinder
2026-04-26 08:56:02,550 [INFO] CrossReferenceDbSqlite:203 - Set database path to: /home/vatcraft/.stmcufinder/plugins/mcufinder//mcu/cs/
2026-04-26 08:56:02,651 [INFO] MainPanel:272 - HeapMemory: 268435456
2026-04-26 08:56:02,800 [INFO] DbMcusXml:78 - Set database path to: /opt/st/stm32cubeide_1.18.1/plugins/com.st.stm32cube.common.mx_6.14.1.202504091515//db//mcu/
2026-04-26 08:56:02,800 [INFO] ApiDb:274 - Set plugin database path to: /opt/st/stm32cubeide_1.18.1/plugins/com.st.stm32cube.common.mx_6.14.1.202504091515//db//plugins/boardmanager/
2026-04-26 08:56:02,800 [INFO] ApiDb:261 - Set plugin images path to: /opt/st/stm32cubeide_1.18.1/plugins/com.st.stm32cube.common.mx_6.14.1.202504091515//db//plugins/mcufinder/images/
2026-04-26 08:56:02,800 [WARN] DbFile:41 - Overriding database path with different value: /home/vatcraft/.stmcufinder/plugins/mcufinder/ => /home/vatcraft/.stmcufinder/plugins/mcufinder
2026-04-26 08:56:02,801 [INFO] ApiDb:250 - Set database path to: /home/vatcraft/.stmcufinder/plugins/mcufinder//mcu/
2026-04-26 08:56:02,801 [WARN] DbFile:41 - Overriding database path with different value: /home/vatcraft/.stmcufinder/plugins/mcufinder/ => /home/vatcraft/.stmcufinder/plugins/mcufinder
2026-04-26 08:56:02,801 [INFO] DbMcusAds:125 - Set database path to: /home/vatcraft/.stmcufinder/plugins/mcufinder//mcu/
2026-04-26 08:56:02,801 [WARN] DbFile:41 - Overriding database path with different value: /home/vatcraft/.stmcufinder/plugins/mcufinder/ => /home/vatcraft/.stmcufinder/plugins/mcufinder
2026-04-26 08:56:02,801 [WARN] DbFile:41 - Overriding database path with different value: /home/vatcraft/.stmcufinder/plugins/mcufinder/ => /home/vatcraft/.stmcufinder/plugins/mcufinder
2026-04-26 08:56:03,802 [INFO] CrossReferenceDbSqlite:203 - Set database path to: /home/vatcraft/.stmcufinder/plugins/mcufinder//mcu/cs/
2026-04-26 08:56:03,855 [INFO] ApplicationProperties:184 - Using Application install path: /opt/st/stm32cubeide_1.18.1/plugins/com.st.stm32cube.common.mx_6.14.1.202504091515
2026-04-26 08:56:03,857 [INFO] PluginManage:196 - Search for loadable plugins [exclusion list=, ]
2026-04-26 08:56:03,859 [INFO] PluginManage:310 - Check plugin analytics
2026-04-26 08:56:05,065 [INFO] AnalyticsPlugin:253 - Accepted Software Licenses: 
2026-04-26 08:56:05,065 [INFO] AnalyticsPlugin:255 - Accepted CMSIS Pack Licenses: 
2026-04-26 08:56:05,065 [INFO] AnalyticsPlugin:257 - Accepted Firmware Licenses: FW.F4.1.28.0,FW.L4.1.18.0
2026-04-26 08:56:05,068 [INFO] PluginManage:359 - Loaded plugin analytics (category:tool,tabindex:-1)
2026-04-26 08:56:05,069 [INFO] PluginManage:310 - Check plugin cadmodel
2026-04-26 08:56:05,073 [INFO] CADModel:105 - Init CAD model plugin
2026-04-26 08:56:05,074 [INFO] PluginManage:359 - Loaded plugin cadmodel (category:power,tabindex:5)
2026-04-26 08:56:05,074 [INFO] PluginManage:310 - Check plugin clock
2026-04-26 08:56:05,083 [INFO] PluginManage:359 - Loaded plugin clock (category:base,tabindex:2)
2026-04-26 08:56:05,084 [INFO] PluginManage:310 - Check plugin ddr
2026-04-26 08:56:05,086 [INFO] PluginManage:359 - Loaded plugin ddr (category:tool,tabindex:6)
2026-04-26 08:56:05,087 [INFO] PluginManage:310 - Check plugin filemanager
2026-04-26 08:56:05,234 [INFO] PluginManage:359 - Loaded plugin filemanager (category:base,tabindex:10)
2026-04-26 08:56:05,234 [INFO] PluginManage:310 - Check plugin ipmanager
2026-04-26 08:56:05,240 [INFO] PluginManage:359 - Loaded plugin ipmanager (category:base,tabindex:5)
2026-04-26 08:56:05,240 [INFO] PluginManage:310 - Check plugin lpbam
2026-04-26 08:56:05,252 [INFO] PluginManage:359 - Loaded plugin lpbam (category:base,tabindex:0)
2026-04-26 08:56:05,253 [INFO] PluginManage:310 - Check plugin memorymap
2026-04-26 08:56:05,268 [INFO] PluginManage:359 - Loaded plugin memorymap (category:base,tabindex:4)
2026-04-26 08:56:05,269 [INFO] PluginManage:310 - Check plugin pinoutandconfiguration
2026-04-26 08:56:05,280 [INFO] PluginManage:359 - Loaded plugin pinoutandconfiguration (category:base,tabindex:1)
2026-04-26 08:56:05,280 [INFO] PluginManage:310 - Check plugin pinoutconfig
2026-04-26 08:56:05,375 [WARN] SupportedApi:132 - Cannot load RTOS API schema: s4s-elt-must-match.1: The content of 'definitions' must match (annotation?, (simpleType | complexType)?, (unique | key | keyref)*)). A problem was found starting at: attribute.
2026-04-26 08:56:05,524 [INFO] PluginManage:359 - Loaded plugin pinoutconfig (category:base,tabindex:0)
2026-04-26 08:56:05,524 [INFO] PluginManage:310 - Check plugin power
2026-04-26 08:56:05,535 [INFO] PluginManage:359 - Loaded plugin power (category:power,tabindex:4)
2026-04-26 08:56:05,535 [INFO] PluginManage:310 - Check plugin projectmanager
2026-04-26 08:56:05,555 [INFO] PluginManage:359 - Loaded plugin projectmanager (category:projectmanager,tabindex:4)
2026-04-26 08:56:05,556 [INFO] PluginManage:310 - Check plugin rif
2026-04-26 08:56:05,562 [INFO] PluginManage:359 - Loaded plugin rif (category:base,tabindex:3)
2026-04-26 08:56:05,563 [INFO] PluginManage:310 - Check plugin thirdparty
2026-04-26 08:56:05,695 [INFO] PluginManage:359 - Loaded plugin thirdparty (category:base,tabindex:-1)
2026-04-26 08:56:05,696 [INFO] PluginManage:310 - Check plugin tools
2026-04-26 08:56:05,696 [WARN] IntegrityCheckThread:84 - waiting for thirdparty lock release [integrity check]
2026-04-26 08:56:05,696 [INFO] IntegrityCheckThread:86 - entering critical section [integrity check]
2026-04-26 08:56:05,697 [INFO] ThirdPartyUpdaterWithRetryManager:70 - Updater plugin not ready yet. [1/15]
2026-04-26 08:56:05,699 [INFO] PluginManage:359 - Loaded plugin tools (category:base,tabindex:7)
2026-04-26 08:56:05,699 [INFO] PluginManage:310 - Check plugin tutovideos
2026-04-26 08:56:05,877 [INFO] PluginManage:359 - Loaded plugin tutovideos (category:base,tabindex:-1)
2026-04-26 08:56:05,878 [INFO] PluginManage:310 - Check plugin updater
2026-04-26 08:56:05,906 [INFO] PluginManage:359 - Loaded plugin updater (category:base,tabindex:12)
2026-04-26 08:56:05,907 [INFO] PluginManage:310 - Check plugin userauth
2026-04-26 08:56:05,911 [INFO] UserAuth:118 - Init User Auth plugin
2026-04-26 08:56:05,913 [INFO] PluginManage:359 - Loaded plugin userauth (category:base,tabindex:14)
2026-04-26 08:56:05,913 [INFO] PluginManage:283 - PluginManage : Loaded plugins [18]
2026-04-26 08:56:06,113 [INFO] PinOutPanel:1589 - setPackage(No Configuration,No Configuration)
2026-04-26 08:56:06,208 [INFO] CADModel:165 - CPN selected for project level
2026-04-26 08:56:06,208 [INFO] CADModel:114 - Register for checkConnection events
2026-04-26 08:56:06,223 [INFO] IPUIPlugin:80 - create IPUIPlugin
2026-04-26 08:56:06,223 [INFO] PluginManager:220 - loadIPPluginJar : add openamp
2026-04-26 08:56:06,230 [INFO] IPUIPlugin:80 - create IPUIPlugin
2026-04-26 08:56:06,231 [INFO] PluginManager:220 - loadIPPluginJar : add pdm2pcm
2026-04-26 08:56:06,235 [INFO] IPUIPlugin:80 - create IPUIPlugin
2026-04-26 08:56:06,235 [INFO] PluginManager:220 - loadIPPluginJar : add touchsensing
2026-04-26 08:56:06,245 [INFO] IPUIPlugin:80 - create IPUIPlugin
2026-04-26 08:56:06,250 [INFO] PluginManager:220 - loadIPPluginJar : add plateformsettings
2026-04-26 08:56:06,257 [INFO] IPUIPlugin:80 - create IPUIPlugin
2026-04-26 08:56:06,257 [INFO] PluginManager:220 - loadIPPluginJar : add resmgrutility
2026-04-26 08:56:06,265 [INFO] IPUIPlugin:80 - create IPUIPlugin
2026-04-26 08:56:06,266 [INFO] PluginManager:220 - loadIPPluginJar : add gic
2026-04-26 08:56:06,268 [INFO] IPUIPlugin:80 - create IPUIPlugin
2026-04-26 08:56:06,268 [INFO] PluginManager:220 - loadIPPluginJar : add genericplugin
2026-04-26 08:56:06,271 [INFO] IPUIPlugin:80 - create IPUIPlugin
2026-04-26 08:56:06,271 [INFO] PluginManager:220 - loadIPPluginJar : add tracer_emb
2026-04-26 08:56:06,275 [INFO] IPUIPlugin:80 - create IPUIPlugin
2026-04-26 08:56:06,275 [INFO] PluginManager:220 - loadIPPluginJar : add extmemmanager
2026-04-26 08:56:06,278 [INFO] IPUIPlugin:80 - create IPUIPlugin
2026-04-26 08:56:06,278 [INFO] PluginManager:220 - loadIPPluginJar : add spi
2026-04-26 08:56:06,288 [INFO] IPUIPlugin:80 - create IPUIPlugin
2026-04-26 08:56:06,289 [INFO] PluginManager:220 - loadIPPluginJar : add linkedlist
2026-04-26 08:56:06,292 [INFO] IPUIPlugin:80 - create IPUIPlugin
2026-04-26 08:56:06,292 [INFO] PluginManager:220 - loadIPPluginJar : add ucpd
2026-04-26 08:56:06,296 [INFO] IPUIPlugin:80 - create IPUIPlugin
2026-04-26 08:56:06,296 [INFO] PluginManager:220 - loadIPPluginJar : add i3c
2026-04-26 08:56:06,299 [INFO] IPUIPlugin:80 - create IPUIPlugin
2026-04-26 08:56:06,299 [INFO] PluginManager:220 - loadIPPluginJar : add hash
2026-04-26 08:56:06,304 [INFO] IPUIPlugin:80 - create IPUIPlugin
2026-04-26 08:56:06,305 [INFO] PluginManager:220 - loadIPPluginJar : add nvic
2026-04-26 08:56:06,308 [INFO] IPUIPlugin:80 - create IPUIPlugin
2026-04-26 08:56:06,309 [INFO] PluginManager:220 - loadIPPluginJar : add usbx
2026-04-26 08:56:06,312 [INFO] IPUIPlugin:80 - create IPUIPlugin
2026-04-26 08:56:06,312 [INFO] PluginManager:220 - loadIPPluginJar : add cryp
2026-04-26 08:56:06,314 [INFO] IPUIPlugin:80 - create IPUIPlugin
2026-04-26 08:56:06,314 [INFO] PluginManager:220 - loadIPPluginJar : add quadspi
2026-04-26 08:56:06,317 [INFO] IPUIPlugin:80 - create IPUIPlugin
2026-04-26 08:56:06,317 [INFO] PluginManager:220 - loadIPPluginJar : add ts
2026-04-26 08:56:06,321 [INFO] IPUIPlugin:80 - create IPUIPlugin
2026-04-26 08:56:06,321 [INFO] PluginManager:220 - loadIPPluginJar : add i2c
2026-04-26 08:56:06,325 [INFO] IPUIPlugin:80 - create IPUIPlugin
2026-04-26 08:56:06,326 [INFO] PluginManager:220 - loadIPPluginJar : add ipddr
2026-04-26 08:56:06,329 [INFO] IPUIPlugin:80 - create IPUIPlugin
2026-04-26 08:56:06,329 [INFO] PluginManager:220 - loadIPPluginJar : add aes
2026-04-26 08:56:06,333 [INFO] IPUIPlugin:80 - create IPUIPlugin
2026-04-26 08:56:06,333 [INFO] PluginManager:220 - loadIPPluginJar : add sai
2026-04-26 08:56:06,337 [INFO] IPUIPlugin:80 - create IPUIPlugin
2026-04-26 08:56:06,337 [INFO] PluginManager:220 - loadIPPluginJar : add dma3
2026-04-26 08:56:06,341 [INFO] IPUIPlugin:80 - create IPUIPlugin
2026-04-26 08:56:06,341 [INFO] PluginManager:220 - loadIPPluginJar : add lorawan
2026-04-26 08:56:06,344 [INFO] IPUIPlugin:80 - create IPUIPlugin
2026-04-26 08:56:06,344 [INFO] PluginManager:220 - loadIPPluginJar : add dfsdm
2026-04-26 08:56:06,348 [INFO] IPUIPlugin:80 - create IPUIPlugin
2026-04-26 08:56:06,348 [INFO] PluginManager:220 - loadIPPluginJar : add gtzc
2026-04-26 08:56:06,352 [INFO] IPUIPlugin:80 - create IPUIPlugin
2026-04-26 08:56:06,352 [INFO] PluginManager:220 - loadIPPluginJar : add can
2026-04-26 08:56:06,359 [INFO] IPUIPlugin:80 - create IPUIPlugin
2026-04-26 08:56:06,360 [INFO] PluginManager:220 - loadIPPluginJar : add freertos
2026-04-26 08:56:06,364 [INFO] IPUIPlugin:80 - create IPUIPlugin
2026-04-26 08:56:06,364 [INFO] PluginManager:220 - loadIPPluginJar : add usart
2026-04-26 08:56:06,370 [INFO] IPUIPlugin:80 - create IPUIPlugin
2026-04-26 08:56:06,370 [INFO] PluginManager:220 - loadIPPluginJar : add fmc
2026-04-26 08:56:06,376 [INFO] IPUIPlugin:80 - create IPUIPlugin
2026-04-26 08:56:06,376 [INFO] PluginManager:220 - loadIPPluginJar : add gpio
2026-04-26 08:56:06,379 [INFO] IPUIPlugin:80 - create IPUIPlugin
2026-04-26 08:56:06,379 [INFO] PluginManager:220 - loadIPPluginJar : add i2s
2026-04-26 08:56:06,388 [INFO] IPUIPlugin:80 - create IPUIPlugin
2026-04-26 08:56:06,388 [INFO] PluginManager:220 - loadIPPluginJar : add mdma
2026-04-26 08:56:06,390 [INFO] IPUIPlugin:80 - create IPUIPlugin
2026-04-26 08:56:06,390 [INFO] PluginManager:220 - loadIPPluginJar : add ltdc
2026-04-26 08:56:06,393 [INFO] IPUIPlugin:80 - create IPUIPlugin
2026-04-26 08:56:06,393 [INFO] PluginManager:220 - loadIPPluginJar : add opamp
2026-04-26 08:56:06,401 [INFO] IPUIPlugin:80 - create IPUIPlugin
2026-04-26 08:56:06,402 [INFO] PluginManager:220 - loadIPPluginJar : add adc
2026-04-26 08:56:06,406 [INFO] IPUIPlugin:80 - create IPUIPlugin
2026-04-26 08:56:06,406 [INFO] PluginManager:220 - loadIPPluginJar : add ddr_ctrl_phy
2026-04-26 08:56:06,414 [INFO] IPUIPlugin:80 - create IPUIPlugin
2026-04-26 08:56:06,414 [INFO] PluginManager:220 - loadIPPluginJar : add stm32_wpan
2026-04-26 08:56:06,422 [INFO] IPUIPlugin:80 - create IPUIPlugin
2026-04-26 08:56:06,422 [INFO] PluginManager:220 - loadIPPluginJar : add dma
2026-04-26 08:56:06,424 [INFO] IPUIPlugin:80 - create IPUIPlugin
2026-04-26 08:56:06,424 [INFO] PluginManager:220 - loadIPPluginJar : add tsc
2026-04-26 08:56:06,426 [INFO] IPUIPlugin:80 - create IPUIPlugin
2026-04-26 08:56:06,426 [INFO] PluginManager:220 - loadIPPluginJar : add comp
2026-04-26 08:56:06,427 [INFO] IPUIPlugin:80 - create IPUIPlugin
2026-04-26 08:56:06,428 [INFO] PluginManager:220 - loadIPPluginJar : add fatfs
2026-04-26 08:56:06,430 [INFO] IPUIPlugin:80 - create IPUIPlugin
2026-04-26 08:56:06,430 [INFO] PluginManager:220 - loadIPPluginJar : add tim
2026-04-26 08:56:06,432 [INFO] IPUIPlugin:80 - create IPUIPlugin
2026-04-26 08:56:06,432 [INFO] PluginManager:220 - loadIPPluginJar : add gfxmmu
2026-04-26 08:56:06,434 [INFO] IPUIPlugin:80 - create IPUIPlugin
2026-04-26 08:56:06,435 [INFO] PluginManager:220 - loadIPPluginJar : add radio
2026-04-26 08:56:06,547 [FATAL] Updater:351 - Updater called before beeing initialized
2026-04-26 08:56:06,575 [INFO] RulesReader:64 - Compatibility file has been processed (302 Rules)
2026-04-26 08:56:06,584 [INFO] RulesReader:64 - Compatibility file has been processed (302 Rules)
2026-04-26 08:56:06,592 [INFO] CADModel:165 - CPN selected for project level
2026-04-26 08:56:06,592 [INFO] CADModel:114 - Register for checkConnection events
2026-04-26 08:56:06,592 [FATAL] Updater:351 - Updater called before beeing initialized
2026-04-26 08:56:06,592 [ERROR] CADModel:125 - Updater not yet initialized, retry later 
2026-04-26 08:56:06,788 [FATAL] Updater:351 - Updater called before beeing initialized
2026-04-26 08:56:06,791 [INFO] CADModel:165 - CPN selected for project level
2026-04-26 08:56:06,791 [INFO] CADModel:114 - Register for checkConnection events
2026-04-26 08:56:06,791 [FATAL] Updater:351 - Updater called before beeing initialized
2026-04-26 08:56:06,791 [ERROR] CADModel:125 - Updater not yet initialized, retry later 
2026-04-26 08:56:06,795 [FATAL] Updater:351 - Updater called before beeing initialized
2026-04-26 08:56:06,941 [FATAL] Updater:351 - Updater called before beeing initialized
2026-04-26 08:56:06,945 [INFO] DbMcusAds:53 - JSON generation date=Fri Apr 10 16:19:02 ICT 2026 (1775812742310)
2026-04-26 08:56:06,946 [FATAL] Updater:351 - Updater called before beeing initialized
2026-04-26 08:56:07,006 [WARN] DetailPanel:346 - Failed to get advertising image, set to default
2026-04-26 08:56:07,260 [FATAL] Updater:351 - Updater called before beeing initialized
2026-04-26 08:56:07,262 [FATAL] Updater:351 - Updater called before beeing initialized
2026-04-26 08:56:07,262 [FATAL] Updater:351 - Updater called before beeing initialized
2026-04-26 08:56:07,262 [WARN] DetailPanel:346 - Failed to get advertising image, set to default
2026-04-26 08:56:07,263 [FATAL] Updater:351 - Updater called before beeing initialized
2026-04-26 08:56:07,304 [ERROR] Updater:1198 - MainUpdater not yet initialized. External WinMGr cannot be set.
2026-04-26 08:56:07,306 [INFO] Updater:1134 - Updater Version found : 6.14.1
2026-04-26 08:56:07,325 [INFO] ApplicationProperties:184 - Using Application install path: /opt/st/stm32cubeide_1.18.1/plugins/com.st.stm32cube.common.mx_6.14.1.202504091515
2026-04-26 08:56:07,606 [INFO] MainUpdater:2872 - connection check result : 10
2026-04-26 08:56:07,607 [INFO] MainUpdater:289 - Updater Check For Update Now.
2026-04-26 08:56:07,607 [INFO] MicroXplorer:498 - Change Database Version : DB.6.0.141
2026-04-26 08:56:07,622 [INFO] McuFinderGlobals:63 - Set McuFinder mode to 2 (CubeIDE integrated)
2026-04-26 08:56:07,623 [INFO] UserAuth:484 - Internet connection configuration mode: 1
2026-04-26 08:56:07,658 [INFO] JxBrowserEngine:152 - Initiate JxBrowser Engine with user profile folder
2026-04-26 08:56:07,849 [INFO] CheckServerUpdateThread:120 - End of CheckServer Thread
2026-04-26 08:56:08,971 [WARN] PackLoader:240 - Cannot read IP mode file for STMicroelectronics.X-CUBE-AZRTOS-H7.3.5.0
2026-04-26 08:56:08,988 [WARN] PackLoader:240 - Cannot read IP mode file for STMicroelectronics.FP-ATR-ASTRA1.2.0.2
2026-04-26 08:56:08,999 [WARN] PackLoader:240 - Cannot read IP mode file for STMicroelectronics.X-CUBE-SMBUS.2.1.0
2026-04-26 08:56:09,010 [INFO] WebApp:169 - Instantiating new browser for Auth
2026-04-26 08:56:09,029 [WARN] PackLoader:240 - Cannot read IP mode file for STMicroelectronics.X-CUBE-AZRTOS-F7.1.1.0
2026-04-26 08:56:09,046 [ERROR] Engine:466 - /home/vatcraft/.stm32cubemx/thirdparties/pdsc/STMicroelectronics.FP-SNS-MOTENV1.5.1.0.pdsc: PDSC version is not supported
2026-04-26 08:56:09,051 [ERROR] Engine:466 - /home/vatcraft/.stm32cubemx/thirdparties/pdsc/WES.I-CUBE-Cesium.1.4.0.pdsc: PDSC version is not supported
2026-04-26 08:56:09,068 [WARN] PackLoader:240 - Cannot read IP mode file for STMicroelectronics.X-CUBE-DISPLAY.3.0.0
2026-04-26 08:56:09,087 [ERROR] Engine:466 - /home/vatcraft/.stm32cubemx/thirdparties/pdsc/STMicroelectronics.FP-SNS-MOTENVWB1.1.5.0.pdsc: PDSC version is not supported
2026-04-26 08:56:09,101 [WARN] PackLoader:240 - Cannot read IP mode file for STMicroelectronics.X-CUBE-NFC10.1.0.0
2026-04-26 08:56:09,110 [WARN] PackLoader:240 - Cannot read IP mode file for STMicroelectronics.X-CUBE-ST60.1.1.0
2026-04-26 08:56:09,123 [WARN] PackLoader:240 - Cannot read IP mode file for emotas.I-CUBE-CANOPEN.1.3.0
2026-04-26 08:56:09,137 [WARN] PackLoader:240 - Cannot read IP mode file for STMicroelectronics.X-CUBE-GNSS1.7.1.0
2026-04-26 08:56:09,146 [ERROR] Engine:466 - /home/vatcraft/.stm32cubemx/thirdparties/pdsc/STMicroelectronics.FP-SNS-STBOX1.2.1.0.pdsc: PDSC version is not supported
2026-04-26 08:56:09,150 [WARN] PackLoader:240 - Cannot read IP mode file for STMicroelectronics.FP-SNS-SMARTAG2.1.2.0
2026-04-26 08:56:09,156 [WARN] PackLoader:240 - Cannot read IP mode file for STMicroelectronics.FP-SNS-FLIGHT1.5.1.0
2026-04-26 08:56:09,176 [INFO] LogOutputStream:77 - [STDOUT_REDIRECT] 1 : Invalid condition id : UX_CORESTACK_Condition cause : null
2026-04-26 08:56:09,177 [INFO] LogOutputStream:77 - [STDOUT_REDIRECT] 1 : Invalid condition id : UX_CORESTACK_Condition cause : null
2026-04-26 08:56:09,178 [INFO] LogOutputStream:77 - [STDOUT_REDIRECT] 1 : Invalid condition id : UX_CORESTACK_Condition cause : null
2026-04-26 08:56:09,178 [INFO] LogOutputStream:77 - [STDOUT_REDIRECT] 1 : Invalid condition id : UX_CORESTACK_Condition cause : null
2026-04-26 08:56:09,179 [INFO] LogOutputStream:77 - [STDOUT_REDIRECT] 1 : Invalid condition id : UX_CORESTACK_Condition cause : null
2026-04-26 08:56:09,184 [WARN] PackLoader:240 - Cannot read IP mode file for STMicroelectronics.X-CUBE-AZRTOS-WL.2.0.0
2026-04-26 08:56:09,219 [WARN] PackLoader:240 - Cannot read IP mode file for STMicroelectronics.X-CUBE-AZRTOS-H7RS.1.2.0
2026-04-26 08:56:09,233 [WARN] PackLoader:240 - Cannot read IP mode file for STMicroelectronics.X-CUBE-BLE2.3.3.0
2026-04-26 08:56:09,278 [WARN] PackLoader:240 - Cannot read IP mode file for Infineon.AIROC-Wi-Fi-Bluetooth-STM32.1.8.0
2026-04-26 08:56:09,325 [WARN] PackLoader:240 - Cannot read IP mode file for STMicroelectronics.X-CUBE-NFC9.1.0.0
2026-04-26 08:56:09,336 [WARN] PackLoader:240 - Cannot read IP mode file for STMicroelectronics.X-CUBE-BLE1.7.1.0
2026-04-26 08:56:09,351 [WARN] PackLoader:240 - Cannot read IP mode file for wolfSSL.I-CUBE-wolfMQTT.1.19.2
2026-04-26 08:56:09,367 [WARN] PackLoader:240 - Cannot read IP mode file for STMicroelectronics.X-CUBE-EEPRMA1.5.2.0
2026-04-26 08:56:09,380 [WARN] PackLoader:240 - Cannot read IP mode file for wolfSSL.I-CUBE-wolfSSL.5.8.4
2026-04-26 08:56:09,385 [WARN] PackLoader:240 - Cannot read IP mode file for Cesanta.I-CUBE-Mongoose.7.20.0
2026-04-26 08:56:09,476 [WARN] PackLoader:240 - Cannot read IP mode file for STMicroelectronics.X-CUBE-MEMS1.12.0.0
2026-04-26 08:56:09,669 [WARN] PackLoader:240 - Cannot read IP mode file for STMicroelectronics.X-CUBE-AZRTOS-G0.1.1.0
2026-04-26 08:56:09,686 [WARN] PackLoader:240 - Cannot read IP mode file for STMicroelectronics.X-CUBE-NFC4.3.0.0
2026-04-26 08:56:09,709 [WARN] PackLoader:240 - Cannot read IP mode file for EmbeddedOffice.I-CUBE-FS-RTOS.1.0.1
2026-04-26 08:56:09,721 [WARN] PackLoader:240 - Cannot read IP mode file for STMicroelectronics.X-CUBE-WB05N.2.0.0
2026-04-26 08:56:09,730 [WARN] PackLoader:240 - Cannot read IP mode file for wolfSSL.I-CUBE-wolfTPM.3.8.0
2026-04-26 08:56:09,743 [WARN] PackLoader:240 - Cannot read IP mode file for STMicroelectronics.X-CUBE-TCPP.4.2.0
2026-04-26 08:56:09,759 [WARN] PackLoader:240 - Cannot read IP mode file for RealThread.X-CUBE-RT-Thread_Nano.4.1.1
2026-04-26 08:56:09,767 [WARN] PackLoader:240 - Cannot read IP mode file for STMicroelectronics.FP-ATR-SIGFOX1.3.2.0
2026-04-26 08:56:09,775 [ERROR] Engine:466 - /home/vatcraft/.stm32cubemx/thirdparties/pdsc/STMicroelectronics.X-CUBE-FREERTOS.1.5.0.pdsc: PDSC version is not supported
2026-04-26 08:56:09,785 [WARN] PackLoader:240 - Cannot read IP mode file for ITTIA_DB.I-CUBE-ITTIADB.8.9.0
2026-04-26 08:56:09,795 [WARN] PackLoader:240 - Cannot read IP mode file for STMicroelectronics.X-CUBE-NFC6.3.2.0
2026-04-26 08:56:09,803 [WARN] PackLoader:240 - Cannot read IP mode file for STMicroelectronics.X-CUBE-AI.10.2.0
2026-04-26 08:56:09,850 [WARN] PackLoader:240 - Cannot read IP mode file for SEGGER.I-CUBE-embOS.1.3.1
2026-04-26 08:56:09,964 [WARN] PackLoader:240 - Cannot read IP mode file for STMicroelectronics.X-CUBE-ALGOBUILD.1.4.0
2026-04-26 08:56:09,977 [WARN] PackLoader:240 - Cannot read IP mode file for STMicroelectronics.X-CUBE-PM33A1.1.0.0
2026-04-26 08:56:10,017 [WARN] PackLoader:240 - Cannot read IP mode file for STMicroelectronics.X-CUBE-AZRTOS-F4.1.1.0
2026-04-26 08:56:10,033 [WARN] PackLoader:240 - Cannot read IP mode file for STMicroelectronics.X-CUBE-ISPU.2.1.0
2026-04-26 08:56:10,041 [ERROR] Engine:466 - /home/vatcraft/.stm32cubemx/thirdparties/pdsc/STMicroelectronics.X-CUBE-IPS.3.2.0.pdsc: PDSC version is not supported
2026-04-26 08:56:10,044 [WARN] PackLoader:240 - Cannot read IP mode file for STMicroelectronics.eDS-WB_DPC_TT-BIDIR.2.1.1
2026-04-26 08:56:10,053 [WARN] PackLoader:240 - Cannot read IP mode file for STMicroelectronics.X-CUBE-NFC12.1.0.0
2026-04-26 08:56:10,099 [WARN] PackLoader:240 - Cannot read IP mode file for STMicroelectronics.X-CUBE-AZRTOS-L5.2.0.0
2026-04-26 08:56:10,109 [WARN] PackLoader:240 - Cannot read IP mode file for STMicroelectronics.eDS-WB_DPC_VIENNA.1.2.0
2026-04-26 08:56:10,114 [WARN] PackLoader:240 - Cannot read IP mode file for STMicroelectronics.eDS-WB_DPC_3PH2L-BIDIR.1.1.1
2026-04-26 08:56:10,119 [ERROR] Engine:466 - /home/vatcraft/.stm32cubemx/thirdparties/pdsc/STMicroelectronics.X-CUBE-ST67W61.1.3.0.pdsc: PDSC version is not supported
2026-04-26 08:56:10,125 [WARN] PackLoader:240 - Cannot read IP mode file for STMicroelectronics.X-CUBE-TOUCHGFX.4.26.1
2026-04-26 08:56:10,130 [WARN] PackLoader:240 - Cannot read IP mode file for STMicroelectronics.FP-SNS-STAIOTCFT.1.0.0
2026-04-26 08:56:10,135 [WARN] PackLoader:240 - Cannot read IP mode file for STMicroelectronics.X-CUBE-DPower.1.3.0
2026-04-26 08:56:10,159 [WARN] ConditionMgr:438 - getConditionDescription Invalid condition id : LAN8742 Phy interface Condition cause : null
2026-04-26 08:56:10,160 [WARN] PackLoader:240 - Cannot read IP mode file for STMicroelectronics.X-CUBE-AZRTOS-L4.2.0.0
2026-04-26 08:56:10,162 [WARN] ConditionMgr:1044 - genDependencies : Invalid condition id : LAN8742 Phy interface Condition cause : null
2026-04-26 08:56:10,162 [WARN] ConditionMgr:1044 - genDependencies : Invalid condition id : LAN8742 Phy interface Condition cause : null
2026-04-26 08:56:10,163 [WARN] ConditionMgr:1044 - genDependencies : Invalid condition id : LAN8742 Phy interface Condition cause : null
2026-04-26 08:56:10,172 [WARN] PackLoader:240 - Cannot read IP mode file for STMicroelectronics.X-CUBE-SFXS2LP1.4.0.0
2026-04-26 08:56:10,180 [WARN] PackLoader:240 - Cannot read IP mode file for STMicroelectronics.X-CUBE-WB05N.2.1.0
2026-04-26 08:56:10,186 [ERROR] Engine:466 - /home/vatcraft/.stm32cubemx/thirdparties/pdsc/STMicroelectronics.X-CUBE-ST67W61.1.2.0.pdsc: PDSC version is not supported
2026-04-26 08:56:10,201 [WARN] PackLoader:240 - Cannot read IP mode file for STMicroelectronics.X-CUBE-BLEMGR.4.1.0
2026-04-26 08:56:10,224 [WARN] ConditionMgr:438 - getConditionDescription Invalid condition id : UX DEVICE CLASS RTOS Condition cause : null
2026-04-26 08:56:10,225 [WARN] ConditionMgr:438 - getConditionDescription Invalid condition id : UX DEVICE CLASS RTOS Condition cause : null
2026-04-26 08:56:10,229 [WARN] PackLoader:240 - Cannot read IP mode file for STMicroelectronics.X-CUBE-AZRTOS-WB.2.0.0
2026-04-26 08:56:10,230 [WARN] ConditionMgr:1044 - genDependencies : Invalid condition id : UX DEVICE CLASS RTOS Condition cause : null
2026-04-26 08:56:10,230 [WARN] ConditionMgr:1044 - genDependencies : Invalid condition id : UX DEVICE CLASS RTOS Condition cause : null
2026-04-26 08:56:10,230 [WARN] ConditionMgr:1044 - genDependencies : Invalid condition id : UX DEVICE CLASS RTOS Condition cause : null
2026-04-26 08:56:10,231 [WARN] ConditionMgr:1044 - genDependencies : Invalid condition id : UX DEVICE CLASS RTOS Condition cause : null
2026-04-26 08:56:10,231 [WARN] ConditionMgr:1044 - genDependencies : Invalid condition id : UX DEVICE CLASS RTOS Condition cause : null
2026-04-26 08:56:10,239 [WARN] ConditionMgr:438 - getConditionDescription Invalid condition id : Cortex-A Device cause : null
2026-04-26 08:56:10,251 [WARN] ConditionMgr:1044 - genDependencies : Invalid condition id : Cortex-A Device cause : null
2026-04-26 08:56:10,252 [WARN] ConditionMgr:1044 - genDependencies : Invalid condition id : Cortex-A Device cause : null
2026-04-26 08:56:10,252 [WARN] ConditionMgr:1044 - genDependencies : Invalid condition id : Cortex-A Device cause : null
2026-04-26 08:56:10,261 [WARN] PackLoader:240 - Cannot read IP mode file for STMicroelectronics.X-CUBE-STSE01.2.0.0
2026-04-26 08:56:10,283 [WARN] PackLoader:240 - Cannot read IP mode file for STMicroelectronics.X-CUBE-SUBG2.5.0.0
2026-04-26 08:56:10,314 [WARN] PackLoader:240 - Cannot read IP mode file for STMicroelectronics.X-CUBE-AZRTOS-G4.2.0.0
2026-04-26 08:56:10,321 [WARN] PackLoader:240 - Cannot read IP mode file for wolfSSL.I-CUBE-wolfSSH.1.4.20
2026-04-26 08:56:10,326 [WARN] PackLoader:240 - Cannot read IP mode file for STMicroelectronics.X-CUBE-NFC7.2.0.0
2026-04-26 08:56:10,337 [WARN] PackLoader:240 - Cannot read IP mode file for STMicroelectronics.X-CUBE-ALS.1.0.2
2026-04-26 08:56:10,366 [WARN] PackLoader:240 - Cannot read IP mode file for STMicroelectronics.X-CUBE-TOF1.3.4.3
2026-04-26 08:56:10,387 [INFO] ThirdParty:978 - Integrity check success = true
2026-04-26 08:56:10,388 [INFO] IntegrityCheckThread:100 - exiting critical section [integrity check]
2026-04-26 08:56:10,388 [INFO] IntegrityCheckThread:103 - End integrity checks thread
2026-04-26 08:56:10,514 [INFO] WebApp:463 - Apply proxy settings
2026-04-26 08:56:10,514 [INFO] WebApp:548 - Chromium requires no authentication
2026-04-26 08:56:10,528 [INFO] WebApp:491 - Direct internet connection detected
2026-04-26 08:56:10,552 [INFO] WebApp:894 - Register for checkConnection events
2026-04-26 08:56:10,552 [INFO] WebApp:463 - Apply proxy settings
2026-04-26 08:56:10,553 [INFO] WebApp:548 - Chromium requires no authentication
2026-04-26 08:56:10,554 [INFO] WebApp:491 - Direct internet connection detected
2026-04-26 08:56:10,727 [INFO] WebApp:225 - Starting web application
2026-04-26 08:56:10,728 [INFO] WebApp:593 - Web application path used /opt/st/stm32cubeide_1.18.1/plugins/com.st.stm32cube.common.mx_6.14.1.202504091515/db/plugins/mcufinder/reactClient1/index.html
2026-04-26 08:56:10,764 [INFO] WebApp:191 - Connection restablished
2026-04-26 08:56:10,900 [INFO] UserAuth:484 - Internet connection configuration mode: 1
2026-04-26 09:15:26,732 [ERROR] LogOutputStream:75 - [STDERR_REDIRECT] 
