2026-04-12 20:29:15,556 [INFO] Activator:176 - 


2026-04-12 20:29:15,562 [INFO] Activator:177 - !SESSION log4j initialized
2026-04-12 20:29:21,356 [INFO] LogOutputStream:77 - [STDOUT_REDIRECT] 
2026-04-12 20:29:23,358 [INFO] ApplicationProperties:184 - Using Application install path: /opt/st/stm32cubeide_1.18.1/plugins/com.st.stm32cube.common.mx_6.14.1.202504091515
2026-04-12 20:29:23,376 [INFO] DbMcusXml:78 - Set database path to: /opt/st/stm32cubeide_1.18.1/plugins/com.st.stm32cube.common.mx_6.14.1.202504091515//db//mcu/
2026-04-12 20:29:23,377 [INFO] ApiDb:274 - Set plugin database path to: /opt/st/stm32cubeide_1.18.1/plugins/com.st.stm32cube.common.mx_6.14.1.202504091515//db//plugins/boardmanager/
2026-04-12 20:29:23,377 [WARN] ApiDb:259 - Overriding images path with different value:  => /opt/st/stm32cubeide_1.18.1/plugins/com.st.stm32cube.common.mx_6.14.1.202504091515//db//plugins/mcufinder/images/
2026-04-12 20:29:23,383 [INFO] ApiDb:250 - Set database path to: /home/vatcraft/.stmcufinder/plugins/mcufinder//mcu/
2026-04-12 20:29:23,385 [INFO] DbMcusAds:125 - Set database path to: /home/vatcraft/.stmcufinder/plugins/mcufinder//mcu/
2026-04-12 20:29:24,388 [INFO] CrossReferenceDbSqlite:203 - Set database path to: /home/vatcraft/.stmcufinder/plugins/mcufinder//mcu/cs/
2026-04-12 20:29:24,524 [INFO] RulesReader:64 - Compatibility file has been processed (302 Rules)
2026-04-12 20:29:24,601 [INFO] DbMcusXml:78 - Set database path to: /opt/st/stm32cubeide_1.18.1/plugins/com.st.stm32cube.common.mx_6.14.1.202504091515//db//mcu/
2026-04-12 20:29:24,601 [INFO] ApiDb:274 - Set plugin database path to: /opt/st/stm32cubeide_1.18.1/plugins/com.st.stm32cube.common.mx_6.14.1.202504091515//db//plugins/boardmanager/
2026-04-12 20:29:24,601 [INFO] ApiDb:261 - Set plugin images path to: /opt/st/stm32cubeide_1.18.1/plugins/com.st.stm32cube.common.mx_6.14.1.202504091515//db//plugins/mcufinder/images/
2026-04-12 20:29:24,601 [WARN] DbFile:41 - Overriding database path with different value: /home/vatcraft/.stmcufinder/plugins/mcufinder/ => /home/vatcraft/.stmcufinder/plugins/mcufinder
2026-04-12 20:29:24,601 [INFO] ApiDb:250 - Set database path to: /home/vatcraft/.stmcufinder/plugins/mcufinder//mcu/
2026-04-12 20:29:24,602 [WARN] DbFile:41 - Overriding database path with different value: /home/vatcraft/.stmcufinder/plugins/mcufinder/ => /home/vatcraft/.stmcufinder/plugins/mcufinder
2026-04-12 20:29:24,602 [INFO] DbMcusAds:125 - Set database path to: /home/vatcraft/.stmcufinder/plugins/mcufinder//mcu/
2026-04-12 20:29:24,602 [WARN] DbFile:41 - Overriding database path with different value: /home/vatcraft/.stmcufinder/plugins/mcufinder/ => /home/vatcraft/.stmcufinder/plugins/mcufinder
2026-04-12 20:29:24,602 [WARN] DbFile:41 - Overriding database path with different value: /home/vatcraft/.stmcufinder/plugins/mcufinder/ => /home/vatcraft/.stmcufinder/plugins/mcufinder
2026-04-12 20:29:25,604 [INFO] CrossReferenceDbSqlite:203 - Set database path to: /home/vatcraft/.stmcufinder/plugins/mcufinder//mcu/cs/
2026-04-12 20:29:25,692 [INFO] MainPanel:272 - HeapMemory: 268435456
2026-04-12 20:29:25,837 [INFO] DbMcusXml:78 - Set database path to: /opt/st/stm32cubeide_1.18.1/plugins/com.st.stm32cube.common.mx_6.14.1.202504091515//db//mcu/
2026-04-12 20:29:25,838 [INFO] ApiDb:274 - Set plugin database path to: /opt/st/stm32cubeide_1.18.1/plugins/com.st.stm32cube.common.mx_6.14.1.202504091515//db//plugins/boardmanager/
2026-04-12 20:29:25,838 [INFO] ApiDb:261 - Set plugin images path to: /opt/st/stm32cubeide_1.18.1/plugins/com.st.stm32cube.common.mx_6.14.1.202504091515//db//plugins/mcufinder/images/
2026-04-12 20:29:25,838 [WARN] DbFile:41 - Overriding database path with different value: /home/vatcraft/.stmcufinder/plugins/mcufinder/ => /home/vatcraft/.stmcufinder/plugins/mcufinder
2026-04-12 20:29:25,838 [INFO] ApiDb:250 - Set database path to: /home/vatcraft/.stmcufinder/plugins/mcufinder//mcu/
2026-04-12 20:29:25,838 [WARN] DbFile:41 - Overriding database path with different value: /home/vatcraft/.stmcufinder/plugins/mcufinder/ => /home/vatcraft/.stmcufinder/plugins/mcufinder
2026-04-12 20:29:25,838 [INFO] DbMcusAds:125 - Set database path to: /home/vatcraft/.stmcufinder/plugins/mcufinder//mcu/
2026-04-12 20:29:25,839 [WARN] DbFile:41 - Overriding database path with different value: /home/vatcraft/.stmcufinder/plugins/mcufinder/ => /home/vatcraft/.stmcufinder/plugins/mcufinder
2026-04-12 20:29:25,839 [WARN] DbFile:41 - Overriding database path with different value: /home/vatcraft/.stmcufinder/plugins/mcufinder/ => /home/vatcraft/.stmcufinder/plugins/mcufinder
2026-04-12 20:29:26,839 [INFO] CrossReferenceDbSqlite:203 - Set database path to: /home/vatcraft/.stmcufinder/plugins/mcufinder//mcu/cs/
2026-04-12 20:29:26,890 [INFO] ApplicationProperties:184 - Using Application install path: /opt/st/stm32cubeide_1.18.1/plugins/com.st.stm32cube.common.mx_6.14.1.202504091515
2026-04-12 20:29:26,893 [INFO] PluginManage:196 - Search for loadable plugins [exclusion list=, ]
2026-04-12 20:29:26,894 [INFO] PluginManage:310 - Check plugin analytics
2026-04-12 20:29:28,111 [INFO] AnalyticsPlugin:253 - Accepted Software Licenses: 
2026-04-12 20:29:28,112 [INFO] AnalyticsPlugin:255 - Accepted CMSIS Pack Licenses: 
2026-04-12 20:29:28,112 [INFO] AnalyticsPlugin:257 - Accepted Firmware Licenses: FW.F4.1.28.0,FW.L4.1.18.0
2026-04-12 20:29:28,115 [INFO] PluginManage:359 - Loaded plugin analytics (category:tool,tabindex:-1)
2026-04-12 20:29:28,116 [INFO] PluginManage:310 - Check plugin cadmodel
2026-04-12 20:29:28,120 [INFO] CADModel:105 - Init CAD model plugin
2026-04-12 20:29:28,120 [INFO] PluginManage:359 - Loaded plugin cadmodel (category:power,tabindex:5)
2026-04-12 20:29:28,121 [INFO] PluginManage:310 - Check plugin clock
2026-04-12 20:29:28,130 [INFO] PluginManage:359 - Loaded plugin clock (category:base,tabindex:2)
2026-04-12 20:29:28,130 [INFO] PluginManage:310 - Check plugin ddr
2026-04-12 20:29:28,132 [INFO] PluginManage:359 - Loaded plugin ddr (category:tool,tabindex:6)
2026-04-12 20:29:28,133 [INFO] PluginManage:310 - Check plugin filemanager
2026-04-12 20:29:28,270 [INFO] PluginManage:359 - Loaded plugin filemanager (category:base,tabindex:10)
2026-04-12 20:29:28,270 [INFO] PluginManage:310 - Check plugin ipmanager
2026-04-12 20:29:28,276 [INFO] PluginManage:359 - Loaded plugin ipmanager (category:base,tabindex:5)
2026-04-12 20:29:28,276 [INFO] PluginManage:310 - Check plugin lpbam
2026-04-12 20:29:28,284 [INFO] PluginManage:359 - Loaded plugin lpbam (category:base,tabindex:0)
2026-04-12 20:29:28,284 [INFO] PluginManage:310 - Check plugin memorymap
2026-04-12 20:29:28,296 [INFO] PluginManage:359 - Loaded plugin memorymap (category:base,tabindex:4)
2026-04-12 20:29:28,296 [INFO] PluginManage:310 - Check plugin pinoutandconfiguration
2026-04-12 20:29:28,306 [INFO] PluginManage:359 - Loaded plugin pinoutandconfiguration (category:base,tabindex:1)
2026-04-12 20:29:28,307 [INFO] PluginManage:310 - Check plugin pinoutconfig
2026-04-12 20:29:28,403 [WARN] SupportedApi:132 - Cannot load RTOS API schema: s4s-elt-must-match.1: The content of 'definitions' must match (annotation?, (simpleType | complexType)?, (unique | key | keyref)*)). A problem was found starting at: attribute.
2026-04-12 20:29:28,552 [INFO] PluginManage:359 - Loaded plugin pinoutconfig (category:base,tabindex:0)
2026-04-12 20:29:28,553 [INFO] PluginManage:310 - Check plugin power
2026-04-12 20:29:28,566 [INFO] PluginManage:359 - Loaded plugin power (category:power,tabindex:4)
2026-04-12 20:29:28,566 [INFO] PluginManage:310 - Check plugin projectmanager
2026-04-12 20:29:28,586 [INFO] PluginManage:359 - Loaded plugin projectmanager (category:projectmanager,tabindex:4)
2026-04-12 20:29:28,587 [INFO] PluginManage:310 - Check plugin rif
2026-04-12 20:29:28,596 [INFO] PluginManage:359 - Loaded plugin rif (category:base,tabindex:3)
2026-04-12 20:29:28,596 [INFO] PluginManage:310 - Check plugin thirdparty
2026-04-12 20:29:28,765 [WARN] IntegrityCheckThread:84 - waiting for thirdparty lock release [integrity check]
2026-04-12 20:29:28,766 [INFO] IntegrityCheckThread:86 - entering critical section [integrity check]
2026-04-12 20:29:28,766 [INFO] PluginManage:359 - Loaded plugin thirdparty (category:base,tabindex:-1)
2026-04-12 20:29:28,766 [INFO] PluginManage:310 - Check plugin tools
2026-04-12 20:29:28,766 [INFO] ThirdPartyUpdaterWithRetryManager:70 - Updater plugin not ready yet. [1/15]
2026-04-12 20:29:28,769 [INFO] PluginManage:359 - Loaded plugin tools (category:base,tabindex:7)
2026-04-12 20:29:28,769 [INFO] PluginManage:310 - Check plugin tutovideos
2026-04-12 20:29:28,999 [INFO] PluginManage:359 - Loaded plugin tutovideos (category:base,tabindex:-1)
2026-04-12 20:29:28,999 [INFO] PluginManage:310 - Check plugin updater
2026-04-12 20:29:29,035 [INFO] PluginManage:359 - Loaded plugin updater (category:base,tabindex:12)
2026-04-12 20:29:29,035 [INFO] PluginManage:310 - Check plugin userauth
2026-04-12 20:29:29,039 [INFO] UserAuth:118 - Init User Auth plugin
2026-04-12 20:29:29,040 [INFO] PluginManage:359 - Loaded plugin userauth (category:base,tabindex:14)
2026-04-12 20:29:29,041 [INFO] PluginManage:283 - PluginManage : Loaded plugins [18]
2026-04-12 20:29:29,262 [INFO] PinOutPanel:1589 - setPackage(No Configuration,No Configuration)
2026-04-12 20:29:29,338 [INFO] CADModel:165 - CPN selected for project level
2026-04-12 20:29:29,339 [INFO] CADModel:114 - Register for checkConnection events
2026-04-12 20:29:29,350 [INFO] IPUIPlugin:80 - create IPUIPlugin
2026-04-12 20:29:29,350 [INFO] PluginManager:220 - loadIPPluginJar : add openamp
2026-04-12 20:29:29,356 [INFO] IPUIPlugin:80 - create IPUIPlugin
2026-04-12 20:29:29,356 [INFO] PluginManager:220 - loadIPPluginJar : add pdm2pcm
2026-04-12 20:29:29,359 [INFO] IPUIPlugin:80 - create IPUIPlugin
2026-04-12 20:29:29,360 [INFO] PluginManager:220 - loadIPPluginJar : add touchsensing
2026-04-12 20:29:29,367 [INFO] IPUIPlugin:80 - create IPUIPlugin
2026-04-12 20:29:29,370 [INFO] PluginManager:220 - loadIPPluginJar : add plateformsettings
2026-04-12 20:29:29,376 [INFO] IPUIPlugin:80 - create IPUIPlugin
2026-04-12 20:29:29,376 [INFO] PluginManager:220 - loadIPPluginJar : add resmgrutility
2026-04-12 20:29:29,382 [INFO] IPUIPlugin:80 - create IPUIPlugin
2026-04-12 20:29:29,383 [INFO] PluginManager:220 - loadIPPluginJar : add gic
2026-04-12 20:29:29,384 [INFO] IPUIPlugin:80 - create IPUIPlugin
2026-04-12 20:29:29,385 [INFO] PluginManager:220 - loadIPPluginJar : add genericplugin
2026-04-12 20:29:29,387 [INFO] IPUIPlugin:80 - create IPUIPlugin
2026-04-12 20:29:29,387 [INFO] PluginManager:220 - loadIPPluginJar : add tracer_emb
2026-04-12 20:29:29,391 [INFO] IPUIPlugin:80 - create IPUIPlugin
2026-04-12 20:29:29,391 [INFO] PluginManager:220 - loadIPPluginJar : add extmemmanager
2026-04-12 20:29:29,393 [INFO] IPUIPlugin:80 - create IPUIPlugin
2026-04-12 20:29:29,393 [INFO] PluginManager:220 - loadIPPluginJar : add spi
2026-04-12 20:29:29,404 [INFO] IPUIPlugin:80 - create IPUIPlugin
2026-04-12 20:29:29,405 [INFO] PluginManager:220 - loadIPPluginJar : add linkedlist
2026-04-12 20:29:29,408 [INFO] IPUIPlugin:80 - create IPUIPlugin
2026-04-12 20:29:29,408 [INFO] PluginManager:220 - loadIPPluginJar : add ucpd
2026-04-12 20:29:29,412 [INFO] IPUIPlugin:80 - create IPUIPlugin
2026-04-12 20:29:29,412 [INFO] PluginManager:220 - loadIPPluginJar : add i3c
2026-04-12 20:29:29,415 [INFO] IPUIPlugin:80 - create IPUIPlugin
2026-04-12 20:29:29,416 [INFO] PluginManager:220 - loadIPPluginJar : add hash
2026-04-12 20:29:29,421 [INFO] IPUIPlugin:80 - create IPUIPlugin
2026-04-12 20:29:29,421 [INFO] PluginManager:220 - loadIPPluginJar : add nvic
2026-04-12 20:29:29,426 [INFO] IPUIPlugin:80 - create IPUIPlugin
2026-04-12 20:29:29,426 [INFO] PluginManager:220 - loadIPPluginJar : add usbx
2026-04-12 20:29:29,429 [INFO] IPUIPlugin:80 - create IPUIPlugin
2026-04-12 20:29:29,430 [INFO] PluginManager:220 - loadIPPluginJar : add cryp
2026-04-12 20:29:29,432 [INFO] IPUIPlugin:80 - create IPUIPlugin
2026-04-12 20:29:29,432 [INFO] PluginManager:220 - loadIPPluginJar : add quadspi
2026-04-12 20:29:29,435 [INFO] IPUIPlugin:80 - create IPUIPlugin
2026-04-12 20:29:29,436 [INFO] PluginManager:220 - loadIPPluginJar : add ts
2026-04-12 20:29:29,440 [INFO] IPUIPlugin:80 - create IPUIPlugin
2026-04-12 20:29:29,440 [INFO] PluginManager:220 - loadIPPluginJar : add i2c
2026-04-12 20:29:29,444 [INFO] IPUIPlugin:80 - create IPUIPlugin
2026-04-12 20:29:29,445 [INFO] PluginManager:220 - loadIPPluginJar : add ipddr
2026-04-12 20:29:29,448 [INFO] IPUIPlugin:80 - create IPUIPlugin
2026-04-12 20:29:29,448 [INFO] PluginManager:220 - loadIPPluginJar : add aes
2026-04-12 20:29:29,453 [INFO] IPUIPlugin:80 - create IPUIPlugin
2026-04-12 20:29:29,453 [INFO] PluginManager:220 - loadIPPluginJar : add sai
2026-04-12 20:29:29,456 [INFO] IPUIPlugin:80 - create IPUIPlugin
2026-04-12 20:29:29,456 [INFO] PluginManager:220 - loadIPPluginJar : add dma3
2026-04-12 20:29:29,460 [INFO] IPUIPlugin:80 - create IPUIPlugin
2026-04-12 20:29:29,460 [INFO] PluginManager:220 - loadIPPluginJar : add lorawan
2026-04-12 20:29:29,463 [INFO] IPUIPlugin:80 - create IPUIPlugin
2026-04-12 20:29:29,463 [INFO] PluginManager:220 - loadIPPluginJar : add dfsdm
2026-04-12 20:29:29,467 [INFO] IPUIPlugin:80 - create IPUIPlugin
2026-04-12 20:29:29,467 [INFO] PluginManager:220 - loadIPPluginJar : add gtzc
2026-04-12 20:29:29,470 [INFO] IPUIPlugin:80 - create IPUIPlugin
2026-04-12 20:29:29,470 [INFO] PluginManager:220 - loadIPPluginJar : add can
2026-04-12 20:29:29,478 [INFO] IPUIPlugin:80 - create IPUIPlugin
2026-04-12 20:29:29,479 [INFO] PluginManager:220 - loadIPPluginJar : add freertos
2026-04-12 20:29:29,482 [INFO] IPUIPlugin:80 - create IPUIPlugin
2026-04-12 20:29:29,482 [INFO] PluginManager:220 - loadIPPluginJar : add usart
2026-04-12 20:29:29,488 [INFO] IPUIPlugin:80 - create IPUIPlugin
2026-04-12 20:29:29,489 [INFO] PluginManager:220 - loadIPPluginJar : add fmc
2026-04-12 20:29:29,496 [INFO] IPUIPlugin:80 - create IPUIPlugin
2026-04-12 20:29:29,496 [INFO] PluginManager:220 - loadIPPluginJar : add gpio
2026-04-12 20:29:29,499 [INFO] IPUIPlugin:80 - create IPUIPlugin
2026-04-12 20:29:29,500 [INFO] PluginManager:220 - loadIPPluginJar : add i2s
2026-04-12 20:29:29,508 [INFO] IPUIPlugin:80 - create IPUIPlugin
2026-04-12 20:29:29,508 [INFO] PluginManager:220 - loadIPPluginJar : add mdma
2026-04-12 20:29:29,510 [INFO] IPUIPlugin:80 - create IPUIPlugin
2026-04-12 20:29:29,510 [INFO] PluginManager:220 - loadIPPluginJar : add ltdc
2026-04-12 20:29:29,514 [INFO] IPUIPlugin:80 - create IPUIPlugin
2026-04-12 20:29:29,514 [INFO] PluginManager:220 - loadIPPluginJar : add opamp
2026-04-12 20:29:29,523 [INFO] IPUIPlugin:80 - create IPUIPlugin
2026-04-12 20:29:29,523 [INFO] PluginManager:220 - loadIPPluginJar : add adc
2026-04-12 20:29:29,527 [INFO] IPUIPlugin:80 - create IPUIPlugin
2026-04-12 20:29:29,527 [INFO] PluginManager:220 - loadIPPluginJar : add ddr_ctrl_phy
2026-04-12 20:29:29,536 [INFO] IPUIPlugin:80 - create IPUIPlugin
2026-04-12 20:29:29,536 [INFO] PluginManager:220 - loadIPPluginJar : add stm32_wpan
2026-04-12 20:29:29,543 [INFO] IPUIPlugin:80 - create IPUIPlugin
2026-04-12 20:29:29,544 [INFO] PluginManager:220 - loadIPPluginJar : add dma
2026-04-12 20:29:29,546 [INFO] IPUIPlugin:80 - create IPUIPlugin
2026-04-12 20:29:29,546 [INFO] PluginManager:220 - loadIPPluginJar : add tsc
2026-04-12 20:29:29,548 [INFO] IPUIPlugin:80 - create IPUIPlugin
2026-04-12 20:29:29,548 [INFO] PluginManager:220 - loadIPPluginJar : add comp
2026-04-12 20:29:29,550 [INFO] IPUIPlugin:80 - create IPUIPlugin
2026-04-12 20:29:29,551 [INFO] PluginManager:220 - loadIPPluginJar : add fatfs
2026-04-12 20:29:29,553 [INFO] IPUIPlugin:80 - create IPUIPlugin
2026-04-12 20:29:29,553 [INFO] PluginManager:220 - loadIPPluginJar : add tim
2026-04-12 20:29:29,556 [INFO] IPUIPlugin:80 - create IPUIPlugin
2026-04-12 20:29:29,557 [INFO] PluginManager:220 - loadIPPluginJar : add gfxmmu
2026-04-12 20:29:29,559 [INFO] IPUIPlugin:80 - create IPUIPlugin
2026-04-12 20:29:29,560 [INFO] PluginManager:220 - loadIPPluginJar : add radio
2026-04-12 20:29:29,674 [FATAL] Updater:351 - Updater called before beeing initialized
2026-04-12 20:29:29,707 [INFO] RulesReader:64 - Compatibility file has been processed (302 Rules)
2026-04-12 20:29:29,723 [INFO] RulesReader:64 - Compatibility file has been processed (302 Rules)
2026-04-12 20:29:29,732 [INFO] CADModel:165 - CPN selected for project level
2026-04-12 20:29:29,732 [INFO] CADModel:114 - Register for checkConnection events
2026-04-12 20:29:29,732 [FATAL] Updater:351 - Updater called before beeing initialized
2026-04-12 20:29:29,732 [ERROR] CADModel:125 - Updater not yet initialized, retry later 
2026-04-12 20:29:29,900 [FATAL] Updater:351 - Updater called before beeing initialized
2026-04-12 20:29:29,902 [INFO] CADModel:165 - CPN selected for project level
2026-04-12 20:29:29,903 [INFO] CADModel:114 - Register for checkConnection events
2026-04-12 20:29:29,903 [FATAL] Updater:351 - Updater called before beeing initialized
2026-04-12 20:29:29,903 [ERROR] CADModel:125 - Updater not yet initialized, retry later 
2026-04-12 20:29:29,908 [FATAL] Updater:351 - Updater called before beeing initialized
2026-04-12 20:29:30,028 [FATAL] Updater:351 - Updater called before beeing initialized
2026-04-12 20:29:30,034 [INFO] DbMcusAds:53 - JSON generation date=Fri Apr 10 16:19:02 ICT 2026 (1775812742310)
2026-04-12 20:29:30,034 [FATAL] Updater:351 - Updater called before beeing initialized
2026-04-12 20:29:30,100 [WARN] DetailPanel:346 - Failed to get advertising image, set to default
2026-04-12 20:29:30,374 [FATAL] Updater:351 - Updater called before beeing initialized
2026-04-12 20:29:30,376 [FATAL] Updater:351 - Updater called before beeing initialized
2026-04-12 20:29:30,376 [FATAL] Updater:351 - Updater called before beeing initialized
2026-04-12 20:29:30,376 [WARN] DetailPanel:346 - Failed to get advertising image, set to default
2026-04-12 20:29:30,377 [FATAL] Updater:351 - Updater called before beeing initialized
2026-04-12 20:29:30,416 [ERROR] Updater:1198 - MainUpdater not yet initialized. External WinMGr cannot be set.
2026-04-12 20:29:30,418 [INFO] Updater:1134 - Updater Version found : 6.14.1
2026-04-12 20:29:30,440 [INFO] ApplicationProperties:184 - Using Application install path: /opt/st/stm32cubeide_1.18.1/plugins/com.st.stm32cube.common.mx_6.14.1.202504091515
2026-04-12 20:29:30,944 [INFO] MainUpdater:2872 - connection check result : 10
2026-04-12 20:29:30,945 [INFO] MainUpdater:289 - Updater Check For Update Now.
2026-04-12 20:29:30,946 [INFO] MicroXplorer:498 - Change Database Version : DB.6.0.141
2026-04-12 20:29:30,966 [INFO] McuFinderGlobals:63 - Set McuFinder mode to 2 (CubeIDE integrated)
2026-04-12 20:29:30,967 [INFO] UserAuth:484 - Internet connection configuration mode: 1
2026-04-12 20:29:31,001 [INFO] JxBrowserEngine:152 - Initiate JxBrowser Engine with user profile folder
2026-04-12 20:29:31,191 [INFO] CheckServerUpdateThread:120 - End of CheckServer Thread
2026-04-12 20:29:31,805 [INFO] WebApp:169 - Instantiating new browser for Auth
2026-04-12 20:29:32,094 [WARN] PackLoader:240 - Cannot read IP mode file for STMicroelectronics.X-CUBE-AZRTOS-H7.3.5.0
2026-04-12 20:29:32,114 [WARN] PackLoader:240 - Cannot read IP mode file for STMicroelectronics.FP-ATR-ASTRA1.2.0.2
2026-04-12 20:29:32,127 [WARN] PackLoader:240 - Cannot read IP mode file for STMicroelectronics.X-CUBE-SMBUS.2.1.0
2026-04-12 20:29:32,192 [WARN] PackLoader:240 - Cannot read IP mode file for STMicroelectronics.X-CUBE-AZRTOS-F7.1.1.0
2026-04-12 20:29:32,212 [ERROR] Engine:466 - /home/vatcraft/.stm32cubemx/thirdparties/pdsc/STMicroelectronics.FP-SNS-MOTENV1.5.1.0.pdsc: PDSC version is not supported
2026-04-12 20:29:32,217 [ERROR] Engine:466 - /home/vatcraft/.stm32cubemx/thirdparties/pdsc/WES.I-CUBE-Cesium.1.4.0.pdsc: PDSC version is not supported
2026-04-12 20:29:32,232 [WARN] PackLoader:240 - Cannot read IP mode file for STMicroelectronics.X-CUBE-DISPLAY.3.0.0
2026-04-12 20:29:32,242 [ERROR] Engine:466 - /home/vatcraft/.stm32cubemx/thirdparties/pdsc/STMicroelectronics.FP-SNS-MOTENVWB1.1.5.0.pdsc: PDSC version is not supported
2026-04-12 20:29:32,253 [WARN] PackLoader:240 - Cannot read IP mode file for STMicroelectronics.X-CUBE-NFC10.1.0.0
2026-04-12 20:29:32,267 [WARN] PackLoader:240 - Cannot read IP mode file for STMicroelectronics.X-CUBE-ST60.1.1.0
2026-04-12 20:29:32,280 [WARN] PackLoader:240 - Cannot read IP mode file for emotas.I-CUBE-CANOPEN.1.3.0
2026-04-12 20:29:32,287 [WARN] PackLoader:240 - Cannot read IP mode file for STMicroelectronics.X-CUBE-GNSS1.7.1.0
2026-04-12 20:29:32,294 [ERROR] Engine:466 - /home/vatcraft/.stm32cubemx/thirdparties/pdsc/STMicroelectronics.FP-SNS-STBOX1.2.1.0.pdsc: PDSC version is not supported
2026-04-12 20:29:32,300 [WARN] PackLoader:240 - Cannot read IP mode file for STMicroelectronics.FP-SNS-SMARTAG2.1.2.0
2026-04-12 20:29:32,304 [WARN] PackLoader:240 - Cannot read IP mode file for STMicroelectronics.FP-SNS-FLIGHT1.5.1.0
2026-04-12 20:29:32,317 [INFO] LogOutputStream:77 - [STDOUT_REDIRECT] 1 : Invalid condition id : UX_CORESTACK_Condition cause : null
2026-04-12 20:29:32,317 [INFO] LogOutputStream:77 - [STDOUT_REDIRECT] 1 : Invalid condition id : UX_CORESTACK_Condition cause : null
2026-04-12 20:29:32,318 [INFO] LogOutputStream:77 - [STDOUT_REDIRECT] 1 : Invalid condition id : UX_CORESTACK_Condition cause : null
2026-04-12 20:29:32,318 [INFO] LogOutputStream:77 - [STDOUT_REDIRECT] 1 : Invalid condition id : UX_CORESTACK_Condition cause : null
2026-04-12 20:29:32,318 [INFO] LogOutputStream:77 - [STDOUT_REDIRECT] 1 : Invalid condition id : UX_CORESTACK_Condition cause : null
2026-04-12 20:29:32,324 [WARN] PackLoader:240 - Cannot read IP mode file for STMicroelectronics.X-CUBE-AZRTOS-WL.2.0.0
2026-04-12 20:29:32,380 [WARN] PackLoader:240 - Cannot read IP mode file for STMicroelectronics.X-CUBE-AZRTOS-H7RS.1.2.0
2026-04-12 20:29:32,396 [WARN] PackLoader:240 - Cannot read IP mode file for STMicroelectronics.X-CUBE-BLE2.3.3.0
2026-04-12 20:29:32,461 [WARN] PackLoader:240 - Cannot read IP mode file for Infineon.AIROC-Wi-Fi-Bluetooth-STM32.1.8.0
2026-04-12 20:29:32,495 [WARN] PackLoader:240 - Cannot read IP mode file for STMicroelectronics.X-CUBE-NFC9.1.0.0
2026-04-12 20:29:32,514 [WARN] PackLoader:240 - Cannot read IP mode file for STMicroelectronics.X-CUBE-BLE1.7.1.0
2026-04-12 20:29:32,523 [WARN] PackLoader:240 - Cannot read IP mode file for wolfSSL.I-CUBE-wolfMQTT.1.19.2
2026-04-12 20:29:32,539 [WARN] PackLoader:240 - Cannot read IP mode file for STMicroelectronics.X-CUBE-EEPRMA1.5.2.0
2026-04-12 20:29:32,549 [WARN] PackLoader:240 - Cannot read IP mode file for wolfSSL.I-CUBE-wolfSSL.5.8.4
2026-04-12 20:29:32,553 [WARN] PackLoader:240 - Cannot read IP mode file for Cesanta.I-CUBE-Mongoose.7.20.0
2026-04-12 20:29:32,618 [WARN] PackLoader:240 - Cannot read IP mode file for STMicroelectronics.X-CUBE-MEMS1.12.0.0
2026-04-12 20:29:32,911 [WARN] PackLoader:240 - Cannot read IP mode file for STMicroelectronics.X-CUBE-AZRTOS-G0.1.1.0
2026-04-12 20:29:32,928 [WARN] PackLoader:240 - Cannot read IP mode file for STMicroelectronics.X-CUBE-NFC4.3.0.0
2026-04-12 20:29:32,955 [WARN] PackLoader:240 - Cannot read IP mode file for EmbeddedOffice.I-CUBE-FS-RTOS.1.0.1
2026-04-12 20:29:32,969 [WARN] PackLoader:240 - Cannot read IP mode file for STMicroelectronics.X-CUBE-WB05N.2.0.0
2026-04-12 20:29:32,977 [WARN] PackLoader:240 - Cannot read IP mode file for wolfSSL.I-CUBE-wolfTPM.3.8.0
2026-04-12 20:29:32,994 [WARN] PackLoader:240 - Cannot read IP mode file for STMicroelectronics.X-CUBE-TCPP.4.2.0
2026-04-12 20:29:33,000 [WARN] PackLoader:240 - Cannot read IP mode file for RealThread.X-CUBE-RT-Thread_Nano.4.1.1
2026-04-12 20:29:33,007 [WARN] PackLoader:240 - Cannot read IP mode file for STMicroelectronics.FP-ATR-SIGFOX1.3.2.0
2026-04-12 20:29:33,010 [ERROR] Engine:466 - /home/vatcraft/.stm32cubemx/thirdparties/pdsc/STMicroelectronics.X-CUBE-FREERTOS.1.5.0.pdsc: PDSC version is not supported
2026-04-12 20:29:33,016 [WARN] PackLoader:240 - Cannot read IP mode file for ITTIA_DB.I-CUBE-ITTIADB.8.9.0
2026-04-12 20:29:33,024 [WARN] PackLoader:240 - Cannot read IP mode file for STMicroelectronics.X-CUBE-NFC6.3.2.0
2026-04-12 20:29:33,031 [WARN] PackLoader:240 - Cannot read IP mode file for STMicroelectronics.X-CUBE-AI.10.2.0
2026-04-12 20:29:33,084 [WARN] PackLoader:240 - Cannot read IP mode file for SEGGER.I-CUBE-embOS.1.3.1
2026-04-12 20:29:33,114 [INFO] WebApp:463 - Apply proxy settings
2026-04-12 20:29:33,115 [INFO] WebApp:548 - Chromium requires no authentication
2026-04-12 20:29:33,152 [INFO] WebApp:491 - Direct internet connection detected
2026-04-12 20:29:33,190 [INFO] WebApp:894 - Register for checkConnection events
2026-04-12 20:29:33,191 [INFO] WebApp:463 - Apply proxy settings
2026-04-12 20:29:33,191 [INFO] WebApp:548 - Chromium requires no authentication
2026-04-12 20:29:33,192 [INFO] WebApp:491 - Direct internet connection detected
2026-04-12 20:29:33,215 [WARN] PackLoader:240 - Cannot read IP mode file for STMicroelectronics.X-CUBE-ALGOBUILD.1.4.0
2026-04-12 20:29:33,222 [WARN] PackLoader:240 - Cannot read IP mode file for STMicroelectronics.X-CUBE-PM33A1.1.0.0
2026-04-12 20:29:33,300 [WARN] PackLoader:240 - Cannot read IP mode file for STMicroelectronics.X-CUBE-AZRTOS-F4.1.1.0
2026-04-12 20:29:33,326 [WARN] PackLoader:240 - Cannot read IP mode file for STMicroelectronics.X-CUBE-ISPU.2.1.0
2026-04-12 20:29:33,339 [ERROR] Engine:466 - /home/vatcraft/.stm32cubemx/thirdparties/pdsc/STMicroelectronics.X-CUBE-IPS.3.2.0.pdsc: PDSC version is not supported
2026-04-12 20:29:33,344 [WARN] PackLoader:240 - Cannot read IP mode file for STMicroelectronics.eDS-WB_DPC_TT-BIDIR.2.1.1
2026-04-12 20:29:33,356 [WARN] PackLoader:240 - Cannot read IP mode file for STMicroelectronics.X-CUBE-NFC12.1.0.0
2026-04-12 20:29:33,399 [WARN] PackLoader:240 - Cannot read IP mode file for STMicroelectronics.X-CUBE-AZRTOS-L5.2.0.0
2026-04-12 20:29:33,411 [WARN] PackLoader:240 - Cannot read IP mode file for STMicroelectronics.eDS-WB_DPC_VIENNA.1.2.0
2026-04-12 20:29:33,414 [WARN] PackLoader:240 - Cannot read IP mode file for STMicroelectronics.eDS-WB_DPC_3PH2L-BIDIR.1.1.1
2026-04-12 20:29:33,421 [WARN] PackLoader:240 - Cannot read IP mode file for STMicroelectronics.X-CUBE-TOUCHGFX.4.26.1
2026-04-12 20:29:33,432 [WARN] PackLoader:240 - Cannot read IP mode file for STMicroelectronics.FP-SNS-STAIOTCFT.1.0.0
2026-04-12 20:29:33,456 [WARN] PackLoader:240 - Cannot read IP mode file for STMicroelectronics.X-CUBE-DPower.1.3.0
2026-04-12 20:29:33,471 [INFO] WebApp:191 - Connection restablished
2026-04-12 20:29:33,511 [WARN] ConditionMgr:438 - getConditionDescription Invalid condition id : LAN8742 Phy interface Condition cause : null
2026-04-12 20:29:33,513 [WARN] PackLoader:240 - Cannot read IP mode file for STMicroelectronics.X-CUBE-AZRTOS-L4.2.0.0
2026-04-12 20:29:33,516 [WARN] ConditionMgr:1044 - genDependencies : Invalid condition id : LAN8742 Phy interface Condition cause : null
2026-04-12 20:29:33,517 [WARN] ConditionMgr:1044 - genDependencies : Invalid condition id : LAN8742 Phy interface Condition cause : null
2026-04-12 20:29:33,518 [WARN] ConditionMgr:1044 - genDependencies : Invalid condition id : LAN8742 Phy interface Condition cause : null
2026-04-12 20:29:33,534 [WARN] PackLoader:240 - Cannot read IP mode file for STMicroelectronics.X-CUBE-SFXS2LP1.4.0.0
2026-04-12 20:29:33,546 [WARN] PackLoader:240 - Cannot read IP mode file for STMicroelectronics.X-CUBE-WB05N.2.1.0
2026-04-12 20:29:33,554 [ERROR] Engine:466 - /home/vatcraft/.stm32cubemx/thirdparties/pdsc/STMicroelectronics.X-CUBE-ST67W61.1.2.0.pdsc: PDSC version is not supported
2026-04-12 20:29:33,570 [WARN] PackLoader:240 - Cannot read IP mode file for STMicroelectronics.X-CUBE-BLEMGR.4.1.0
2026-04-12 20:29:33,628 [WARN] ConditionMgr:438 - getConditionDescription Invalid condition id : UX DEVICE CLASS RTOS Condition cause : null
2026-04-12 20:29:33,628 [WARN] ConditionMgr:438 - getConditionDescription Invalid condition id : UX DEVICE CLASS RTOS Condition cause : null
2026-04-12 20:29:33,634 [WARN] PackLoader:240 - Cannot read IP mode file for STMicroelectronics.X-CUBE-AZRTOS-WB.2.0.0
2026-04-12 20:29:33,635 [WARN] ConditionMgr:1044 - genDependencies : Invalid condition id : UX DEVICE CLASS RTOS Condition cause : null
2026-04-12 20:29:33,635 [WARN] ConditionMgr:1044 - genDependencies : Invalid condition id : UX DEVICE CLASS RTOS Condition cause : null
2026-04-12 20:29:33,635 [WARN] ConditionMgr:1044 - genDependencies : Invalid condition id : UX DEVICE CLASS RTOS Condition cause : null
2026-04-12 20:29:33,636 [WARN] ConditionMgr:1044 - genDependencies : Invalid condition id : UX DEVICE CLASS RTOS Condition cause : null
2026-04-12 20:29:33,636 [WARN] ConditionMgr:1044 - genDependencies : Invalid condition id : UX DEVICE CLASS RTOS Condition cause : null
2026-04-12 20:29:33,643 [WARN] ConditionMgr:438 - getConditionDescription Invalid condition id : Cortex-A Device cause : null
2026-04-12 20:29:33,661 [WARN] ConditionMgr:1044 - genDependencies : Invalid condition id : Cortex-A Device cause : null
2026-04-12 20:29:33,661 [WARN] ConditionMgr:1044 - genDependencies : Invalid condition id : Cortex-A Device cause : null
2026-04-12 20:29:33,662 [WARN] ConditionMgr:1044 - genDependencies : Invalid condition id : Cortex-A Device cause : null
2026-04-12 20:29:33,664 [INFO] WebApp:225 - Starting web application
2026-04-12 20:29:33,664 [INFO] WebApp:593 - Web application path used /opt/st/stm32cubeide_1.18.1/plugins/com.st.stm32cube.common.mx_6.14.1.202504091515/db/plugins/mcufinder/reactClient1/index.html
2026-04-12 20:29:33,675 [WARN] PackLoader:240 - Cannot read IP mode file for STMicroelectronics.X-CUBE-STSE01.2.0.0
2026-04-12 20:29:33,712 [WARN] PackLoader:240 - Cannot read IP mode file for STMicroelectronics.X-CUBE-SUBG2.5.0.0
2026-04-12 20:29:33,746 [WARN] PackLoader:240 - Cannot read IP mode file for STMicroelectronics.X-CUBE-AZRTOS-G4.2.0.0
2026-04-12 20:29:33,754 [WARN] PackLoader:240 - Cannot read IP mode file for wolfSSL.I-CUBE-wolfSSH.1.4.20
2026-04-12 20:29:33,763 [WARN] PackLoader:240 - Cannot read IP mode file for STMicroelectronics.X-CUBE-NFC7.2.0.0
2026-04-12 20:29:33,770 [WARN] PackLoader:240 - Cannot read IP mode file for STMicroelectronics.X-CUBE-ALS.1.0.2
2026-04-12 20:29:33,796 [WARN] PackLoader:240 - Cannot read IP mode file for STMicroelectronics.X-CUBE-TOF1.3.4.3
2026-04-12 20:29:33,835 [INFO] ThirdParty:978 - Integrity check success = true
2026-04-12 20:29:33,835 [INFO] IntegrityCheckThread:100 - exiting critical section [integrity check]
2026-04-12 20:29:33,835 [INFO] IntegrityCheckThread:103 - End integrity checks thread
2026-04-12 20:29:33,892 [INFO] UserAuth:484 - Internet connection configuration mode: 1
