2026-04-10 22:17:08,151 [INFO] Activator:176 - 


2026-04-10 22:17:08,157 [INFO] Activator:177 - !SESSION log4j initialized
2026-04-10 22:17:13,540 [INFO] LogOutputStream:77 - [STDOUT_REDIRECT] 
2026-04-10 22:17:16,687 [INFO] ApplicationProperties:184 - Using Application install path: /opt/st/stm32cubeide_1.18.1/plugins/com.st.stm32cube.common.mx_6.14.1.202504091515
2026-04-10 22:17:16,706 [INFO] DbMcusXml:78 - Set database path to: /opt/st/stm32cubeide_1.18.1/plugins/com.st.stm32cube.common.mx_6.14.1.202504091515//db//mcu/
2026-04-10 22:17:16,706 [INFO] ApiDb:274 - Set plugin database path to: /opt/st/stm32cubeide_1.18.1/plugins/com.st.stm32cube.common.mx_6.14.1.202504091515//db//plugins/boardmanager/
2026-04-10 22:17:16,707 [WARN] ApiDb:259 - Overriding images path with different value:  => /opt/st/stm32cubeide_1.18.1/plugins/com.st.stm32cube.common.mx_6.14.1.202504091515//db//plugins/mcufinder/images/
2026-04-10 22:17:16,714 [INFO] ApiDb:250 - Set database path to: /home/vatcraft/.stmcufinder/plugins/mcufinder//mcu/
2026-04-10 22:17:16,716 [INFO] DbMcusAds:125 - Set database path to: /home/vatcraft/.stmcufinder/plugins/mcufinder//mcu/
2026-04-10 22:17:17,719 [INFO] CrossReferenceDbSqlite:203 - Set database path to: /home/vatcraft/.stmcufinder/plugins/mcufinder//mcu/cs/
2026-04-10 22:17:17,884 [INFO] RulesReader:64 - Compatibility file has been processed (302 Rules)
2026-04-10 22:17:17,954 [INFO] DbMcusXml:78 - Set database path to: /opt/st/stm32cubeide_1.18.1/plugins/com.st.stm32cube.common.mx_6.14.1.202504091515//db//mcu/
2026-04-10 22:17:17,954 [INFO] ApiDb:274 - Set plugin database path to: /opt/st/stm32cubeide_1.18.1/plugins/com.st.stm32cube.common.mx_6.14.1.202504091515//db//plugins/boardmanager/
2026-04-10 22:17:17,954 [INFO] ApiDb:261 - Set plugin images path to: /opt/st/stm32cubeide_1.18.1/plugins/com.st.stm32cube.common.mx_6.14.1.202504091515//db//plugins/mcufinder/images/
2026-04-10 22:17:17,954 [WARN] DbFile:41 - Overriding database path with different value: /home/vatcraft/.stmcufinder/plugins/mcufinder/ => /home/vatcraft/.stmcufinder/plugins/mcufinder
2026-04-10 22:17:17,955 [INFO] ApiDb:250 - Set database path to: /home/vatcraft/.stmcufinder/plugins/mcufinder//mcu/
2026-04-10 22:17:17,955 [WARN] DbFile:41 - Overriding database path with different value: /home/vatcraft/.stmcufinder/plugins/mcufinder/ => /home/vatcraft/.stmcufinder/plugins/mcufinder
2026-04-10 22:17:17,955 [INFO] DbMcusAds:125 - Set database path to: /home/vatcraft/.stmcufinder/plugins/mcufinder//mcu/
2026-04-10 22:17:17,955 [WARN] DbFile:41 - Overriding database path with different value: /home/vatcraft/.stmcufinder/plugins/mcufinder/ => /home/vatcraft/.stmcufinder/plugins/mcufinder
2026-04-10 22:17:17,955 [WARN] DbFile:41 - Overriding database path with different value: /home/vatcraft/.stmcufinder/plugins/mcufinder/ => /home/vatcraft/.stmcufinder/plugins/mcufinder
2026-04-10 22:17:18,956 [INFO] CrossReferenceDbSqlite:203 - Set database path to: /home/vatcraft/.stmcufinder/plugins/mcufinder//mcu/cs/
2026-04-10 22:17:19,139 [INFO] MainPanel:272 - HeapMemory: 268435456
2026-04-10 22:17:19,287 [INFO] DbMcusXml:78 - Set database path to: /opt/st/stm32cubeide_1.18.1/plugins/com.st.stm32cube.common.mx_6.14.1.202504091515//db//mcu/
2026-04-10 22:17:19,287 [INFO] ApiDb:274 - Set plugin database path to: /opt/st/stm32cubeide_1.18.1/plugins/com.st.stm32cube.common.mx_6.14.1.202504091515//db//plugins/boardmanager/
2026-04-10 22:17:19,287 [INFO] ApiDb:261 - Set plugin images path to: /opt/st/stm32cubeide_1.18.1/plugins/com.st.stm32cube.common.mx_6.14.1.202504091515//db//plugins/mcufinder/images/
2026-04-10 22:17:19,288 [WARN] DbFile:41 - Overriding database path with different value: /home/vatcraft/.stmcufinder/plugins/mcufinder/ => /home/vatcraft/.stmcufinder/plugins/mcufinder
2026-04-10 22:17:19,288 [INFO] ApiDb:250 - Set database path to: /home/vatcraft/.stmcufinder/plugins/mcufinder//mcu/
2026-04-10 22:17:19,288 [WARN] DbFile:41 - Overriding database path with different value: /home/vatcraft/.stmcufinder/plugins/mcufinder/ => /home/vatcraft/.stmcufinder/plugins/mcufinder
2026-04-10 22:17:19,288 [INFO] DbMcusAds:125 - Set database path to: /home/vatcraft/.stmcufinder/plugins/mcufinder//mcu/
2026-04-10 22:17:19,288 [WARN] DbFile:41 - Overriding database path with different value: /home/vatcraft/.stmcufinder/plugins/mcufinder/ => /home/vatcraft/.stmcufinder/plugins/mcufinder
2026-04-10 22:17:19,288 [WARN] DbFile:41 - Overriding database path with different value: /home/vatcraft/.stmcufinder/plugins/mcufinder/ => /home/vatcraft/.stmcufinder/plugins/mcufinder
2026-04-10 22:17:20,289 [INFO] CrossReferenceDbSqlite:203 - Set database path to: /home/vatcraft/.stmcufinder/plugins/mcufinder//mcu/cs/
2026-04-10 22:17:20,329 [INFO] ApplicationProperties:184 - Using Application install path: /opt/st/stm32cubeide_1.18.1/plugins/com.st.stm32cube.common.mx_6.14.1.202504091515
2026-04-10 22:17:20,331 [INFO] PluginManage:196 - Search for loadable plugins [exclusion list=, ]
2026-04-10 22:17:20,333 [INFO] PluginManage:310 - Check plugin analytics
2026-04-10 22:17:21,615 [INFO] AnalyticsPlugin:253 - Accepted Software Licenses: 
2026-04-10 22:17:21,615 [INFO] AnalyticsPlugin:255 - Accepted CMSIS Pack Licenses: 
2026-04-10 22:17:21,615 [INFO] AnalyticsPlugin:257 - Accepted Firmware Licenses: FW.F4.1.28.0,FW.L4.1.18.0
2026-04-10 22:17:21,618 [INFO] PluginManage:359 - Loaded plugin analytics (category:tool,tabindex:-1)
2026-04-10 22:17:21,619 [INFO] PluginManage:310 - Check plugin cadmodel
2026-04-10 22:17:21,624 [INFO] CADModel:105 - Init CAD model plugin
2026-04-10 22:17:21,624 [INFO] PluginManage:359 - Loaded plugin cadmodel (category:power,tabindex:5)
2026-04-10 22:17:21,625 [INFO] PluginManage:310 - Check plugin clock
2026-04-10 22:17:21,637 [INFO] PluginManage:359 - Loaded plugin clock (category:base,tabindex:2)
2026-04-10 22:17:21,637 [INFO] PluginManage:310 - Check plugin ddr
2026-04-10 22:17:21,640 [INFO] PluginManage:359 - Loaded plugin ddr (category:tool,tabindex:6)
2026-04-10 22:17:21,640 [INFO] PluginManage:310 - Check plugin filemanager
2026-04-10 22:17:21,803 [INFO] PluginManage:359 - Loaded plugin filemanager (category:base,tabindex:10)
2026-04-10 22:17:21,803 [INFO] PluginManage:310 - Check plugin ipmanager
2026-04-10 22:17:21,809 [INFO] PluginManage:359 - Loaded plugin ipmanager (category:base,tabindex:5)
2026-04-10 22:17:21,809 [INFO] PluginManage:310 - Check plugin lpbam
2026-04-10 22:17:21,818 [INFO] PluginManage:359 - Loaded plugin lpbam (category:base,tabindex:0)
2026-04-10 22:17:21,818 [INFO] PluginManage:310 - Check plugin memorymap
2026-04-10 22:17:21,834 [INFO] PluginManage:359 - Loaded plugin memorymap (category:base,tabindex:4)
2026-04-10 22:17:21,834 [INFO] PluginManage:310 - Check plugin pinoutandconfiguration
2026-04-10 22:17:21,846 [INFO] PluginManage:359 - Loaded plugin pinoutandconfiguration (category:base,tabindex:1)
2026-04-10 22:17:21,846 [INFO] PluginManage:310 - Check plugin pinoutconfig
2026-04-10 22:17:21,967 [WARN] SupportedApi:132 - Cannot load RTOS API schema: s4s-elt-must-match.1: The content of 'definitions' must match (annotation?, (simpleType | complexType)?, (unique | key | keyref)*)). A problem was found starting at: attribute.
2026-04-10 22:17:22,123 [INFO] PluginManage:359 - Loaded plugin pinoutconfig (category:base,tabindex:0)
2026-04-10 22:17:22,123 [INFO] PluginManage:310 - Check plugin power
2026-04-10 22:17:22,134 [INFO] PluginManage:359 - Loaded plugin power (category:power,tabindex:4)
2026-04-10 22:17:22,134 [INFO] PluginManage:310 - Check plugin projectmanager
2026-04-10 22:17:22,153 [INFO] PluginManage:359 - Loaded plugin projectmanager (category:projectmanager,tabindex:4)
2026-04-10 22:17:22,154 [INFO] PluginManage:310 - Check plugin rif
2026-04-10 22:17:22,162 [INFO] PluginManage:359 - Loaded plugin rif (category:base,tabindex:3)
2026-04-10 22:17:22,163 [INFO] PluginManage:310 - Check plugin thirdparty
2026-04-10 22:17:22,324 [WARN] IntegrityCheckThread:84 - waiting for thirdparty lock release [integrity check]
2026-04-10 22:17:22,324 [INFO] IntegrityCheckThread:86 - entering critical section [integrity check]
2026-04-10 22:17:22,325 [INFO] ThirdPartyUpdaterWithRetryManager:70 - Updater plugin not ready yet. [1/15]
2026-04-10 22:17:22,325 [INFO] PluginManage:359 - Loaded plugin thirdparty (category:base,tabindex:-1)
2026-04-10 22:17:22,325 [INFO] PluginManage:310 - Check plugin tools
2026-04-10 22:17:22,328 [INFO] PluginManage:359 - Loaded plugin tools (category:base,tabindex:7)
2026-04-10 22:17:22,329 [INFO] PluginManage:310 - Check plugin tutovideos
2026-04-10 22:17:22,560 [INFO] PluginManage:359 - Loaded plugin tutovideos (category:base,tabindex:-1)
2026-04-10 22:17:22,561 [INFO] PluginManage:310 - Check plugin updater
2026-04-10 22:17:22,594 [INFO] PluginManage:359 - Loaded plugin updater (category:base,tabindex:12)
2026-04-10 22:17:22,595 [INFO] PluginManage:310 - Check plugin userauth
2026-04-10 22:17:22,606 [INFO] UserAuth:118 - Init User Auth plugin
2026-04-10 22:17:22,609 [INFO] PluginManage:359 - Loaded plugin userauth (category:base,tabindex:14)
2026-04-10 22:17:22,614 [INFO] PluginManage:283 - PluginManage : Loaded plugins [18]
2026-04-10 22:17:22,882 [INFO] PinOutPanel:1589 - setPackage(No Configuration,No Configuration)
2026-04-10 22:17:22,969 [INFO] CADModel:165 - CPN selected for project level
2026-04-10 22:17:22,970 [INFO] CADModel:114 - Register for checkConnection events
2026-04-10 22:17:22,984 [INFO] IPUIPlugin:80 - create IPUIPlugin
2026-04-10 22:17:22,985 [INFO] PluginManager:220 - loadIPPluginJar : add openamp
2026-04-10 22:17:22,992 [INFO] IPUIPlugin:80 - create IPUIPlugin
2026-04-10 22:17:22,992 [INFO] PluginManager:220 - loadIPPluginJar : add pdm2pcm
2026-04-10 22:17:22,996 [INFO] IPUIPlugin:80 - create IPUIPlugin
2026-04-10 22:17:22,996 [INFO] PluginManager:220 - loadIPPluginJar : add touchsensing
2026-04-10 22:17:23,006 [INFO] IPUIPlugin:80 - create IPUIPlugin
2026-04-10 22:17:23,010 [INFO] PluginManager:220 - loadIPPluginJar : add plateformsettings
2026-04-10 22:17:23,016 [INFO] IPUIPlugin:80 - create IPUIPlugin
2026-04-10 22:17:23,017 [INFO] PluginManager:220 - loadIPPluginJar : add resmgrutility
2026-04-10 22:17:23,024 [INFO] IPUIPlugin:80 - create IPUIPlugin
2026-04-10 22:17:23,024 [INFO] PluginManager:220 - loadIPPluginJar : add gic
2026-04-10 22:17:23,026 [INFO] IPUIPlugin:80 - create IPUIPlugin
2026-04-10 22:17:23,027 [INFO] PluginManager:220 - loadIPPluginJar : add genericplugin
2026-04-10 22:17:23,029 [INFO] IPUIPlugin:80 - create IPUIPlugin
2026-04-10 22:17:23,029 [INFO] PluginManager:220 - loadIPPluginJar : add tracer_emb
2026-04-10 22:17:23,033 [INFO] IPUIPlugin:80 - create IPUIPlugin
2026-04-10 22:17:23,033 [INFO] PluginManager:220 - loadIPPluginJar : add extmemmanager
2026-04-10 22:17:23,036 [INFO] IPUIPlugin:80 - create IPUIPlugin
2026-04-10 22:17:23,036 [INFO] PluginManager:220 - loadIPPluginJar : add spi
2026-04-10 22:17:23,046 [INFO] IPUIPlugin:80 - create IPUIPlugin
2026-04-10 22:17:23,046 [INFO] PluginManager:220 - loadIPPluginJar : add linkedlist
2026-04-10 22:17:23,051 [INFO] IPUIPlugin:80 - create IPUIPlugin
2026-04-10 22:17:23,051 [INFO] PluginManager:220 - loadIPPluginJar : add ucpd
2026-04-10 22:17:23,055 [INFO] IPUIPlugin:80 - create IPUIPlugin
2026-04-10 22:17:23,055 [INFO] PluginManager:220 - loadIPPluginJar : add i3c
2026-04-10 22:17:23,061 [INFO] IPUIPlugin:80 - create IPUIPlugin
2026-04-10 22:17:23,061 [INFO] PluginManager:220 - loadIPPluginJar : add hash
2026-04-10 22:17:23,066 [INFO] IPUIPlugin:80 - create IPUIPlugin
2026-04-10 22:17:23,066 [INFO] PluginManager:220 - loadIPPluginJar : add nvic
2026-04-10 22:17:23,072 [INFO] IPUIPlugin:80 - create IPUIPlugin
2026-04-10 22:17:23,072 [INFO] PluginManager:220 - loadIPPluginJar : add usbx
2026-04-10 22:17:23,075 [INFO] IPUIPlugin:80 - create IPUIPlugin
2026-04-10 22:17:23,075 [INFO] PluginManager:220 - loadIPPluginJar : add cryp
2026-04-10 22:17:23,077 [INFO] IPUIPlugin:80 - create IPUIPlugin
2026-04-10 22:17:23,077 [INFO] PluginManager:220 - loadIPPluginJar : add quadspi
2026-04-10 22:17:23,080 [INFO] IPUIPlugin:80 - create IPUIPlugin
2026-04-10 22:17:23,080 [INFO] PluginManager:220 - loadIPPluginJar : add ts
2026-04-10 22:17:23,083 [INFO] IPUIPlugin:80 - create IPUIPlugin
2026-04-10 22:17:23,084 [INFO] PluginManager:220 - loadIPPluginJar : add i2c
2026-04-10 22:17:23,088 [INFO] IPUIPlugin:80 - create IPUIPlugin
2026-04-10 22:17:23,088 [INFO] PluginManager:220 - loadIPPluginJar : add ipddr
2026-04-10 22:17:23,091 [INFO] IPUIPlugin:80 - create IPUIPlugin
2026-04-10 22:17:23,091 [INFO] PluginManager:220 - loadIPPluginJar : add aes
2026-04-10 22:17:23,095 [INFO] IPUIPlugin:80 - create IPUIPlugin
2026-04-10 22:17:23,096 [INFO] PluginManager:220 - loadIPPluginJar : add sai
2026-04-10 22:17:23,099 [INFO] IPUIPlugin:80 - create IPUIPlugin
2026-04-10 22:17:23,099 [INFO] PluginManager:220 - loadIPPluginJar : add dma3
2026-04-10 22:17:23,102 [INFO] IPUIPlugin:80 - create IPUIPlugin
2026-04-10 22:17:23,103 [INFO] PluginManager:220 - loadIPPluginJar : add lorawan
2026-04-10 22:17:23,106 [INFO] IPUIPlugin:80 - create IPUIPlugin
2026-04-10 22:17:23,106 [INFO] PluginManager:220 - loadIPPluginJar : add dfsdm
2026-04-10 22:17:23,109 [INFO] IPUIPlugin:80 - create IPUIPlugin
2026-04-10 22:17:23,109 [INFO] PluginManager:220 - loadIPPluginJar : add gtzc
2026-04-10 22:17:23,113 [INFO] IPUIPlugin:80 - create IPUIPlugin
2026-04-10 22:17:23,113 [INFO] PluginManager:220 - loadIPPluginJar : add can
2026-04-10 22:17:23,120 [INFO] IPUIPlugin:80 - create IPUIPlugin
2026-04-10 22:17:23,120 [INFO] PluginManager:220 - loadIPPluginJar : add freertos
2026-04-10 22:17:23,123 [INFO] IPUIPlugin:80 - create IPUIPlugin
2026-04-10 22:17:23,124 [INFO] PluginManager:220 - loadIPPluginJar : add usart
2026-04-10 22:17:23,129 [INFO] IPUIPlugin:80 - create IPUIPlugin
2026-04-10 22:17:23,130 [INFO] PluginManager:220 - loadIPPluginJar : add fmc
2026-04-10 22:17:23,136 [INFO] IPUIPlugin:80 - create IPUIPlugin
2026-04-10 22:17:23,136 [INFO] PluginManager:220 - loadIPPluginJar : add gpio
2026-04-10 22:17:23,139 [INFO] IPUIPlugin:80 - create IPUIPlugin
2026-04-10 22:17:23,140 [INFO] PluginManager:220 - loadIPPluginJar : add i2s
2026-04-10 22:17:23,148 [INFO] IPUIPlugin:80 - create IPUIPlugin
2026-04-10 22:17:23,148 [INFO] PluginManager:220 - loadIPPluginJar : add mdma
2026-04-10 22:17:23,150 [INFO] IPUIPlugin:80 - create IPUIPlugin
2026-04-10 22:17:23,150 [INFO] PluginManager:220 - loadIPPluginJar : add ltdc
2026-04-10 22:17:23,153 [INFO] IPUIPlugin:80 - create IPUIPlugin
2026-04-10 22:17:23,153 [INFO] PluginManager:220 - loadIPPluginJar : add opamp
2026-04-10 22:17:23,161 [INFO] IPUIPlugin:80 - create IPUIPlugin
2026-04-10 22:17:23,161 [INFO] PluginManager:220 - loadIPPluginJar : add adc
2026-04-10 22:17:23,165 [INFO] IPUIPlugin:80 - create IPUIPlugin
2026-04-10 22:17:23,165 [INFO] PluginManager:220 - loadIPPluginJar : add ddr_ctrl_phy
2026-04-10 22:17:23,173 [INFO] IPUIPlugin:80 - create IPUIPlugin
2026-04-10 22:17:23,173 [INFO] PluginManager:220 - loadIPPluginJar : add stm32_wpan
2026-04-10 22:17:23,180 [INFO] IPUIPlugin:80 - create IPUIPlugin
2026-04-10 22:17:23,180 [INFO] PluginManager:220 - loadIPPluginJar : add dma
2026-04-10 22:17:23,182 [INFO] IPUIPlugin:80 - create IPUIPlugin
2026-04-10 22:17:23,182 [INFO] PluginManager:220 - loadIPPluginJar : add tsc
2026-04-10 22:17:23,183 [INFO] IPUIPlugin:80 - create IPUIPlugin
2026-04-10 22:17:23,184 [INFO] PluginManager:220 - loadIPPluginJar : add comp
2026-04-10 22:17:23,185 [INFO] IPUIPlugin:80 - create IPUIPlugin
2026-04-10 22:17:23,185 [INFO] PluginManager:220 - loadIPPluginJar : add fatfs
2026-04-10 22:17:23,187 [INFO] IPUIPlugin:80 - create IPUIPlugin
2026-04-10 22:17:23,187 [INFO] PluginManager:220 - loadIPPluginJar : add tim
2026-04-10 22:17:23,190 [INFO] IPUIPlugin:80 - create IPUIPlugin
2026-04-10 22:17:23,190 [INFO] PluginManager:220 - loadIPPluginJar : add gfxmmu
2026-04-10 22:17:23,192 [INFO] IPUIPlugin:80 - create IPUIPlugin
2026-04-10 22:17:23,192 [INFO] PluginManager:220 - loadIPPluginJar : add radio
2026-04-10 22:17:23,332 [FATAL] Updater:351 - Updater called before beeing initialized
2026-04-10 22:17:23,437 [INFO] RulesReader:64 - Compatibility file has been processed (302 Rules)
2026-04-10 22:17:23,456 [INFO] RulesReader:64 - Compatibility file has been processed (302 Rules)
2026-04-10 22:17:23,466 [INFO] CADModel:165 - CPN selected for project level
2026-04-10 22:17:23,466 [INFO] CADModel:114 - Register for checkConnection events
2026-04-10 22:17:23,466 [FATAL] Updater:351 - Updater called before beeing initialized
2026-04-10 22:17:23,466 [ERROR] CADModel:125 - Updater not yet initialized, retry later 
2026-04-10 22:17:23,637 [FATAL] Updater:351 - Updater called before beeing initialized
2026-04-10 22:17:23,639 [INFO] CADModel:165 - CPN selected for project level
2026-04-10 22:17:23,639 [INFO] CADModel:114 - Register for checkConnection events
2026-04-10 22:17:23,640 [FATAL] Updater:351 - Updater called before beeing initialized
2026-04-10 22:17:23,640 [ERROR] CADModel:125 - Updater not yet initialized, retry later 
2026-04-10 22:17:23,644 [FATAL] Updater:351 - Updater called before beeing initialized
2026-04-10 22:17:23,748 [FATAL] Updater:351 - Updater called before beeing initialized
2026-04-10 22:17:23,754 [INFO] DbMcusAds:53 - JSON generation date=Tue Apr 07 14:33:18 ICT 2026 (1775547198297)
2026-04-10 22:17:23,754 [FATAL] Updater:351 - Updater called before beeing initialized
2026-04-10 22:17:23,806 [WARN] DetailPanel:346 - Failed to get advertising image, set to default
2026-04-10 22:17:24,086 [FATAL] Updater:351 - Updater called before beeing initialized
2026-04-10 22:17:24,088 [FATAL] Updater:351 - Updater called before beeing initialized
2026-04-10 22:17:24,088 [FATAL] Updater:351 - Updater called before beeing initialized
2026-04-10 22:17:24,088 [WARN] DetailPanel:346 - Failed to get advertising image, set to default
2026-04-10 22:17:24,089 [FATAL] Updater:351 - Updater called before beeing initialized
2026-04-10 22:17:24,125 [ERROR] Updater:1198 - MainUpdater not yet initialized. External WinMGr cannot be set.
2026-04-10 22:17:24,127 [INFO] Updater:1134 - Updater Version found : 6.14.1
2026-04-10 22:17:24,147 [INFO] ApplicationProperties:184 - Using Application install path: /opt/st/stm32cubeide_1.18.1/plugins/com.st.stm32cube.common.mx_6.14.1.202504091515
2026-04-10 22:17:24,612 [INFO] MainUpdater:2872 - connection check result : 10
2026-04-10 22:17:24,612 [INFO] MainUpdater:3566 - Updater definition file requires update
2026-04-10 22:17:24,614 [INFO] MainUpdater:289 - Updater Check For Update Now.
2026-04-10 22:17:24,614 [INFO] MicroXplorer:498 - Change Database Version : DB.6.0.141
2026-04-10 22:17:24,636 [INFO] McuFinderGlobals:63 - Set McuFinder mode to 2 (CubeIDE integrated)
2026-04-10 22:17:24,638 [INFO] UserAuth:484 - Internet connection configuration mode: 1
2026-04-10 22:17:24,676 [INFO] JxBrowserEngine:152 - Initiate JxBrowser Engine with user profile folder
2026-04-10 22:17:24,704 [INFO] ServerAccessManage:473 - Download File updaters.zip
2026-04-10 22:17:24,967 [INFO] FileExtend:242 - Unzip File : updaters.zip
2026-04-10 22:17:24,967 [INFO] FileExtend:257 - Standard Zip Deflate
2026-04-10 22:17:25,322 [INFO] ServerAccessManage:473 - Download File PacksControlFlags.xml
2026-04-10 22:17:25,325 [WARN] MainUpdater:1193 - Updater busy. Cannot search thirdparties
2026-04-10 22:17:25,326 [INFO] ThirdPartyUpdaterWithRetryManager:96 - Updater plugin is busy. [1/15]
2026-04-10 22:17:25,519 [INFO] ServerAccessManage:473 - Download File cubemx.pidx
2026-04-10 22:17:26,399 [INFO] WebApp:169 - Instantiating new browser for Auth
2026-04-10 22:17:27,580 [INFO] ServerAccessManage:473 - Download File STMicroelectronics.X-CUBE-WB05N.pdsc
2026-04-10 22:17:27,700 [INFO] WebApp:463 - Apply proxy settings
2026-04-10 22:17:27,701 [INFO] WebApp:548 - Chromium requires no authentication
2026-04-10 22:17:27,710 [INFO] WebApp:491 - Direct internet connection detected
2026-04-10 22:17:27,737 [INFO] WebApp:894 - Register for checkConnection events
2026-04-10 22:17:27,737 [INFO] WebApp:463 - Apply proxy settings
2026-04-10 22:17:27,737 [INFO] WebApp:548 - Chromium requires no authentication
2026-04-10 22:17:27,738 [INFO] WebApp:491 - Direct internet connection detected
2026-04-10 22:17:28,043 [INFO] WebApp:191 - Connection restablished
2026-04-10 22:17:28,147 [INFO] WebApp:225 - Starting web application
2026-04-10 22:17:28,147 [INFO] WebApp:593 - Web application path used /opt/st/stm32cubeide_1.18.1/plugins/com.st.stm32cube.common.mx_6.14.1.202504091515/db/plugins/mcufinder/reactClient1/index.html
2026-04-10 22:17:28,332 [WARN] MainUpdater:1193 - Updater busy. Cannot search thirdparties
2026-04-10 22:17:28,332 [INFO] ThirdPartyUpdaterWithRetryManager:96 - Updater plugin is busy. [2/15]
2026-04-10 22:17:28,486 [WARN] PackLoader:240 - Cannot read IP mode file for STMicroelectronics.X-CUBE-WB05N.2.1.0
2026-04-10 22:17:28,492 [INFO] PopulateThirdPartyThread:66 - Ending populate Thread
2026-04-10 22:17:28,500 [INFO] ThirdParty:1030 - CMSIS Pack Vendor :STMicroelectronics X-CUBE-WB05N 2.1.0
2026-04-10 22:17:28,501 [INFO] LoadServerUpdatesThread:375 - End of LoadServerUpdate Thread
2026-04-10 22:17:28,531 [INFO] UserAuth:484 - Internet connection configuration mode: 1
2026-04-10 22:17:28,625 [INFO] CheckServerUpdateThread:120 - End of CheckServer Thread
2026-04-10 22:17:31,322 [ERROR] LogOutputStream:75 - [STDERR_REDIRECT] SLF4J: Failed to load class "org.slf4j.impl.StaticLoggerBinder".
2026-04-10 22:17:31,324 [ERROR] LogOutputStream:75 - [STDERR_REDIRECT] SLF4J: Defaulting to no-operation (NOP) logger implementation
2026-04-10 22:17:31,324 [ERROR] LogOutputStream:75 - [STDERR_REDIRECT] SLF4J: See http://www.slf4j.org/codes.html#StaticLoggerBinder for further details.
2026-04-10 22:17:31,594 [WARN] PackLoader:240 - Cannot read IP mode file for STMicroelectronics.X-CUBE-AZRTOS-H7.3.5.0
2026-04-10 22:17:31,608 [WARN] PackLoader:240 - Cannot read IP mode file for STMicroelectronics.FP-ATR-ASTRA1.2.0.2
2026-04-10 22:17:31,616 [WARN] PackLoader:240 - Cannot read IP mode file for STMicroelectronics.X-CUBE-SMBUS.2.1.0
2026-04-10 22:17:31,659 [WARN] PackLoader:240 - Cannot read IP mode file for STMicroelectronics.X-CUBE-AZRTOS-F7.1.1.0
2026-04-10 22:17:31,670 [ERROR] Engine:466 - /home/vatcraft/.stm32cubemx/thirdparties/pdsc/STMicroelectronics.FP-SNS-MOTENV1.5.1.0.pdsc: PDSC version is not supported
2026-04-10 22:17:31,678 [ERROR] Engine:466 - /home/vatcraft/.stm32cubemx/thirdparties/pdsc/WES.I-CUBE-Cesium.1.4.0.pdsc: PDSC version is not supported
2026-04-10 22:17:31,693 [WARN] PackLoader:240 - Cannot read IP mode file for STMicroelectronics.X-CUBE-DISPLAY.3.0.0
2026-04-10 22:17:31,716 [ERROR] Engine:466 - /home/vatcraft/.stm32cubemx/thirdparties/pdsc/STMicroelectronics.FP-SNS-MOTENVWB1.1.5.0.pdsc: PDSC version is not supported
2026-04-10 22:17:31,725 [WARN] PackLoader:240 - Cannot read IP mode file for STMicroelectronics.X-CUBE-NFC10.1.0.0
2026-04-10 22:17:31,743 [WARN] PackLoader:240 - Cannot read IP mode file for STMicroelectronics.X-CUBE-ST60.1.1.0
2026-04-10 22:17:31,756 [WARN] PackLoader:240 - Cannot read IP mode file for emotas.I-CUBE-CANOPEN.1.3.0
2026-04-10 22:17:31,767 [WARN] PackLoader:240 - Cannot read IP mode file for STMicroelectronics.X-CUBE-GNSS1.7.1.0
2026-04-10 22:17:31,783 [ERROR] Engine:466 - /home/vatcraft/.stm32cubemx/thirdparties/pdsc/STMicroelectronics.FP-SNS-STBOX1.2.1.0.pdsc: PDSC version is not supported
2026-04-10 22:17:31,790 [WARN] PackLoader:240 - Cannot read IP mode file for STMicroelectronics.FP-SNS-SMARTAG2.1.2.0
2026-04-10 22:17:31,797 [WARN] PackLoader:240 - Cannot read IP mode file for STMicroelectronics.FP-SNS-FLIGHT1.5.1.0
2026-04-10 22:17:31,821 [INFO] LogOutputStream:77 - [STDOUT_REDIRECT] 1 : Invalid condition id : UX_CORESTACK_Condition cause : null
2026-04-10 22:17:31,822 [INFO] LogOutputStream:77 - [STDOUT_REDIRECT] 1 : Invalid condition id : UX_CORESTACK_Condition cause : null
2026-04-10 22:17:31,822 [INFO] LogOutputStream:77 - [STDOUT_REDIRECT] 1 : Invalid condition id : UX_CORESTACK_Condition cause : null
2026-04-10 22:17:31,822 [INFO] LogOutputStream:77 - [STDOUT_REDIRECT] 1 : Invalid condition id : UX_CORESTACK_Condition cause : null
2026-04-10 22:17:31,823 [INFO] LogOutputStream:77 - [STDOUT_REDIRECT] 1 : Invalid condition id : UX_CORESTACK_Condition cause : null
2026-04-10 22:17:31,829 [WARN] PackLoader:240 - Cannot read IP mode file for STMicroelectronics.X-CUBE-AZRTOS-WL.2.0.0
2026-04-10 22:17:31,855 [WARN] PackLoader:240 - Cannot read IP mode file for STMicroelectronics.X-CUBE-AZRTOS-H7RS.1.2.0
2026-04-10 22:17:31,866 [WARN] PackLoader:240 - Cannot read IP mode file for STMicroelectronics.X-CUBE-BLE2.3.3.0
2026-04-10 22:17:31,899 [WARN] PackLoader:240 - Cannot read IP mode file for Infineon.AIROC-Wi-Fi-Bluetooth-STM32.1.8.0
2026-04-10 22:17:31,912 [WARN] PackLoader:240 - Cannot read IP mode file for STMicroelectronics.X-CUBE-NFC9.1.0.0
2026-04-10 22:17:31,918 [WARN] PackLoader:240 - Cannot read IP mode file for STMicroelectronics.X-CUBE-BLE1.7.1.0
2026-04-10 22:17:31,921 [WARN] PackLoader:240 - Cannot read IP mode file for wolfSSL.I-CUBE-wolfMQTT.1.19.2
2026-04-10 22:17:31,925 [WARN] PackLoader:240 - Cannot read IP mode file for STMicroelectronics.X-CUBE-EEPRMA1.5.2.0
2026-04-10 22:17:31,932 [WARN] PackLoader:240 - Cannot read IP mode file for wolfSSL.I-CUBE-wolfSSL.5.8.4
2026-04-10 22:17:31,936 [WARN] PackLoader:240 - Cannot read IP mode file for Cesanta.I-CUBE-Mongoose.7.20.0
2026-04-10 22:17:31,991 [WARN] PackLoader:240 - Cannot read IP mode file for STMicroelectronics.X-CUBE-MEMS1.12.0.0
2026-04-10 22:17:32,323 [WARN] PackLoader:240 - Cannot read IP mode file for STMicroelectronics.X-CUBE-AZRTOS-G0.1.1.0
2026-04-10 22:17:32,328 [WARN] PackLoader:240 - Cannot read IP mode file for STMicroelectronics.X-CUBE-NFC4.3.0.0
2026-04-10 22:17:32,338 [WARN] PackLoader:240 - Cannot read IP mode file for EmbeddedOffice.I-CUBE-FS-RTOS.1.0.1
2026-04-10 22:17:32,342 [WARN] PackLoader:240 - Cannot read IP mode file for STMicroelectronics.X-CUBE-WB05N.2.0.0
2026-04-10 22:17:32,345 [WARN] PackLoader:240 - Cannot read IP mode file for wolfSSL.I-CUBE-wolfTPM.3.8.0
2026-04-10 22:17:32,351 [WARN] PackLoader:240 - Cannot read IP mode file for STMicroelectronics.X-CUBE-TCPP.4.2.0
2026-04-10 22:17:32,356 [WARN] PackLoader:240 - Cannot read IP mode file for RealThread.X-CUBE-RT-Thread_Nano.4.1.1
2026-04-10 22:17:32,360 [WARN] PackLoader:240 - Cannot read IP mode file for STMicroelectronics.FP-ATR-SIGFOX1.3.2.0
2026-04-10 22:17:32,362 [ERROR] Engine:466 - /home/vatcraft/.stm32cubemx/thirdparties/pdsc/STMicroelectronics.X-CUBE-FREERTOS.1.5.0.pdsc: PDSC version is not supported
2026-04-10 22:17:32,367 [WARN] PackLoader:240 - Cannot read IP mode file for ITTIA_DB.I-CUBE-ITTIADB.8.9.0
2026-04-10 22:17:32,372 [WARN] PackLoader:240 - Cannot read IP mode file for STMicroelectronics.X-CUBE-NFC6.3.2.0
2026-04-10 22:17:32,377 [WARN] PackLoader:240 - Cannot read IP mode file for STMicroelectronics.X-CUBE-AI.10.2.0
2026-04-10 22:17:32,404 [WARN] PackLoader:240 - Cannot read IP mode file for SEGGER.I-CUBE-embOS.1.3.1
2026-04-10 22:17:32,447 [WARN] PackLoader:240 - Cannot read IP mode file for STMicroelectronics.X-CUBE-ALGOBUILD.1.4.0
2026-04-10 22:17:32,451 [WARN] PackLoader:240 - Cannot read IP mode file for STMicroelectronics.X-CUBE-PM33A1.1.0.0
2026-04-10 22:17:32,468 [WARN] PackLoader:240 - Cannot read IP mode file for STMicroelectronics.X-CUBE-AZRTOS-F4.1.1.0
2026-04-10 22:17:32,473 [WARN] PackLoader:240 - Cannot read IP mode file for STMicroelectronics.X-CUBE-ISPU.2.1.0
2026-04-10 22:17:32,478 [ERROR] Engine:466 - /home/vatcraft/.stm32cubemx/thirdparties/pdsc/STMicroelectronics.X-CUBE-IPS.3.2.0.pdsc: PDSC version is not supported
2026-04-10 22:17:32,482 [WARN] PackLoader:240 - Cannot read IP mode file for STMicroelectronics.eDS-WB_DPC_TT-BIDIR.2.1.1
2026-04-10 22:17:32,486 [WARN] PackLoader:240 - Cannot read IP mode file for STMicroelectronics.X-CUBE-NFC12.1.0.0
2026-04-10 22:17:32,504 [WARN] PackLoader:240 - Cannot read IP mode file for STMicroelectronics.X-CUBE-AZRTOS-L5.2.0.0
2026-04-10 22:17:32,508 [WARN] PackLoader:240 - Cannot read IP mode file for STMicroelectronics.eDS-WB_DPC_VIENNA.1.2.0
2026-04-10 22:17:32,510 [WARN] PackLoader:240 - Cannot read IP mode file for STMicroelectronics.eDS-WB_DPC_3PH2L-BIDIR.1.1.1
2026-04-10 22:17:32,517 [WARN] PackLoader:240 - Cannot read IP mode file for STMicroelectronics.X-CUBE-TOUCHGFX.4.26.1
2026-04-10 22:17:32,521 [WARN] PackLoader:240 - Cannot read IP mode file for STMicroelectronics.FP-SNS-STAIOTCFT.1.0.0
2026-04-10 22:17:32,525 [WARN] PackLoader:240 - Cannot read IP mode file for STMicroelectronics.X-CUBE-DPower.1.3.0
2026-04-10 22:17:32,540 [WARN] ConditionMgr:438 - getConditionDescription Invalid condition id : LAN8742 Phy interface Condition cause : null
2026-04-10 22:17:32,541 [WARN] PackLoader:240 - Cannot read IP mode file for STMicroelectronics.X-CUBE-AZRTOS-L4.2.0.0
2026-04-10 22:17:32,542 [WARN] ConditionMgr:1044 - genDependencies : Invalid condition id : LAN8742 Phy interface Condition cause : null
2026-04-10 22:17:32,543 [WARN] ConditionMgr:1044 - genDependencies : Invalid condition id : LAN8742 Phy interface Condition cause : null
2026-04-10 22:17:32,543 [WARN] ConditionMgr:1044 - genDependencies : Invalid condition id : LAN8742 Phy interface Condition cause : null
2026-04-10 22:17:32,552 [WARN] PackLoader:240 - Cannot read IP mode file for STMicroelectronics.X-CUBE-SFXS2LP1.4.0.0
2026-04-10 22:17:32,557 [WARN] PackLoader:240 - Cannot read IP mode file for STMicroelectronics.X-CUBE-WB05N.2.1.0
2026-04-10 22:17:32,561 [ERROR] Engine:466 - /home/vatcraft/.stm32cubemx/thirdparties/pdsc/STMicroelectronics.X-CUBE-ST67W61.1.2.0.pdsc: PDSC version is not supported
2026-04-10 22:17:32,575 [WARN] PackLoader:240 - Cannot read IP mode file for STMicroelectronics.X-CUBE-BLEMGR.4.1.0
2026-04-10 22:17:32,594 [WARN] ConditionMgr:438 - getConditionDescription Invalid condition id : UX DEVICE CLASS RTOS Condition cause : null
2026-04-10 22:17:32,594 [WARN] ConditionMgr:438 - getConditionDescription Invalid condition id : UX DEVICE CLASS RTOS Condition cause : null
2026-04-10 22:17:32,602 [WARN] PackLoader:240 - Cannot read IP mode file for STMicroelectronics.X-CUBE-AZRTOS-WB.2.0.0
2026-04-10 22:17:32,603 [WARN] ConditionMgr:1044 - genDependencies : Invalid condition id : UX DEVICE CLASS RTOS Condition cause : null
2026-04-10 22:17:32,604 [WARN] ConditionMgr:1044 - genDependencies : Invalid condition id : UX DEVICE CLASS RTOS Condition cause : null
2026-04-10 22:17:32,604 [WARN] ConditionMgr:1044 - genDependencies : Invalid condition id : UX DEVICE CLASS RTOS Condition cause : null
2026-04-10 22:17:32,605 [WARN] ConditionMgr:1044 - genDependencies : Invalid condition id : UX DEVICE CLASS RTOS Condition cause : null
2026-04-10 22:17:32,605 [WARN] ConditionMgr:1044 - genDependencies : Invalid condition id : UX DEVICE CLASS RTOS Condition cause : null
2026-04-10 22:17:32,609 [WARN] ConditionMgr:438 - getConditionDescription Invalid condition id : Cortex-A Device cause : null
2026-04-10 22:17:32,618 [WARN] ConditionMgr:1044 - genDependencies : Invalid condition id : Cortex-A Device cause : null
2026-04-10 22:17:32,618 [WARN] ConditionMgr:1044 - genDependencies : Invalid condition id : Cortex-A Device cause : null
2026-04-10 22:17:32,618 [WARN] ConditionMgr:1044 - genDependencies : Invalid condition id : Cortex-A Device cause : null
2026-04-10 22:17:32,628 [WARN] PackLoader:240 - Cannot read IP mode file for STMicroelectronics.X-CUBE-STSE01.2.0.0
2026-04-10 22:17:32,646 [WARN] PackLoader:240 - Cannot read IP mode file for STMicroelectronics.X-CUBE-SUBG2.5.0.0
2026-04-10 22:17:32,675 [WARN] PackLoader:240 - Cannot read IP mode file for STMicroelectronics.X-CUBE-AZRTOS-G4.2.0.0
2026-04-10 22:17:32,682 [WARN] PackLoader:240 - Cannot read IP mode file for wolfSSL.I-CUBE-wolfSSH.1.4.20
2026-04-10 22:17:32,690 [WARN] PackLoader:240 - Cannot read IP mode file for STMicroelectronics.X-CUBE-NFC7.2.0.0
2026-04-10 22:17:32,694 [WARN] PackLoader:240 - Cannot read IP mode file for STMicroelectronics.X-CUBE-ALS.1.0.2
2026-04-10 22:17:32,735 [WARN] PackLoader:240 - Cannot read IP mode file for STMicroelectronics.X-CUBE-TOF1.3.4.3
2026-04-10 22:17:32,761 [INFO] ThirdParty:978 - Integrity check success = true
2026-04-10 22:17:32,762 [INFO] IntegrityCheckThread:100 - exiting critical section [integrity check]
2026-04-10 22:17:32,762 [INFO] IntegrityCheckThread:103 - End integrity checks thread
2026-04-10 22:25:57,034 [INFO] Activator:176 - 


2026-04-10 22:25:57,035 [INFO] Activator:177 - !SESSION log4j initialized
2026-04-10 22:26:03,653 [INFO] LogOutputStream:77 - [STDOUT_REDIRECT] 
2026-04-10 22:26:05,672 [INFO] ApplicationProperties:184 - Using Application install path: /opt/st/stm32cubeide_1.18.1/plugins/com.st.stm32cube.common.mx_6.14.1.202504091515
2026-04-10 22:26:05,685 [INFO] DbMcusXml:78 - Set database path to: /opt/st/stm32cubeide_1.18.1/plugins/com.st.stm32cube.common.mx_6.14.1.202504091515//db//mcu/
2026-04-10 22:26:05,685 [INFO] ApiDb:274 - Set plugin database path to: /opt/st/stm32cubeide_1.18.1/plugins/com.st.stm32cube.common.mx_6.14.1.202504091515//db//plugins/boardmanager/
2026-04-10 22:26:05,686 [WARN] ApiDb:259 - Overriding images path with different value:  => /opt/st/stm32cubeide_1.18.1/plugins/com.st.stm32cube.common.mx_6.14.1.202504091515//db//plugins/mcufinder/images/
2026-04-10 22:26:05,689 [INFO] ApiDb:250 - Set database path to: /home/vatcraft/.stmcufinder/plugins/mcufinder//mcu/
2026-04-10 22:26:05,690 [INFO] DbMcusAds:125 - Set database path to: /home/vatcraft/.stmcufinder/plugins/mcufinder//mcu/
2026-04-10 22:26:06,694 [INFO] CrossReferenceDbSqlite:203 - Set database path to: /home/vatcraft/.stmcufinder/plugins/mcufinder//mcu/cs/
2026-04-10 22:26:06,833 [INFO] RulesReader:64 - Compatibility file has been processed (302 Rules)
2026-04-10 22:26:06,888 [INFO] DbMcusXml:78 - Set database path to: /opt/st/stm32cubeide_1.18.1/plugins/com.st.stm32cube.common.mx_6.14.1.202504091515//db//mcu/
2026-04-10 22:26:06,888 [INFO] ApiDb:274 - Set plugin database path to: /opt/st/stm32cubeide_1.18.1/plugins/com.st.stm32cube.common.mx_6.14.1.202504091515//db//plugins/boardmanager/
2026-04-10 22:26:06,888 [INFO] ApiDb:261 - Set plugin images path to: /opt/st/stm32cubeide_1.18.1/plugins/com.st.stm32cube.common.mx_6.14.1.202504091515//db//plugins/mcufinder/images/
2026-04-10 22:26:06,889 [WARN] DbFile:41 - Overriding database path with different value: /home/vatcraft/.stmcufinder/plugins/mcufinder/ => /home/vatcraft/.stmcufinder/plugins/mcufinder
2026-04-10 22:26:06,889 [INFO] ApiDb:250 - Set database path to: /home/vatcraft/.stmcufinder/plugins/mcufinder//mcu/
2026-04-10 22:26:06,889 [WARN] DbFile:41 - Overriding database path with different value: /home/vatcraft/.stmcufinder/plugins/mcufinder/ => /home/vatcraft/.stmcufinder/plugins/mcufinder
2026-04-10 22:26:06,889 [INFO] DbMcusAds:125 - Set database path to: /home/vatcraft/.stmcufinder/plugins/mcufinder//mcu/
2026-04-10 22:26:06,889 [WARN] DbFile:41 - Overriding database path with different value: /home/vatcraft/.stmcufinder/plugins/mcufinder/ => /home/vatcraft/.stmcufinder/plugins/mcufinder
2026-04-10 22:26:06,889 [WARN] DbFile:41 - Overriding database path with different value: /home/vatcraft/.stmcufinder/plugins/mcufinder/ => /home/vatcraft/.stmcufinder/plugins/mcufinder
2026-04-10 22:26:07,891 [INFO] CrossReferenceDbSqlite:203 - Set database path to: /home/vatcraft/.stmcufinder/plugins/mcufinder//mcu/cs/
2026-04-10 22:26:07,980 [INFO] MainPanel:272 - HeapMemory: 268435456
2026-04-10 22:26:08,090 [INFO] DbMcusXml:78 - Set database path to: /opt/st/stm32cubeide_1.18.1/plugins/com.st.stm32cube.common.mx_6.14.1.202504091515//db//mcu/
2026-04-10 22:26:08,090 [INFO] ApiDb:274 - Set plugin database path to: /opt/st/stm32cubeide_1.18.1/plugins/com.st.stm32cube.common.mx_6.14.1.202504091515//db//plugins/boardmanager/
2026-04-10 22:26:08,090 [INFO] ApiDb:261 - Set plugin images path to: /opt/st/stm32cubeide_1.18.1/plugins/com.st.stm32cube.common.mx_6.14.1.202504091515//db//plugins/mcufinder/images/
2026-04-10 22:26:08,090 [WARN] DbFile:41 - Overriding database path with different value: /home/vatcraft/.stmcufinder/plugins/mcufinder/ => /home/vatcraft/.stmcufinder/plugins/mcufinder
2026-04-10 22:26:08,090 [INFO] ApiDb:250 - Set database path to: /home/vatcraft/.stmcufinder/plugins/mcufinder//mcu/
2026-04-10 22:26:08,090 [WARN] DbFile:41 - Overriding database path with different value: /home/vatcraft/.stmcufinder/plugins/mcufinder/ => /home/vatcraft/.stmcufinder/plugins/mcufinder
2026-04-10 22:26:08,090 [INFO] DbMcusAds:125 - Set database path to: /home/vatcraft/.stmcufinder/plugins/mcufinder//mcu/
2026-04-10 22:26:08,091 [WARN] DbFile:41 - Overriding database path with different value: /home/vatcraft/.stmcufinder/plugins/mcufinder/ => /home/vatcraft/.stmcufinder/plugins/mcufinder
2026-04-10 22:26:08,091 [WARN] DbFile:41 - Overriding database path with different value: /home/vatcraft/.stmcufinder/plugins/mcufinder/ => /home/vatcraft/.stmcufinder/plugins/mcufinder
2026-04-10 22:26:09,092 [INFO] CrossReferenceDbSqlite:203 - Set database path to: /home/vatcraft/.stmcufinder/plugins/mcufinder//mcu/cs/
2026-04-10 22:26:09,129 [INFO] ApplicationProperties:184 - Using Application install path: /opt/st/stm32cubeide_1.18.1/plugins/com.st.stm32cube.common.mx_6.14.1.202504091515
2026-04-10 22:26:09,131 [INFO] PluginManage:196 - Search for loadable plugins [exclusion list=, ]
2026-04-10 22:26:09,133 [INFO] PluginManage:310 - Check plugin analytics
2026-04-10 22:26:10,331 [INFO] AnalyticsPlugin:253 - Accepted Software Licenses: 
2026-04-10 22:26:10,331 [INFO] AnalyticsPlugin:255 - Accepted CMSIS Pack Licenses: 
2026-04-10 22:26:10,331 [INFO] AnalyticsPlugin:257 - Accepted Firmware Licenses: FW.F4.1.28.0,FW.L4.1.18.0
2026-04-10 22:26:10,335 [INFO] PluginManage:359 - Loaded plugin analytics (category:tool,tabindex:-1)
2026-04-10 22:26:10,335 [INFO] PluginManage:310 - Check plugin cadmodel
2026-04-10 22:26:10,339 [INFO] CADModel:105 - Init CAD model plugin
2026-04-10 22:26:10,339 [INFO] PluginManage:359 - Loaded plugin cadmodel (category:power,tabindex:5)
2026-04-10 22:26:10,340 [INFO] PluginManage:310 - Check plugin clock
2026-04-10 22:26:10,349 [INFO] PluginManage:359 - Loaded plugin clock (category:base,tabindex:2)
2026-04-10 22:26:10,350 [INFO] PluginManage:310 - Check plugin ddr
2026-04-10 22:26:10,351 [INFO] PluginManage:359 - Loaded plugin ddr (category:tool,tabindex:6)
2026-04-10 22:26:10,352 [INFO] PluginManage:310 - Check plugin filemanager
2026-04-10 22:26:10,480 [INFO] PluginManage:359 - Loaded plugin filemanager (category:base,tabindex:10)
2026-04-10 22:26:10,480 [INFO] PluginManage:310 - Check plugin ipmanager
2026-04-10 22:26:10,485 [INFO] PluginManage:359 - Loaded plugin ipmanager (category:base,tabindex:5)
2026-04-10 22:26:10,486 [INFO] PluginManage:310 - Check plugin lpbam
2026-04-10 22:26:10,494 [INFO] PluginManage:359 - Loaded plugin lpbam (category:base,tabindex:0)
2026-04-10 22:26:10,494 [INFO] PluginManage:310 - Check plugin memorymap
2026-04-10 22:26:10,504 [INFO] PluginManage:359 - Loaded plugin memorymap (category:base,tabindex:4)
2026-04-10 22:26:10,504 [INFO] PluginManage:310 - Check plugin pinoutandconfiguration
2026-04-10 22:26:10,511 [INFO] PluginManage:359 - Loaded plugin pinoutandconfiguration (category:base,tabindex:1)
2026-04-10 22:26:10,511 [INFO] PluginManage:310 - Check plugin pinoutconfig
2026-04-10 22:26:10,594 [WARN] SupportedApi:132 - Cannot load RTOS API schema: s4s-elt-must-match.1: The content of 'definitions' must match (annotation?, (simpleType | complexType)?, (unique | key | keyref)*)). A problem was found starting at: attribute.
2026-04-10 22:26:10,722 [INFO] PluginManage:359 - Loaded plugin pinoutconfig (category:base,tabindex:0)
2026-04-10 22:26:10,722 [INFO] PluginManage:310 - Check plugin power
2026-04-10 22:26:10,733 [INFO] PluginManage:359 - Loaded plugin power (category:power,tabindex:4)
2026-04-10 22:26:10,733 [INFO] PluginManage:310 - Check plugin projectmanager
2026-04-10 22:26:10,753 [INFO] PluginManage:359 - Loaded plugin projectmanager (category:projectmanager,tabindex:4)
2026-04-10 22:26:10,754 [INFO] PluginManage:310 - Check plugin rif
2026-04-10 22:26:10,760 [INFO] PluginManage:359 - Loaded plugin rif (category:base,tabindex:3)
2026-04-10 22:26:10,761 [INFO] PluginManage:310 - Check plugin thirdparty
2026-04-10 22:26:10,889 [WARN] IntegrityCheckThread:84 - waiting for thirdparty lock release [integrity check]
2026-04-10 22:26:10,889 [INFO] IntegrityCheckThread:86 - entering critical section [integrity check]
2026-04-10 22:26:10,889 [INFO] PluginManage:359 - Loaded plugin thirdparty (category:base,tabindex:-1)
2026-04-10 22:26:10,889 [INFO] PluginManage:310 - Check plugin tools
2026-04-10 22:26:10,890 [INFO] ThirdPartyUpdaterWithRetryManager:70 - Updater plugin not ready yet. [1/15]
2026-04-10 22:26:10,892 [INFO] PluginManage:359 - Loaded plugin tools (category:base,tabindex:7)
2026-04-10 22:26:10,892 [INFO] PluginManage:310 - Check plugin tutovideos
2026-04-10 22:26:11,030 [INFO] PluginManage:359 - Loaded plugin tutovideos (category:base,tabindex:-1)
2026-04-10 22:26:11,031 [INFO] PluginManage:310 - Check plugin updater
2026-04-10 22:26:11,055 [INFO] PluginManage:359 - Loaded plugin updater (category:base,tabindex:12)
2026-04-10 22:26:11,055 [INFO] PluginManage:310 - Check plugin userauth
2026-04-10 22:26:11,059 [INFO] UserAuth:118 - Init User Auth plugin
2026-04-10 22:26:11,060 [INFO] PluginManage:359 - Loaded plugin userauth (category:base,tabindex:14)
2026-04-10 22:26:11,061 [INFO] PluginManage:283 - PluginManage : Loaded plugins [18]
2026-04-10 22:26:11,221 [INFO] PinOutPanel:1589 - setPackage(No Configuration,No Configuration)
2026-04-10 22:26:11,290 [INFO] CADModel:165 - CPN selected for project level
2026-04-10 22:26:11,291 [INFO] CADModel:114 - Register for checkConnection events
2026-04-10 22:26:11,303 [INFO] IPUIPlugin:80 - create IPUIPlugin
2026-04-10 22:26:11,303 [INFO] PluginManager:220 - loadIPPluginJar : add openamp
2026-04-10 22:26:11,310 [INFO] IPUIPlugin:80 - create IPUIPlugin
2026-04-10 22:26:11,310 [INFO] PluginManager:220 - loadIPPluginJar : add pdm2pcm
2026-04-10 22:26:11,314 [INFO] IPUIPlugin:80 - create IPUIPlugin
2026-04-10 22:26:11,316 [INFO] PluginManager:220 - loadIPPluginJar : add touchsensing
2026-04-10 22:26:11,330 [INFO] IPUIPlugin:80 - create IPUIPlugin
2026-04-10 22:26:11,335 [INFO] PluginManager:220 - loadIPPluginJar : add plateformsettings
2026-04-10 22:26:11,344 [INFO] IPUIPlugin:80 - create IPUIPlugin
2026-04-10 22:26:11,344 [INFO] PluginManager:220 - loadIPPluginJar : add resmgrutility
2026-04-10 22:26:11,351 [INFO] IPUIPlugin:80 - create IPUIPlugin
2026-04-10 22:26:11,352 [INFO] PluginManager:220 - loadIPPluginJar : add gic
2026-04-10 22:26:11,354 [INFO] IPUIPlugin:80 - create IPUIPlugin
2026-04-10 22:26:11,354 [INFO] PluginManager:220 - loadIPPluginJar : add genericplugin
2026-04-10 22:26:11,356 [INFO] IPUIPlugin:80 - create IPUIPlugin
2026-04-10 22:26:11,357 [INFO] PluginManager:220 - loadIPPluginJar : add tracer_emb
2026-04-10 22:26:11,360 [INFO] IPUIPlugin:80 - create IPUIPlugin
2026-04-10 22:26:11,360 [INFO] PluginManager:220 - loadIPPluginJar : add extmemmanager
2026-04-10 22:26:11,362 [INFO] IPUIPlugin:80 - create IPUIPlugin
2026-04-10 22:26:11,362 [INFO] PluginManager:220 - loadIPPluginJar : add spi
2026-04-10 22:26:11,370 [INFO] IPUIPlugin:80 - create IPUIPlugin
2026-04-10 22:26:11,370 [INFO] PluginManager:220 - loadIPPluginJar : add linkedlist
2026-04-10 22:26:11,372 [INFO] IPUIPlugin:80 - create IPUIPlugin
2026-04-10 22:26:11,372 [INFO] PluginManager:220 - loadIPPluginJar : add ucpd
2026-04-10 22:26:11,375 [INFO] IPUIPlugin:80 - create IPUIPlugin
2026-04-10 22:26:11,376 [INFO] PluginManager:220 - loadIPPluginJar : add i3c
2026-04-10 22:26:11,379 [INFO] IPUIPlugin:80 - create IPUIPlugin
2026-04-10 22:26:11,379 [INFO] PluginManager:220 - loadIPPluginJar : add hash
2026-04-10 22:26:11,383 [INFO] IPUIPlugin:80 - create IPUIPlugin
2026-04-10 22:26:11,384 [INFO] PluginManager:220 - loadIPPluginJar : add nvic
2026-04-10 22:26:11,388 [INFO] IPUIPlugin:80 - create IPUIPlugin
2026-04-10 22:26:11,388 [INFO] PluginManager:220 - loadIPPluginJar : add usbx
2026-04-10 22:26:11,391 [INFO] IPUIPlugin:80 - create IPUIPlugin
2026-04-10 22:26:11,391 [INFO] PluginManager:220 - loadIPPluginJar : add cryp
2026-04-10 22:26:11,393 [INFO] IPUIPlugin:80 - create IPUIPlugin
2026-04-10 22:26:11,393 [INFO] PluginManager:220 - loadIPPluginJar : add quadspi
2026-04-10 22:26:11,396 [INFO] IPUIPlugin:80 - create IPUIPlugin
2026-04-10 22:26:11,396 [INFO] PluginManager:220 - loadIPPluginJar : add ts
2026-04-10 22:26:11,399 [INFO] IPUIPlugin:80 - create IPUIPlugin
2026-04-10 22:26:11,399 [INFO] PluginManager:220 - loadIPPluginJar : add i2c
2026-04-10 22:26:11,403 [INFO] IPUIPlugin:80 - create IPUIPlugin
2026-04-10 22:26:11,404 [INFO] PluginManager:220 - loadIPPluginJar : add ipddr
2026-04-10 22:26:11,407 [INFO] IPUIPlugin:80 - create IPUIPlugin
2026-04-10 22:26:11,407 [INFO] PluginManager:220 - loadIPPluginJar : add aes
2026-04-10 22:26:11,411 [INFO] IPUIPlugin:80 - create IPUIPlugin
2026-04-10 22:26:11,411 [INFO] PluginManager:220 - loadIPPluginJar : add sai
2026-04-10 22:26:11,414 [INFO] IPUIPlugin:80 - create IPUIPlugin
2026-04-10 22:26:11,414 [INFO] PluginManager:220 - loadIPPluginJar : add dma3
2026-04-10 22:26:11,418 [INFO] IPUIPlugin:80 - create IPUIPlugin
2026-04-10 22:26:11,418 [INFO] PluginManager:220 - loadIPPluginJar : add lorawan
2026-04-10 22:26:11,421 [INFO] IPUIPlugin:80 - create IPUIPlugin
2026-04-10 22:26:11,421 [INFO] PluginManager:220 - loadIPPluginJar : add dfsdm
2026-04-10 22:26:11,424 [INFO] IPUIPlugin:80 - create IPUIPlugin
2026-04-10 22:26:11,425 [INFO] PluginManager:220 - loadIPPluginJar : add gtzc
2026-04-10 22:26:11,428 [INFO] IPUIPlugin:80 - create IPUIPlugin
2026-04-10 22:26:11,428 [INFO] PluginManager:220 - loadIPPluginJar : add can
2026-04-10 22:26:11,434 [INFO] IPUIPlugin:80 - create IPUIPlugin
2026-04-10 22:26:11,435 [INFO] PluginManager:220 - loadIPPluginJar : add freertos
2026-04-10 22:26:11,438 [INFO] IPUIPlugin:80 - create IPUIPlugin
2026-04-10 22:26:11,438 [INFO] PluginManager:220 - loadIPPluginJar : add usart
2026-04-10 22:26:11,444 [INFO] IPUIPlugin:80 - create IPUIPlugin
2026-04-10 22:26:11,444 [INFO] PluginManager:220 - loadIPPluginJar : add fmc
2026-04-10 22:26:11,449 [INFO] IPUIPlugin:80 - create IPUIPlugin
2026-04-10 22:26:11,449 [INFO] PluginManager:220 - loadIPPluginJar : add gpio
2026-04-10 22:26:11,452 [INFO] IPUIPlugin:80 - create IPUIPlugin
2026-04-10 22:26:11,453 [INFO] PluginManager:220 - loadIPPluginJar : add i2s
2026-04-10 22:26:11,461 [INFO] IPUIPlugin:80 - create IPUIPlugin
2026-04-10 22:26:11,461 [INFO] PluginManager:220 - loadIPPluginJar : add mdma
2026-04-10 22:26:11,463 [INFO] IPUIPlugin:80 - create IPUIPlugin
2026-04-10 22:26:11,463 [INFO] PluginManager:220 - loadIPPluginJar : add ltdc
2026-04-10 22:26:11,467 [INFO] IPUIPlugin:80 - create IPUIPlugin
2026-04-10 22:26:11,467 [INFO] PluginManager:220 - loadIPPluginJar : add opamp
2026-04-10 22:26:11,475 [INFO] IPUIPlugin:80 - create IPUIPlugin
2026-04-10 22:26:11,475 [INFO] PluginManager:220 - loadIPPluginJar : add adc
2026-04-10 22:26:11,478 [INFO] IPUIPlugin:80 - create IPUIPlugin
2026-04-10 22:26:11,478 [INFO] PluginManager:220 - loadIPPluginJar : add ddr_ctrl_phy
2026-04-10 22:26:11,486 [INFO] IPUIPlugin:80 - create IPUIPlugin
2026-04-10 22:26:11,486 [INFO] PluginManager:220 - loadIPPluginJar : add stm32_wpan
2026-04-10 22:26:11,494 [INFO] IPUIPlugin:80 - create IPUIPlugin
2026-04-10 22:26:11,494 [INFO] PluginManager:220 - loadIPPluginJar : add dma
2026-04-10 22:26:11,496 [INFO] IPUIPlugin:80 - create IPUIPlugin
2026-04-10 22:26:11,496 [INFO] PluginManager:220 - loadIPPluginJar : add tsc
2026-04-10 22:26:11,498 [INFO] IPUIPlugin:80 - create IPUIPlugin
2026-04-10 22:26:11,498 [INFO] PluginManager:220 - loadIPPluginJar : add comp
2026-04-10 22:26:11,500 [INFO] IPUIPlugin:80 - create IPUIPlugin
2026-04-10 22:26:11,500 [INFO] PluginManager:220 - loadIPPluginJar : add fatfs
2026-04-10 22:26:11,502 [INFO] IPUIPlugin:80 - create IPUIPlugin
2026-04-10 22:26:11,502 [INFO] PluginManager:220 - loadIPPluginJar : add tim
2026-04-10 22:26:11,505 [INFO] IPUIPlugin:80 - create IPUIPlugin
2026-04-10 22:26:11,505 [INFO] PluginManager:220 - loadIPPluginJar : add gfxmmu
2026-04-10 22:26:11,507 [INFO] IPUIPlugin:80 - create IPUIPlugin
2026-04-10 22:26:11,508 [INFO] PluginManager:220 - loadIPPluginJar : add radio
2026-04-10 22:26:11,629 [FATAL] Updater:351 - Updater called before beeing initialized
2026-04-10 22:26:11,662 [INFO] RulesReader:64 - Compatibility file has been processed (302 Rules)
2026-04-10 22:26:11,678 [INFO] RulesReader:64 - Compatibility file has been processed (302 Rules)
2026-04-10 22:26:11,688 [INFO] CADModel:165 - CPN selected for project level
2026-04-10 22:26:11,688 [INFO] CADModel:114 - Register for checkConnection events
2026-04-10 22:26:11,688 [FATAL] Updater:351 - Updater called before beeing initialized
2026-04-10 22:26:11,688 [ERROR] CADModel:125 - Updater not yet initialized, retry later 
2026-04-10 22:26:11,873 [FATAL] Updater:351 - Updater called before beeing initialized
2026-04-10 22:26:11,875 [INFO] CADModel:165 - CPN selected for project level
2026-04-10 22:26:11,875 [INFO] CADModel:114 - Register for checkConnection events
2026-04-10 22:26:11,875 [FATAL] Updater:351 - Updater called before beeing initialized
2026-04-10 22:26:11,875 [ERROR] CADModel:125 - Updater not yet initialized, retry later 
2026-04-10 22:26:11,880 [FATAL] Updater:351 - Updater called before beeing initialized
2026-04-10 22:26:12,030 [FATAL] Updater:351 - Updater called before beeing initialized
2026-04-10 22:26:12,035 [INFO] DbMcusAds:53 - JSON generation date=Tue Apr 07 14:33:18 ICT 2026 (1775547198297)
2026-04-10 22:26:12,036 [FATAL] Updater:351 - Updater called before beeing initialized
2026-04-10 22:26:12,096 [WARN] DetailPanel:346 - Failed to get advertising image, set to default
2026-04-10 22:26:12,405 [FATAL] Updater:351 - Updater called before beeing initialized
2026-04-10 22:26:12,406 [FATAL] Updater:351 - Updater called before beeing initialized
2026-04-10 22:26:12,406 [FATAL] Updater:351 - Updater called before beeing initialized
2026-04-10 22:26:12,407 [WARN] DetailPanel:346 - Failed to get advertising image, set to default
2026-04-10 22:26:12,408 [FATAL] Updater:351 - Updater called before beeing initialized
2026-04-10 22:26:12,445 [ERROR] Updater:1198 - MainUpdater not yet initialized. External WinMGr cannot be set.
2026-04-10 22:26:12,446 [INFO] Updater:1134 - Updater Version found : 6.14.1
2026-04-10 22:26:12,462 [INFO] ApplicationProperties:184 - Using Application install path: /opt/st/stm32cubeide_1.18.1/plugins/com.st.stm32cube.common.mx_6.14.1.202504091515
2026-04-10 22:26:12,872 [INFO] MainUpdater:2872 - connection check result : 10
2026-04-10 22:26:12,873 [INFO] MainUpdater:289 - Updater Check For Update Now.
2026-04-10 22:26:12,873 [INFO] MicroXplorer:498 - Change Database Version : DB.6.0.141
2026-04-10 22:26:12,883 [INFO] McuFinderGlobals:63 - Set McuFinder mode to 2 (CubeIDE integrated)
2026-04-10 22:26:12,884 [INFO] UserAuth:484 - Internet connection configuration mode: 1
2026-04-10 22:26:12,938 [INFO] JxBrowserEngine:152 - Initiate JxBrowser Engine with user profile folder
2026-04-10 22:26:13,210 [INFO] CheckServerUpdateThread:120 - End of CheckServer Thread
2026-04-10 22:26:13,896 [INFO] WebApp:169 - Instantiating new browser for Auth
2026-04-10 22:26:14,381 [WARN] PackLoader:240 - Cannot read IP mode file for STMicroelectronics.X-CUBE-AZRTOS-H7.3.5.0
2026-04-10 22:26:14,422 [WARN] PackLoader:240 - Cannot read IP mode file for STMicroelectronics.FP-ATR-ASTRA1.2.0.2
2026-04-10 22:26:14,443 [WARN] PackLoader:240 - Cannot read IP mode file for STMicroelectronics.X-CUBE-SMBUS.2.1.0
2026-04-10 22:26:14,618 [WARN] PackLoader:240 - Cannot read IP mode file for STMicroelectronics.X-CUBE-AZRTOS-F7.1.1.0
2026-04-10 22:26:14,643 [ERROR] Engine:466 - /home/vatcraft/.stm32cubemx/thirdparties/pdsc/STMicroelectronics.FP-SNS-MOTENV1.5.1.0.pdsc: PDSC version is not supported
2026-04-10 22:26:14,652 [ERROR] Engine:466 - /home/vatcraft/.stm32cubemx/thirdparties/pdsc/WES.I-CUBE-Cesium.1.4.0.pdsc: PDSC version is not supported
2026-04-10 22:26:14,674 [WARN] PackLoader:240 - Cannot read IP mode file for STMicroelectronics.X-CUBE-DISPLAY.3.0.0
2026-04-10 22:26:14,702 [ERROR] Engine:466 - /home/vatcraft/.stm32cubemx/thirdparties/pdsc/STMicroelectronics.FP-SNS-MOTENVWB1.1.5.0.pdsc: PDSC version is not supported
2026-04-10 22:26:14,717 [WARN] PackLoader:240 - Cannot read IP mode file for STMicroelectronics.X-CUBE-NFC10.1.0.0
2026-04-10 22:26:14,734 [WARN] PackLoader:240 - Cannot read IP mode file for STMicroelectronics.X-CUBE-ST60.1.1.0
2026-04-10 22:26:14,748 [WARN] PackLoader:240 - Cannot read IP mode file for emotas.I-CUBE-CANOPEN.1.3.0
2026-04-10 22:26:14,761 [WARN] PackLoader:240 - Cannot read IP mode file for STMicroelectronics.X-CUBE-GNSS1.7.1.0
2026-04-10 22:26:14,773 [ERROR] Engine:466 - /home/vatcraft/.stm32cubemx/thirdparties/pdsc/STMicroelectronics.FP-SNS-STBOX1.2.1.0.pdsc: PDSC version is not supported
2026-04-10 22:26:14,782 [WARN] PackLoader:240 - Cannot read IP mode file for STMicroelectronics.FP-SNS-SMARTAG2.1.2.0
2026-04-10 22:26:14,788 [WARN] PackLoader:240 - Cannot read IP mode file for STMicroelectronics.FP-SNS-FLIGHT1.5.1.0
2026-04-10 22:26:14,807 [INFO] LogOutputStream:77 - [STDOUT_REDIRECT] 1 : Invalid condition id : UX_CORESTACK_Condition cause : null
2026-04-10 22:26:14,811 [INFO] LogOutputStream:77 - [STDOUT_REDIRECT] 1 : Invalid condition id : UX_CORESTACK_Condition cause : null
2026-04-10 22:26:14,812 [INFO] LogOutputStream:77 - [STDOUT_REDIRECT] 1 : Invalid condition id : UX_CORESTACK_Condition cause : null
2026-04-10 22:26:14,812 [INFO] LogOutputStream:77 - [STDOUT_REDIRECT] 1 : Invalid condition id : UX_CORESTACK_Condition cause : null
2026-04-10 22:26:14,812 [INFO] LogOutputStream:77 - [STDOUT_REDIRECT] 1 : Invalid condition id : UX_CORESTACK_Condition cause : null
2026-04-10 22:26:14,825 [WARN] PackLoader:240 - Cannot read IP mode file for STMicroelectronics.X-CUBE-AZRTOS-WL.2.0.0
2026-04-10 22:26:14,885 [WARN] PackLoader:240 - Cannot read IP mode file for STMicroelectronics.X-CUBE-AZRTOS-H7RS.1.2.0
2026-04-10 22:26:14,894 [WARN] PackLoader:240 - Cannot read IP mode file for STMicroelectronics.X-CUBE-BLE2.3.3.0
2026-04-10 22:26:14,946 [WARN] PackLoader:240 - Cannot read IP mode file for Infineon.AIROC-Wi-Fi-Bluetooth-STM32.1.8.0
2026-04-10 22:26:14,959 [WARN] PackLoader:240 - Cannot read IP mode file for STMicroelectronics.X-CUBE-NFC9.1.0.0
2026-04-10 22:26:14,966 [WARN] PackLoader:240 - Cannot read IP mode file for STMicroelectronics.X-CUBE-BLE1.7.1.0
2026-04-10 22:26:14,969 [WARN] PackLoader:240 - Cannot read IP mode file for wolfSSL.I-CUBE-wolfMQTT.1.19.2
2026-04-10 22:26:14,975 [WARN] PackLoader:240 - Cannot read IP mode file for STMicroelectronics.X-CUBE-EEPRMA1.5.2.0
2026-04-10 22:26:14,981 [WARN] PackLoader:240 - Cannot read IP mode file for wolfSSL.I-CUBE-wolfSSL.5.8.4
2026-04-10 22:26:14,984 [WARN] PackLoader:240 - Cannot read IP mode file for Cesanta.I-CUBE-Mongoose.7.20.0
2026-04-10 22:26:15,042 [WARN] PackLoader:240 - Cannot read IP mode file for STMicroelectronics.X-CUBE-MEMS1.12.0.0
2026-04-10 22:26:15,222 [WARN] PackLoader:240 - Cannot read IP mode file for STMicroelectronics.X-CUBE-AZRTOS-G0.1.1.0
2026-04-10 22:26:15,236 [WARN] PackLoader:240 - Cannot read IP mode file for STMicroelectronics.X-CUBE-NFC4.3.0.0
2026-04-10 22:26:15,255 [WARN] PackLoader:240 - Cannot read IP mode file for EmbeddedOffice.I-CUBE-FS-RTOS.1.0.1
2026-04-10 22:26:15,266 [WARN] PackLoader:240 - Cannot read IP mode file for STMicroelectronics.X-CUBE-WB05N.2.0.0
2026-04-10 22:26:15,277 [WARN] PackLoader:240 - Cannot read IP mode file for wolfSSL.I-CUBE-wolfTPM.3.8.0
2026-04-10 22:26:15,289 [WARN] PackLoader:240 - Cannot read IP mode file for STMicroelectronics.X-CUBE-TCPP.4.2.0
2026-04-10 22:26:15,305 [WARN] PackLoader:240 - Cannot read IP mode file for RealThread.X-CUBE-RT-Thread_Nano.4.1.1
2026-04-10 22:26:15,313 [WARN] PackLoader:240 - Cannot read IP mode file for STMicroelectronics.FP-ATR-SIGFOX1.3.2.0
2026-04-10 22:26:15,320 [ERROR] Engine:466 - /home/vatcraft/.stm32cubemx/thirdparties/pdsc/STMicroelectronics.X-CUBE-FREERTOS.1.5.0.pdsc: PDSC version is not supported
2026-04-10 22:26:15,341 [WARN] PackLoader:240 - Cannot read IP mode file for ITTIA_DB.I-CUBE-ITTIADB.8.9.0
2026-04-10 22:26:15,363 [WARN] PackLoader:240 - Cannot read IP mode file for STMicroelectronics.X-CUBE-NFC6.3.2.0
2026-04-10 22:26:15,379 [WARN] PackLoader:240 - Cannot read IP mode file for STMicroelectronics.X-CUBE-AI.10.2.0
2026-04-10 22:26:15,561 [WARN] PackLoader:240 - Cannot read IP mode file for SEGGER.I-CUBE-embOS.1.3.1
2026-04-10 22:26:15,691 [INFO] WebApp:463 - Apply proxy settings
2026-04-10 22:26:15,691 [INFO] WebApp:548 - Chromium requires no authentication
2026-04-10 22:26:15,715 [INFO] WebApp:491 - Direct internet connection detected
2026-04-10 22:26:15,765 [WARN] PackLoader:240 - Cannot read IP mode file for STMicroelectronics.X-CUBE-ALGOBUILD.1.4.0
2026-04-10 22:26:15,773 [WARN] PackLoader:240 - Cannot read IP mode file for STMicroelectronics.X-CUBE-PM33A1.1.0.0
2026-04-10 22:26:15,787 [INFO] WebApp:894 - Register for checkConnection events
2026-04-10 22:26:15,787 [INFO] WebApp:463 - Apply proxy settings
2026-04-10 22:26:15,787 [INFO] WebApp:548 - Chromium requires no authentication
2026-04-10 22:26:15,790 [INFO] WebApp:491 - Direct internet connection detected
2026-04-10 22:26:15,824 [WARN] PackLoader:240 - Cannot read IP mode file for STMicroelectronics.X-CUBE-AZRTOS-F4.1.1.0
2026-04-10 22:26:15,832 [WARN] PackLoader:240 - Cannot read IP mode file for STMicroelectronics.X-CUBE-ISPU.2.1.0
2026-04-10 22:26:15,839 [ERROR] Engine:466 - /home/vatcraft/.stm32cubemx/thirdparties/pdsc/STMicroelectronics.X-CUBE-IPS.3.2.0.pdsc: PDSC version is not supported
2026-04-10 22:26:15,842 [WARN] PackLoader:240 - Cannot read IP mode file for STMicroelectronics.eDS-WB_DPC_TT-BIDIR.2.1.1
2026-04-10 22:26:15,849 [WARN] PackLoader:240 - Cannot read IP mode file for STMicroelectronics.X-CUBE-NFC12.1.0.0
2026-04-10 22:26:15,874 [WARN] PackLoader:240 - Cannot read IP mode file for STMicroelectronics.X-CUBE-AZRTOS-L5.2.0.0
2026-04-10 22:26:15,881 [WARN] PackLoader:240 - Cannot read IP mode file for STMicroelectronics.eDS-WB_DPC_VIENNA.1.2.0
2026-04-10 22:26:15,884 [WARN] PackLoader:240 - Cannot read IP mode file for STMicroelectronics.eDS-WB_DPC_3PH2L-BIDIR.1.1.1
2026-04-10 22:26:15,888 [WARN] PackLoader:240 - Cannot read IP mode file for STMicroelectronics.X-CUBE-TOUCHGFX.4.26.1
2026-04-10 22:26:15,893 [WARN] PackLoader:240 - Cannot read IP mode file for STMicroelectronics.FP-SNS-STAIOTCFT.1.0.0
2026-04-10 22:26:15,899 [WARN] PackLoader:240 - Cannot read IP mode file for STMicroelectronics.X-CUBE-DPower.1.3.0
2026-04-10 22:26:15,930 [WARN] ConditionMgr:438 - getConditionDescription Invalid condition id : LAN8742 Phy interface Condition cause : null
2026-04-10 22:26:15,932 [WARN] PackLoader:240 - Cannot read IP mode file for STMicroelectronics.X-CUBE-AZRTOS-L4.2.0.0
2026-04-10 22:26:15,937 [WARN] ConditionMgr:1044 - genDependencies : Invalid condition id : LAN8742 Phy interface Condition cause : null
2026-04-10 22:26:15,938 [WARN] ConditionMgr:1044 - genDependencies : Invalid condition id : LAN8742 Phy interface Condition cause : null
2026-04-10 22:26:15,942 [WARN] ConditionMgr:1044 - genDependencies : Invalid condition id : LAN8742 Phy interface Condition cause : null
2026-04-10 22:26:15,953 [WARN] PackLoader:240 - Cannot read IP mode file for STMicroelectronics.X-CUBE-SFXS2LP1.4.0.0
2026-04-10 22:26:15,966 [WARN] PackLoader:240 - Cannot read IP mode file for STMicroelectronics.X-CUBE-WB05N.2.1.0
2026-04-10 22:26:15,978 [ERROR] Engine:466 - /home/vatcraft/.stm32cubemx/thirdparties/pdsc/STMicroelectronics.X-CUBE-ST67W61.1.2.0.pdsc: PDSC version is not supported
2026-04-10 22:26:16,006 [WARN] PackLoader:240 - Cannot read IP mode file for STMicroelectronics.X-CUBE-BLEMGR.4.1.0
2026-04-10 22:26:16,035 [INFO] WebApp:191 - Connection restablished
2026-04-10 22:26:16,042 [WARN] ConditionMgr:438 - getConditionDescription Invalid condition id : UX DEVICE CLASS RTOS Condition cause : null
2026-04-10 22:26:16,044 [WARN] ConditionMgr:438 - getConditionDescription Invalid condition id : UX DEVICE CLASS RTOS Condition cause : null
2026-04-10 22:26:16,052 [WARN] PackLoader:240 - Cannot read IP mode file for STMicroelectronics.X-CUBE-AZRTOS-WB.2.0.0
2026-04-10 22:26:16,053 [WARN] ConditionMgr:1044 - genDependencies : Invalid condition id : UX DEVICE CLASS RTOS Condition cause : null
2026-04-10 22:26:16,056 [WARN] ConditionMgr:1044 - genDependencies : Invalid condition id : UX DEVICE CLASS RTOS Condition cause : null
2026-04-10 22:26:16,057 [WARN] ConditionMgr:1044 - genDependencies : Invalid condition id : UX DEVICE CLASS RTOS Condition cause : null
2026-04-10 22:26:16,057 [WARN] ConditionMgr:1044 - genDependencies : Invalid condition id : UX DEVICE CLASS RTOS Condition cause : null
2026-04-10 22:26:16,058 [WARN] ConditionMgr:1044 - genDependencies : Invalid condition id : UX DEVICE CLASS RTOS Condition cause : null
2026-04-10 22:26:16,073 [WARN] ConditionMgr:438 - getConditionDescription Invalid condition id : Cortex-A Device cause : null
2026-04-10 22:26:16,090 [WARN] ConditionMgr:1044 - genDependencies : Invalid condition id : Cortex-A Device cause : null
2026-04-10 22:26:16,091 [WARN] ConditionMgr:1044 - genDependencies : Invalid condition id : Cortex-A Device cause : null
2026-04-10 22:26:16,092 [WARN] ConditionMgr:1044 - genDependencies : Invalid condition id : Cortex-A Device cause : null
2026-04-10 22:26:16,102 [WARN] PackLoader:240 - Cannot read IP mode file for STMicroelectronics.X-CUBE-STSE01.2.0.0
2026-04-10 22:26:16,115 [WARN] PackLoader:240 - Cannot read IP mode file for STMicroelectronics.X-CUBE-SUBG2.5.0.0
2026-04-10 22:26:16,137 [WARN] PackLoader:240 - Cannot read IP mode file for STMicroelectronics.X-CUBE-AZRTOS-G4.2.0.0
2026-04-10 22:26:16,142 [WARN] PackLoader:240 - Cannot read IP mode file for wolfSSL.I-CUBE-wolfSSH.1.4.20
2026-04-10 22:26:16,146 [WARN] PackLoader:240 - Cannot read IP mode file for STMicroelectronics.X-CUBE-NFC7.2.0.0
2026-04-10 22:26:16,150 [WARN] PackLoader:240 - Cannot read IP mode file for STMicroelectronics.X-CUBE-ALS.1.0.2
2026-04-10 22:26:16,166 [WARN] PackLoader:240 - Cannot read IP mode file for STMicroelectronics.X-CUBE-TOF1.3.4.3
2026-04-10 22:26:16,184 [INFO] ThirdParty:978 - Integrity check success = true
2026-04-10 22:26:16,184 [INFO] IntegrityCheckThread:100 - exiting critical section [integrity check]
2026-04-10 22:26:16,184 [INFO] IntegrityCheckThread:103 - End integrity checks thread
2026-04-10 22:26:16,246 [INFO] WebApp:225 - Starting web application
2026-04-10 22:26:16,246 [INFO] WebApp:593 - Web application path used /opt/st/stm32cubeide_1.18.1/plugins/com.st.stm32cube.common.mx_6.14.1.202504091515/db/plugins/mcufinder/reactClient1/index.html
2026-04-10 22:26:16,505 [INFO] UserAuth:484 - Internet connection configuration mode: 1
2026-04-10 22:29:04,592 [ERROR] LogOutputStream:75 - [STDERR_REDIRECT] SLF4J: Failed to load class "org.slf4j.impl.StaticLoggerBinder".
2026-04-10 22:29:04,592 [ERROR] LogOutputStream:75 - [STDERR_REDIRECT] SLF4J: Defaulting to no-operation (NOP) logger implementation
2026-04-10 22:29:04,593 [ERROR] LogOutputStream:75 - [STDERR_REDIRECT] SLF4J: See http://www.slf4j.org/codes.html#StaticLoggerBinder for further details.
2026-04-10 22:44:12,556 [ERROR] LogOutputStream:75 - [STDERR_REDIRECT] [Fatal Error] :443:13: An invalid XML character (Unicode: 0xdd10) was found in the CDATA section.
2026-04-10 22:44:12,558 [ERROR] LogOutputStream:75 - [STDERR_REDIRECT] 
2026-04-10 22:44:23,345 [ERROR] LogOutputStream:75 - [STDERR_REDIRECT] [Fatal Error] :443:13: An invalid XML character (Unicode: 0xdd10) was found in the CDATA section.
2026-04-10 22:44:23,347 [ERROR] LogOutputStream:75 - [STDERR_REDIRECT] 
2026-04-10 23:02:03,088 [ERROR] LogOutputStream:75 - [STDERR_REDIRECT] [Fatal Error] :443:13: An invalid XML character (Unicode: 0xdd10) was found in the CDATA section.
2026-04-10 23:02:03,098 [ERROR] LogOutputStream:75 - [STDERR_REDIRECT] 
2026-04-10 23:07:33,324 [ERROR] LogOutputStream:75 - [STDERR_REDIRECT] 
2026-04-10 23:07:42,212 [INFO] Activator:176 - 


2026-04-10 23:07:42,214 [INFO] Activator:177 - !SESSION log4j initialized
2026-04-10 23:07:47,639 [INFO] LogOutputStream:77 - [STDOUT_REDIRECT] 
2026-04-10 23:07:49,521 [INFO] ApplicationProperties:184 - Using Application install path: /opt/st/stm32cubeide_1.18.1/plugins/com.st.stm32cube.common.mx_6.14.1.202504091515
2026-04-10 23:07:49,540 [INFO] DbMcusXml:78 - Set database path to: /opt/st/stm32cubeide_1.18.1/plugins/com.st.stm32cube.common.mx_6.14.1.202504091515//db//mcu/
2026-04-10 23:07:49,540 [INFO] ApiDb:274 - Set plugin database path to: /opt/st/stm32cubeide_1.18.1/plugins/com.st.stm32cube.common.mx_6.14.1.202504091515//db//plugins/boardmanager/
2026-04-10 23:07:49,541 [WARN] ApiDb:259 - Overriding images path with different value:  => /opt/st/stm32cubeide_1.18.1/plugins/com.st.stm32cube.common.mx_6.14.1.202504091515//db//plugins/mcufinder/images/
2026-04-10 23:07:49,545 [INFO] ApiDb:250 - Set database path to: /home/vatcraft/.stmcufinder/plugins/mcufinder//mcu/
2026-04-10 23:07:49,547 [INFO] DbMcusAds:125 - Set database path to: /home/vatcraft/.stmcufinder/plugins/mcufinder//mcu/
2026-04-10 23:07:50,550 [INFO] CrossReferenceDbSqlite:203 - Set database path to: /home/vatcraft/.stmcufinder/plugins/mcufinder//mcu/cs/
2026-04-10 23:07:50,708 [INFO] RulesReader:64 - Compatibility file has been processed (302 Rules)
2026-04-10 23:07:50,784 [INFO] DbMcusXml:78 - Set database path to: /opt/st/stm32cubeide_1.18.1/plugins/com.st.stm32cube.common.mx_6.14.1.202504091515//db//mcu/
2026-04-10 23:07:50,784 [INFO] ApiDb:274 - Set plugin database path to: /opt/st/stm32cubeide_1.18.1/plugins/com.st.stm32cube.common.mx_6.14.1.202504091515//db//plugins/boardmanager/
2026-04-10 23:07:50,784 [INFO] ApiDb:261 - Set plugin images path to: /opt/st/stm32cubeide_1.18.1/plugins/com.st.stm32cube.common.mx_6.14.1.202504091515//db//plugins/mcufinder/images/
2026-04-10 23:07:50,784 [WARN] DbFile:41 - Overriding database path with different value: /home/vatcraft/.stmcufinder/plugins/mcufinder/ => /home/vatcraft/.stmcufinder/plugins/mcufinder
2026-04-10 23:07:50,785 [INFO] ApiDb:250 - Set database path to: /home/vatcraft/.stmcufinder/plugins/mcufinder//mcu/
2026-04-10 23:07:50,785 [WARN] DbFile:41 - Overriding database path with different value: /home/vatcraft/.stmcufinder/plugins/mcufinder/ => /home/vatcraft/.stmcufinder/plugins/mcufinder
2026-04-10 23:07:50,785 [INFO] DbMcusAds:125 - Set database path to: /home/vatcraft/.stmcufinder/plugins/mcufinder//mcu/
2026-04-10 23:07:50,785 [WARN] DbFile:41 - Overriding database path with different value: /home/vatcraft/.stmcufinder/plugins/mcufinder/ => /home/vatcraft/.stmcufinder/plugins/mcufinder
2026-04-10 23:07:50,785 [WARN] DbFile:41 - Overriding database path with different value: /home/vatcraft/.stmcufinder/plugins/mcufinder/ => /home/vatcraft/.stmcufinder/plugins/mcufinder
2026-04-10 23:07:51,787 [INFO] CrossReferenceDbSqlite:203 - Set database path to: /home/vatcraft/.stmcufinder/plugins/mcufinder//mcu/cs/
2026-04-10 23:07:51,869 [INFO] MainPanel:272 - HeapMemory: 268435456
2026-04-10 23:07:52,004 [INFO] DbMcusXml:78 - Set database path to: /opt/st/stm32cubeide_1.18.1/plugins/com.st.stm32cube.common.mx_6.14.1.202504091515//db//mcu/
2026-04-10 23:07:52,004 [INFO] ApiDb:274 - Set plugin database path to: /opt/st/stm32cubeide_1.18.1/plugins/com.st.stm32cube.common.mx_6.14.1.202504091515//db//plugins/boardmanager/
2026-04-10 23:07:52,004 [INFO] ApiDb:261 - Set plugin images path to: /opt/st/stm32cubeide_1.18.1/plugins/com.st.stm32cube.common.mx_6.14.1.202504091515//db//plugins/mcufinder/images/
2026-04-10 23:07:52,004 [WARN] DbFile:41 - Overriding database path with different value: /home/vatcraft/.stmcufinder/plugins/mcufinder/ => /home/vatcraft/.stmcufinder/plugins/mcufinder
2026-04-10 23:07:52,005 [INFO] ApiDb:250 - Set database path to: /home/vatcraft/.stmcufinder/plugins/mcufinder//mcu/
2026-04-10 23:07:52,005 [WARN] DbFile:41 - Overriding database path with different value: /home/vatcraft/.stmcufinder/plugins/mcufinder/ => /home/vatcraft/.stmcufinder/plugins/mcufinder
2026-04-10 23:07:52,005 [INFO] DbMcusAds:125 - Set database path to: /home/vatcraft/.stmcufinder/plugins/mcufinder//mcu/
2026-04-10 23:07:52,005 [WARN] DbFile:41 - Overriding database path with different value: /home/vatcraft/.stmcufinder/plugins/mcufinder/ => /home/vatcraft/.stmcufinder/plugins/mcufinder
2026-04-10 23:07:52,005 [WARN] DbFile:41 - Overriding database path with different value: /home/vatcraft/.stmcufinder/plugins/mcufinder/ => /home/vatcraft/.stmcufinder/plugins/mcufinder
2026-04-10 23:07:53,006 [INFO] CrossReferenceDbSqlite:203 - Set database path to: /home/vatcraft/.stmcufinder/plugins/mcufinder//mcu/cs/
2026-04-10 23:07:53,058 [INFO] ApplicationProperties:184 - Using Application install path: /opt/st/stm32cubeide_1.18.1/plugins/com.st.stm32cube.common.mx_6.14.1.202504091515
2026-04-10 23:07:53,060 [INFO] PluginManage:196 - Search for loadable plugins [exclusion list=, ]
2026-04-10 23:07:53,062 [INFO] PluginManage:310 - Check plugin analytics
2026-04-10 23:07:54,267 [INFO] AnalyticsPlugin:253 - Accepted Software Licenses: 
2026-04-10 23:07:54,267 [INFO] AnalyticsPlugin:255 - Accepted CMSIS Pack Licenses: 
2026-04-10 23:07:54,268 [INFO] AnalyticsPlugin:257 - Accepted Firmware Licenses: FW.F4.1.28.0,FW.L4.1.18.0
2026-04-10 23:07:54,271 [INFO] PluginManage:359 - Loaded plugin analytics (category:tool,tabindex:-1)
2026-04-10 23:07:54,272 [INFO] PluginManage:310 - Check plugin cadmodel
2026-04-10 23:07:54,277 [INFO] CADModel:105 - Init CAD model plugin
2026-04-10 23:07:54,277 [INFO] PluginManage:359 - Loaded plugin cadmodel (category:power,tabindex:5)
2026-04-10 23:07:54,277 [INFO] PluginManage:310 - Check plugin clock
2026-04-10 23:07:54,287 [INFO] PluginManage:359 - Loaded plugin clock (category:base,tabindex:2)
2026-04-10 23:07:54,287 [INFO] PluginManage:310 - Check plugin ddr
2026-04-10 23:07:54,290 [INFO] PluginManage:359 - Loaded plugin ddr (category:tool,tabindex:6)
2026-04-10 23:07:54,290 [INFO] PluginManage:310 - Check plugin filemanager
2026-04-10 23:07:54,426 [INFO] PluginManage:359 - Loaded plugin filemanager (category:base,tabindex:10)
2026-04-10 23:07:54,426 [INFO] PluginManage:310 - Check plugin ipmanager
2026-04-10 23:07:54,431 [INFO] PluginManage:359 - Loaded plugin ipmanager (category:base,tabindex:5)
2026-04-10 23:07:54,432 [INFO] PluginManage:310 - Check plugin lpbam
2026-04-10 23:07:54,442 [INFO] PluginManage:359 - Loaded plugin lpbam (category:base,tabindex:0)
2026-04-10 23:07:54,442 [INFO] PluginManage:310 - Check plugin memorymap
2026-04-10 23:07:54,455 [INFO] PluginManage:359 - Loaded plugin memorymap (category:base,tabindex:4)
2026-04-10 23:07:54,455 [INFO] PluginManage:310 - Check plugin pinoutandconfiguration
2026-04-10 23:07:54,464 [INFO] PluginManage:359 - Loaded plugin pinoutandconfiguration (category:base,tabindex:1)
2026-04-10 23:07:54,464 [INFO] PluginManage:310 - Check plugin pinoutconfig
2026-04-10 23:07:54,541 [WARN] SupportedApi:132 - Cannot load RTOS API schema: s4s-elt-must-match.1: The content of 'definitions' must match (annotation?, (simpleType | complexType)?, (unique | key | keyref)*)). A problem was found starting at: attribute.
2026-04-10 23:07:54,696 [INFO] PluginManage:359 - Loaded plugin pinoutconfig (category:base,tabindex:0)
2026-04-10 23:07:54,696 [INFO] PluginManage:310 - Check plugin power
2026-04-10 23:07:54,706 [INFO] PluginManage:359 - Loaded plugin power (category:power,tabindex:4)
2026-04-10 23:07:54,706 [INFO] PluginManage:310 - Check plugin projectmanager
2026-04-10 23:07:54,724 [INFO] PluginManage:359 - Loaded plugin projectmanager (category:projectmanager,tabindex:4)
2026-04-10 23:07:54,724 [INFO] PluginManage:310 - Check plugin rif
2026-04-10 23:07:54,731 [INFO] PluginManage:359 - Loaded plugin rif (category:base,tabindex:3)
2026-04-10 23:07:54,732 [INFO] PluginManage:310 - Check plugin thirdparty
2026-04-10 23:07:54,876 [WARN] IntegrityCheckThread:84 - waiting for thirdparty lock release [integrity check]
2026-04-10 23:07:54,876 [INFO] PluginManage:359 - Loaded plugin thirdparty (category:base,tabindex:-1)
2026-04-10 23:07:54,877 [INFO] PluginManage:310 - Check plugin tools
2026-04-10 23:07:54,877 [INFO] IntegrityCheckThread:86 - entering critical section [integrity check]
2026-04-10 23:07:54,878 [INFO] ThirdPartyUpdaterWithRetryManager:70 - Updater plugin not ready yet. [1/15]
2026-04-10 23:07:54,879 [INFO] PluginManage:359 - Loaded plugin tools (category:base,tabindex:7)
2026-04-10 23:07:54,879 [INFO] PluginManage:310 - Check plugin tutovideos
2026-04-10 23:07:55,040 [INFO] PluginManage:359 - Loaded plugin tutovideos (category:base,tabindex:-1)
2026-04-10 23:07:55,040 [INFO] PluginManage:310 - Check plugin updater
2026-04-10 23:07:55,068 [INFO] PluginManage:359 - Loaded plugin updater (category:base,tabindex:12)
2026-04-10 23:07:55,068 [INFO] PluginManage:310 - Check plugin userauth
2026-04-10 23:07:55,073 [INFO] UserAuth:118 - Init User Auth plugin
2026-04-10 23:07:55,073 [INFO] PluginManage:359 - Loaded plugin userauth (category:base,tabindex:14)
2026-04-10 23:07:55,074 [INFO] PluginManage:283 - PluginManage : Loaded plugins [18]
2026-04-10 23:07:55,268 [INFO] PinOutPanel:1589 - setPackage(No Configuration,No Configuration)
2026-04-10 23:07:55,336 [INFO] CADModel:165 - CPN selected for project level
2026-04-10 23:07:55,336 [INFO] CADModel:114 - Register for checkConnection events
2026-04-10 23:07:55,348 [INFO] IPUIPlugin:80 - create IPUIPlugin
2026-04-10 23:07:55,348 [INFO] PluginManager:220 - loadIPPluginJar : add openamp
2026-04-10 23:07:55,353 [INFO] IPUIPlugin:80 - create IPUIPlugin
2026-04-10 23:07:55,354 [INFO] PluginManager:220 - loadIPPluginJar : add pdm2pcm
2026-04-10 23:07:55,357 [INFO] IPUIPlugin:80 - create IPUIPlugin
2026-04-10 23:07:55,357 [INFO] PluginManager:220 - loadIPPluginJar : add touchsensing
2026-04-10 23:07:55,366 [INFO] IPUIPlugin:80 - create IPUIPlugin
2026-04-10 23:07:55,369 [INFO] PluginManager:220 - loadIPPluginJar : add plateformsettings
2026-04-10 23:07:55,374 [INFO] IPUIPlugin:80 - create IPUIPlugin
2026-04-10 23:07:55,374 [INFO] PluginManager:220 - loadIPPluginJar : add resmgrutility
2026-04-10 23:07:55,380 [INFO] IPUIPlugin:80 - create IPUIPlugin
2026-04-10 23:07:55,381 [INFO] PluginManager:220 - loadIPPluginJar : add gic
2026-04-10 23:07:55,382 [INFO] IPUIPlugin:80 - create IPUIPlugin
2026-04-10 23:07:55,383 [INFO] PluginManager:220 - loadIPPluginJar : add genericplugin
2026-04-10 23:07:55,384 [INFO] IPUIPlugin:80 - create IPUIPlugin
2026-04-10 23:07:55,385 [INFO] PluginManager:220 - loadIPPluginJar : add tracer_emb
2026-04-10 23:07:55,388 [INFO] IPUIPlugin:80 - create IPUIPlugin
2026-04-10 23:07:55,388 [INFO] PluginManager:220 - loadIPPluginJar : add extmemmanager
2026-04-10 23:07:55,390 [INFO] IPUIPlugin:80 - create IPUIPlugin
2026-04-10 23:07:55,390 [INFO] PluginManager:220 - loadIPPluginJar : add spi
2026-04-10 23:07:55,398 [INFO] IPUIPlugin:80 - create IPUIPlugin
2026-04-10 23:07:55,399 [INFO] PluginManager:220 - loadIPPluginJar : add linkedlist
2026-04-10 23:07:55,401 [INFO] IPUIPlugin:80 - create IPUIPlugin
2026-04-10 23:07:55,401 [INFO] PluginManager:220 - loadIPPluginJar : add ucpd
2026-04-10 23:07:55,404 [INFO] IPUIPlugin:80 - create IPUIPlugin
2026-04-10 23:07:55,404 [INFO] PluginManager:220 - loadIPPluginJar : add i3c
2026-04-10 23:07:55,406 [INFO] IPUIPlugin:80 - create IPUIPlugin
2026-04-10 23:07:55,406 [INFO] PluginManager:220 - loadIPPluginJar : add hash
2026-04-10 23:07:55,411 [INFO] IPUIPlugin:80 - create IPUIPlugin
2026-04-10 23:07:55,411 [INFO] PluginManager:220 - loadIPPluginJar : add nvic
2026-04-10 23:07:55,414 [INFO] IPUIPlugin:80 - create IPUIPlugin
2026-04-10 23:07:55,414 [INFO] PluginManager:220 - loadIPPluginJar : add usbx
2026-04-10 23:07:55,417 [INFO] IPUIPlugin:80 - create IPUIPlugin
2026-04-10 23:07:55,417 [INFO] PluginManager:220 - loadIPPluginJar : add cryp
2026-04-10 23:07:55,419 [INFO] IPUIPlugin:80 - create IPUIPlugin
2026-04-10 23:07:55,419 [INFO] PluginManager:220 - loadIPPluginJar : add quadspi
2026-04-10 23:07:55,421 [INFO] IPUIPlugin:80 - create IPUIPlugin
2026-04-10 23:07:55,421 [INFO] PluginManager:220 - loadIPPluginJar : add ts
2026-04-10 23:07:55,424 [INFO] IPUIPlugin:80 - create IPUIPlugin
2026-04-10 23:07:55,424 [INFO] PluginManager:220 - loadIPPluginJar : add i2c
2026-04-10 23:07:55,427 [INFO] IPUIPlugin:80 - create IPUIPlugin
2026-04-10 23:07:55,427 [INFO] PluginManager:220 - loadIPPluginJar : add ipddr
2026-04-10 23:07:55,430 [INFO] IPUIPlugin:80 - create IPUIPlugin
2026-04-10 23:07:55,430 [INFO] PluginManager:220 - loadIPPluginJar : add aes
2026-04-10 23:07:55,433 [INFO] IPUIPlugin:80 - create IPUIPlugin
2026-04-10 23:07:55,433 [INFO] PluginManager:220 - loadIPPluginJar : add sai
2026-04-10 23:07:55,436 [INFO] IPUIPlugin:80 - create IPUIPlugin
2026-04-10 23:07:55,436 [INFO] PluginManager:220 - loadIPPluginJar : add dma3
2026-04-10 23:07:55,439 [INFO] IPUIPlugin:80 - create IPUIPlugin
2026-04-10 23:07:55,439 [INFO] PluginManager:220 - loadIPPluginJar : add lorawan
2026-04-10 23:07:55,442 [INFO] IPUIPlugin:80 - create IPUIPlugin
2026-04-10 23:07:55,442 [INFO] PluginManager:220 - loadIPPluginJar : add dfsdm
2026-04-10 23:07:55,445 [INFO] IPUIPlugin:80 - create IPUIPlugin
2026-04-10 23:07:55,445 [INFO] PluginManager:220 - loadIPPluginJar : add gtzc
2026-04-10 23:07:55,448 [INFO] IPUIPlugin:80 - create IPUIPlugin
2026-04-10 23:07:55,448 [INFO] PluginManager:220 - loadIPPluginJar : add can
2026-04-10 23:07:55,454 [INFO] IPUIPlugin:80 - create IPUIPlugin
2026-04-10 23:07:55,454 [INFO] PluginManager:220 - loadIPPluginJar : add freertos
2026-04-10 23:07:55,457 [INFO] IPUIPlugin:80 - create IPUIPlugin
2026-04-10 23:07:55,458 [INFO] PluginManager:220 - loadIPPluginJar : add usart
2026-04-10 23:07:55,462 [INFO] IPUIPlugin:80 - create IPUIPlugin
2026-04-10 23:07:55,463 [INFO] PluginManager:220 - loadIPPluginJar : add fmc
2026-04-10 23:07:55,468 [INFO] IPUIPlugin:80 - create IPUIPlugin
2026-04-10 23:07:55,468 [INFO] PluginManager:220 - loadIPPluginJar : add gpio
2026-04-10 23:07:55,470 [INFO] IPUIPlugin:80 - create IPUIPlugin
2026-04-10 23:07:55,471 [INFO] PluginManager:220 - loadIPPluginJar : add i2s
2026-04-10 23:07:55,478 [INFO] IPUIPlugin:80 - create IPUIPlugin
2026-04-10 23:07:55,478 [INFO] PluginManager:220 - loadIPPluginJar : add mdma
2026-04-10 23:07:55,480 [INFO] IPUIPlugin:80 - create IPUIPlugin
2026-04-10 23:07:55,480 [INFO] PluginManager:220 - loadIPPluginJar : add ltdc
2026-04-10 23:07:55,484 [INFO] IPUIPlugin:80 - create IPUIPlugin
2026-04-10 23:07:55,484 [INFO] PluginManager:220 - loadIPPluginJar : add opamp
2026-04-10 23:07:55,491 [INFO] IPUIPlugin:80 - create IPUIPlugin
2026-04-10 23:07:55,491 [INFO] PluginManager:220 - loadIPPluginJar : add adc
2026-04-10 23:07:55,494 [INFO] IPUIPlugin:80 - create IPUIPlugin
2026-04-10 23:07:55,494 [INFO] PluginManager:220 - loadIPPluginJar : add ddr_ctrl_phy
2026-04-10 23:07:55,501 [INFO] IPUIPlugin:80 - create IPUIPlugin
2026-04-10 23:07:55,502 [INFO] PluginManager:220 - loadIPPluginJar : add stm32_wpan
2026-04-10 23:07:55,508 [INFO] IPUIPlugin:80 - create IPUIPlugin
2026-04-10 23:07:55,508 [INFO] PluginManager:220 - loadIPPluginJar : add dma
2026-04-10 23:07:55,510 [INFO] IPUIPlugin:80 - create IPUIPlugin
2026-04-10 23:07:55,510 [INFO] PluginManager:220 - loadIPPluginJar : add tsc
2026-04-10 23:07:55,512 [INFO] IPUIPlugin:80 - create IPUIPlugin
2026-04-10 23:07:55,512 [INFO] PluginManager:220 - loadIPPluginJar : add comp
2026-04-10 23:07:55,514 [INFO] IPUIPlugin:80 - create IPUIPlugin
2026-04-10 23:07:55,514 [INFO] PluginManager:220 - loadIPPluginJar : add fatfs
2026-04-10 23:07:55,517 [INFO] IPUIPlugin:80 - create IPUIPlugin
2026-04-10 23:07:55,517 [INFO] PluginManager:220 - loadIPPluginJar : add tim
2026-04-10 23:07:55,519 [INFO] IPUIPlugin:80 - create IPUIPlugin
2026-04-10 23:07:55,520 [INFO] PluginManager:220 - loadIPPluginJar : add gfxmmu
2026-04-10 23:07:55,522 [INFO] IPUIPlugin:80 - create IPUIPlugin
2026-04-10 23:07:55,522 [INFO] PluginManager:220 - loadIPPluginJar : add radio
2026-04-10 23:07:55,636 [FATAL] Updater:351 - Updater called before beeing initialized
2026-04-10 23:07:55,671 [INFO] RulesReader:64 - Compatibility file has been processed (302 Rules)
2026-04-10 23:07:55,687 [INFO] RulesReader:64 - Compatibility file has been processed (302 Rules)
2026-04-10 23:07:55,695 [INFO] CADModel:165 - CPN selected for project level
2026-04-10 23:07:55,695 [INFO] CADModel:114 - Register for checkConnection events
2026-04-10 23:07:55,696 [FATAL] Updater:351 - Updater called before beeing initialized
2026-04-10 23:07:55,696 [ERROR] CADModel:125 - Updater not yet initialized, retry later 
2026-04-10 23:07:55,868 [FATAL] Updater:351 - Updater called before beeing initialized
2026-04-10 23:07:55,870 [INFO] CADModel:165 - CPN selected for project level
2026-04-10 23:07:55,870 [INFO] CADModel:114 - Register for checkConnection events
2026-04-10 23:07:55,871 [FATAL] Updater:351 - Updater called before beeing initialized
2026-04-10 23:07:55,871 [ERROR] CADModel:125 - Updater not yet initialized, retry later 
2026-04-10 23:07:55,875 [FATAL] Updater:351 - Updater called before beeing initialized
2026-04-10 23:07:56,064 [FATAL] Updater:351 - Updater called before beeing initialized
2026-04-10 23:07:56,070 [INFO] DbMcusAds:53 - JSON generation date=Tue Apr 07 14:33:18 ICT 2026 (1775547198297)
2026-04-10 23:07:56,070 [FATAL] Updater:351 - Updater called before beeing initialized
2026-04-10 23:07:56,132 [WARN] DetailPanel:346 - Failed to get advertising image, set to default
2026-04-10 23:07:56,461 [FATAL] Updater:351 - Updater called before beeing initialized
2026-04-10 23:07:56,463 [FATAL] Updater:351 - Updater called before beeing initialized
2026-04-10 23:07:56,463 [FATAL] Updater:351 - Updater called before beeing initialized
2026-04-10 23:07:56,463 [WARN] DetailPanel:346 - Failed to get advertising image, set to default
2026-04-10 23:07:56,465 [FATAL] Updater:351 - Updater called before beeing initialized
2026-04-10 23:07:56,501 [ERROR] Updater:1198 - MainUpdater not yet initialized. External WinMGr cannot be set.
2026-04-10 23:07:56,503 [INFO] Updater:1134 - Updater Version found : 6.14.1
2026-04-10 23:07:56,521 [INFO] ApplicationProperties:184 - Using Application install path: /opt/st/stm32cubeide_1.18.1/plugins/com.st.stm32cube.common.mx_6.14.1.202504091515
2026-04-10 23:07:56,855 [INFO] MainUpdater:2872 - connection check result : 10
2026-04-10 23:07:56,856 [INFO] MainUpdater:289 - Updater Check For Update Now.
2026-04-10 23:07:56,856 [INFO] MicroXplorer:498 - Change Database Version : DB.6.0.141
2026-04-10 23:07:56,864 [INFO] McuFinderGlobals:63 - Set McuFinder mode to 2 (CubeIDE integrated)
2026-04-10 23:07:56,865 [INFO] UserAuth:484 - Internet connection configuration mode: 1
2026-04-10 23:07:56,894 [INFO] JxBrowserEngine:152 - Initiate JxBrowser Engine with user profile folder
2026-04-10 23:07:57,080 [INFO] CheckServerUpdateThread:120 - End of CheckServer Thread
2026-04-10 23:07:57,662 [INFO] WebApp:169 - Instantiating new browser for Auth
2026-04-10 23:07:58,145 [WARN] PackLoader:240 - Cannot read IP mode file for STMicroelectronics.X-CUBE-AZRTOS-H7.3.5.0
2026-04-10 23:07:58,160 [WARN] PackLoader:240 - Cannot read IP mode file for STMicroelectronics.FP-ATR-ASTRA1.2.0.2
2026-04-10 23:07:58,167 [WARN] PackLoader:240 - Cannot read IP mode file for STMicroelectronics.X-CUBE-SMBUS.2.1.0
2026-04-10 23:07:58,216 [WARN] PackLoader:240 - Cannot read IP mode file for STMicroelectronics.X-CUBE-AZRTOS-F7.1.1.0
2026-04-10 23:07:58,233 [ERROR] Engine:466 - /home/vatcraft/.stm32cubemx/thirdparties/pdsc/STMicroelectronics.FP-SNS-MOTENV1.5.1.0.pdsc: PDSC version is not supported
2026-04-10 23:07:58,243 [ERROR] Engine:466 - /home/vatcraft/.stm32cubemx/thirdparties/pdsc/WES.I-CUBE-Cesium.1.4.0.pdsc: PDSC version is not supported
2026-04-10 23:07:58,262 [WARN] PackLoader:240 - Cannot read IP mode file for STMicroelectronics.X-CUBE-DISPLAY.3.0.0
2026-04-10 23:07:58,285 [ERROR] Engine:466 - /home/vatcraft/.stm32cubemx/thirdparties/pdsc/STMicroelectronics.FP-SNS-MOTENVWB1.1.5.0.pdsc: PDSC version is not supported
2026-04-10 23:07:58,299 [WARN] PackLoader:240 - Cannot read IP mode file for STMicroelectronics.X-CUBE-NFC10.1.0.0
2026-04-10 23:07:58,314 [WARN] PackLoader:240 - Cannot read IP mode file for STMicroelectronics.X-CUBE-ST60.1.1.0
2026-04-10 23:07:58,328 [WARN] PackLoader:240 - Cannot read IP mode file for emotas.I-CUBE-CANOPEN.1.3.0
2026-04-10 23:07:58,338 [WARN] PackLoader:240 - Cannot read IP mode file for STMicroelectronics.X-CUBE-GNSS1.7.1.0
2026-04-10 23:07:58,348 [ERROR] Engine:466 - /home/vatcraft/.stm32cubemx/thirdparties/pdsc/STMicroelectronics.FP-SNS-STBOX1.2.1.0.pdsc: PDSC version is not supported
2026-04-10 23:07:58,353 [WARN] PackLoader:240 - Cannot read IP mode file for STMicroelectronics.FP-SNS-SMARTAG2.1.2.0
2026-04-10 23:07:58,359 [WARN] PackLoader:240 - Cannot read IP mode file for STMicroelectronics.FP-SNS-FLIGHT1.5.1.0
2026-04-10 23:07:58,379 [INFO] LogOutputStream:77 - [STDOUT_REDIRECT] 1 : Invalid condition id : UX_CORESTACK_Condition cause : null
2026-04-10 23:07:58,380 [INFO] LogOutputStream:77 - [STDOUT_REDIRECT] 1 : Invalid condition id : UX_CORESTACK_Condition cause : null
2026-04-10 23:07:58,380 [INFO] LogOutputStream:77 - [STDOUT_REDIRECT] 1 : Invalid condition id : UX_CORESTACK_Condition cause : null
2026-04-10 23:07:58,380 [INFO] LogOutputStream:77 - [STDOUT_REDIRECT] 1 : Invalid condition id : UX_CORESTACK_Condition cause : null
2026-04-10 23:07:58,381 [INFO] LogOutputStream:77 - [STDOUT_REDIRECT] 1 : Invalid condition id : UX_CORESTACK_Condition cause : null
2026-04-10 23:07:58,387 [WARN] PackLoader:240 - Cannot read IP mode file for STMicroelectronics.X-CUBE-AZRTOS-WL.2.0.0
2026-04-10 23:07:58,426 [WARN] PackLoader:240 - Cannot read IP mode file for STMicroelectronics.X-CUBE-AZRTOS-H7RS.1.2.0
2026-04-10 23:07:58,457 [WARN] PackLoader:240 - Cannot read IP mode file for STMicroelectronics.X-CUBE-BLE2.3.3.0
2026-04-10 23:07:58,526 [WARN] PackLoader:240 - Cannot read IP mode file for Infineon.AIROC-Wi-Fi-Bluetooth-STM32.1.8.0
2026-04-10 23:07:58,547 [WARN] PackLoader:240 - Cannot read IP mode file for STMicroelectronics.X-CUBE-NFC9.1.0.0
2026-04-10 23:07:58,564 [WARN] PackLoader:240 - Cannot read IP mode file for STMicroelectronics.X-CUBE-BLE1.7.1.0
2026-04-10 23:07:58,569 [WARN] PackLoader:240 - Cannot read IP mode file for wolfSSL.I-CUBE-wolfMQTT.1.19.2
2026-04-10 23:07:58,587 [WARN] PackLoader:240 - Cannot read IP mode file for STMicroelectronics.X-CUBE-EEPRMA1.5.2.0
2026-04-10 23:07:58,600 [WARN] PackLoader:240 - Cannot read IP mode file for wolfSSL.I-CUBE-wolfSSL.5.8.4
2026-04-10 23:07:58,604 [WARN] PackLoader:240 - Cannot read IP mode file for Cesanta.I-CUBE-Mongoose.7.20.0
2026-04-10 23:07:58,708 [INFO] WebApp:463 - Apply proxy settings
2026-04-10 23:07:58,708 [INFO] WebApp:548 - Chromium requires no authentication
2026-04-10 23:07:58,714 [WARN] PackLoader:240 - Cannot read IP mode file for STMicroelectronics.X-CUBE-MEMS1.12.0.0
2026-04-10 23:07:58,724 [INFO] WebApp:491 - Direct internet connection detected
2026-04-10 23:07:58,776 [INFO] WebApp:894 - Register for checkConnection events
2026-04-10 23:07:58,776 [INFO] WebApp:463 - Apply proxy settings
2026-04-10 23:07:58,776 [INFO] WebApp:548 - Chromium requires no authentication
2026-04-10 23:07:58,777 [INFO] WebApp:491 - Direct internet connection detected
2026-04-10 23:07:58,921 [WARN] PackLoader:240 - Cannot read IP mode file for STMicroelectronics.X-CUBE-AZRTOS-G0.1.1.0
2026-04-10 23:07:58,929 [WARN] PackLoader:240 - Cannot read IP mode file for STMicroelectronics.X-CUBE-NFC4.3.0.0
2026-04-10 23:07:58,941 [WARN] PackLoader:240 - Cannot read IP mode file for EmbeddedOffice.I-CUBE-FS-RTOS.1.0.1
2026-04-10 23:07:58,948 [WARN] PackLoader:240 - Cannot read IP mode file for STMicroelectronics.X-CUBE-WB05N.2.0.0
2026-04-10 23:07:58,953 [WARN] PackLoader:240 - Cannot read IP mode file for wolfSSL.I-CUBE-wolfTPM.3.8.0
2026-04-10 23:07:58,970 [WARN] PackLoader:240 - Cannot read IP mode file for STMicroelectronics.X-CUBE-TCPP.4.2.0
2026-04-10 23:07:58,984 [WARN] PackLoader:240 - Cannot read IP mode file for RealThread.X-CUBE-RT-Thread_Nano.4.1.1
2026-04-10 23:07:58,994 [WARN] PackLoader:240 - Cannot read IP mode file for STMicroelectronics.FP-ATR-SIGFOX1.3.2.0
2026-04-10 23:07:58,999 [ERROR] Engine:466 - /home/vatcraft/.stm32cubemx/thirdparties/pdsc/STMicroelectronics.X-CUBE-FREERTOS.1.5.0.pdsc: PDSC version is not supported
2026-04-10 23:07:59,009 [WARN] PackLoader:240 - Cannot read IP mode file for ITTIA_DB.I-CUBE-ITTIADB.8.9.0
2026-04-10 23:07:59,024 [WARN] PackLoader:240 - Cannot read IP mode file for STMicroelectronics.X-CUBE-NFC6.3.2.0
2026-04-10 23:07:59,031 [INFO] WebApp:191 - Connection restablished
2026-04-10 23:07:59,040 [WARN] PackLoader:240 - Cannot read IP mode file for STMicroelectronics.X-CUBE-AI.10.2.0
2026-04-10 23:07:59,135 [WARN] PackLoader:240 - Cannot read IP mode file for SEGGER.I-CUBE-embOS.1.3.1
2026-04-10 23:07:59,276 [WARN] PackLoader:240 - Cannot read IP mode file for STMicroelectronics.X-CUBE-ALGOBUILD.1.4.0
2026-04-10 23:07:59,284 [WARN] PackLoader:240 - Cannot read IP mode file for STMicroelectronics.X-CUBE-PM33A1.1.0.0
2026-04-10 23:07:59,325 [INFO] WebApp:225 - Starting web application
2026-04-10 23:07:59,329 [INFO] WebApp:593 - Web application path used /opt/st/stm32cubeide_1.18.1/plugins/com.st.stm32cube.common.mx_6.14.1.202504091515/db/plugins/mcufinder/reactClient1/index.html
2026-04-10 23:07:59,333 [WARN] PackLoader:240 - Cannot read IP mode file for STMicroelectronics.X-CUBE-AZRTOS-F4.1.1.0
2026-04-10 23:07:59,360 [WARN] PackLoader:240 - Cannot read IP mode file for STMicroelectronics.X-CUBE-ISPU.2.1.0
2026-04-10 23:07:59,375 [ERROR] Engine:466 - /home/vatcraft/.stm32cubemx/thirdparties/pdsc/STMicroelectronics.X-CUBE-IPS.3.2.0.pdsc: PDSC version is not supported
2026-04-10 23:07:59,381 [WARN] PackLoader:240 - Cannot read IP mode file for STMicroelectronics.eDS-WB_DPC_TT-BIDIR.2.1.1
2026-04-10 23:07:59,397 [WARN] PackLoader:240 - Cannot read IP mode file for STMicroelectronics.X-CUBE-NFC12.1.0.0
2026-04-10 23:07:59,455 [WARN] PackLoader:240 - Cannot read IP mode file for STMicroelectronics.X-CUBE-AZRTOS-L5.2.0.0
2026-04-10 23:07:59,469 [WARN] PackLoader:240 - Cannot read IP mode file for STMicroelectronics.eDS-WB_DPC_VIENNA.1.2.0
2026-04-10 23:07:59,475 [WARN] PackLoader:240 - Cannot read IP mode file for STMicroelectronics.eDS-WB_DPC_3PH2L-BIDIR.1.1.1
2026-04-10 23:07:59,486 [WARN] PackLoader:240 - Cannot read IP mode file for STMicroelectronics.X-CUBE-TOUCHGFX.4.26.1
2026-04-10 23:07:59,541 [WARN] PackLoader:240 - Cannot read IP mode file for STMicroelectronics.FP-SNS-STAIOTCFT.1.0.0
2026-04-10 23:07:59,560 [WARN] PackLoader:240 - Cannot read IP mode file for STMicroelectronics.X-CUBE-DPower.1.3.0
2026-04-10 23:07:59,626 [WARN] ConditionMgr:438 - getConditionDescription Invalid condition id : LAN8742 Phy interface Condition cause : null
2026-04-10 23:07:59,627 [WARN] PackLoader:240 - Cannot read IP mode file for STMicroelectronics.X-CUBE-AZRTOS-L4.2.0.0
2026-04-10 23:07:59,630 [WARN] ConditionMgr:1044 - genDependencies : Invalid condition id : LAN8742 Phy interface Condition cause : null
2026-04-10 23:07:59,631 [WARN] ConditionMgr:1044 - genDependencies : Invalid condition id : LAN8742 Phy interface Condition cause : null
2026-04-10 23:07:59,632 [WARN] ConditionMgr:1044 - genDependencies : Invalid condition id : LAN8742 Phy interface Condition cause : null
2026-04-10 23:07:59,643 [WARN] PackLoader:240 - Cannot read IP mode file for STMicroelectronics.X-CUBE-SFXS2LP1.4.0.0
2026-04-10 23:07:59,654 [WARN] PackLoader:240 - Cannot read IP mode file for STMicroelectronics.X-CUBE-WB05N.2.1.0
2026-04-10 23:07:59,664 [ERROR] Engine:466 - /home/vatcraft/.stm32cubemx/thirdparties/pdsc/STMicroelectronics.X-CUBE-ST67W61.1.2.0.pdsc: PDSC version is not supported
2026-04-10 23:07:59,677 [INFO] UserAuth:484 - Internet connection configuration mode: 1
2026-04-10 23:07:59,700 [WARN] PackLoader:240 - Cannot read IP mode file for STMicroelectronics.X-CUBE-BLEMGR.4.1.0
2026-04-10 23:07:59,739 [WARN] ConditionMgr:438 - getConditionDescription Invalid condition id : UX DEVICE CLASS RTOS Condition cause : null
2026-04-10 23:07:59,742 [WARN] ConditionMgr:438 - getConditionDescription Invalid condition id : UX DEVICE CLASS RTOS Condition cause : null
2026-04-10 23:07:59,749 [WARN] PackLoader:240 - Cannot read IP mode file for STMicroelectronics.X-CUBE-AZRTOS-WB.2.0.0
2026-04-10 23:07:59,753 [WARN] ConditionMgr:1044 - genDependencies : Invalid condition id : UX DEVICE CLASS RTOS Condition cause : null
2026-04-10 23:07:59,753 [WARN] ConditionMgr:1044 - genDependencies : Invalid condition id : UX DEVICE CLASS RTOS Condition cause : null
2026-04-10 23:07:59,754 [WARN] ConditionMgr:1044 - genDependencies : Invalid condition id : UX DEVICE CLASS RTOS Condition cause : null
2026-04-10 23:07:59,754 [WARN] ConditionMgr:1044 - genDependencies : Invalid condition id : UX DEVICE CLASS RTOS Condition cause : null
2026-04-10 23:07:59,755 [WARN] ConditionMgr:1044 - genDependencies : Invalid condition id : UX DEVICE CLASS RTOS Condition cause : null
2026-04-10 23:07:59,768 [WARN] ConditionMgr:438 - getConditionDescription Invalid condition id : Cortex-A Device cause : null
2026-04-10 23:07:59,787 [WARN] ConditionMgr:1044 - genDependencies : Invalid condition id : Cortex-A Device cause : null
2026-04-10 23:07:59,787 [WARN] ConditionMgr:1044 - genDependencies : Invalid condition id : Cortex-A Device cause : null
2026-04-10 23:07:59,794 [WARN] ConditionMgr:1044 - genDependencies : Invalid condition id : Cortex-A Device cause : null
2026-04-10 23:07:59,814 [WARN] PackLoader:240 - Cannot read IP mode file for STMicroelectronics.X-CUBE-STSE01.2.0.0
2026-04-10 23:07:59,866 [WARN] PackLoader:240 - Cannot read IP mode file for STMicroelectronics.X-CUBE-SUBG2.5.0.0
2026-04-10 23:07:59,942 [WARN] PackLoader:240 - Cannot read IP mode file for STMicroelectronics.X-CUBE-AZRTOS-G4.2.0.0
2026-04-10 23:07:59,955 [WARN] PackLoader:240 - Cannot read IP mode file for wolfSSL.I-CUBE-wolfSSH.1.4.20
2026-04-10 23:07:59,970 [WARN] PackLoader:240 - Cannot read IP mode file for STMicroelectronics.X-CUBE-NFC7.2.0.0
2026-04-10 23:07:59,974 [WARN] PackLoader:240 - Cannot read IP mode file for STMicroelectronics.X-CUBE-ALS.1.0.2
2026-04-10 23:08:00,016 [WARN] PackLoader:240 - Cannot read IP mode file for STMicroelectronics.X-CUBE-TOF1.3.4.3
2026-04-10 23:08:00,057 [INFO] ThirdParty:978 - Integrity check success = true
2026-04-10 23:08:00,058 [INFO] IntegrityCheckThread:100 - exiting critical section [integrity check]
2026-04-10 23:08:00,058 [INFO] IntegrityCheckThread:103 - End integrity checks thread
